<?xml version="1.0" encoding="utf-8"?><testsuites><testsuite name="pytest" errors="0" failures="0" skipped="1" tests="1835" time="536.302" timestamp="2023-03-22T16:18:35.703341" hostname="Ariels-MacBook-Pro-2.local"><testcase classname="mitiq.benchmarks.tests.test_ghz_circuits" name="test_ghz_circuits[1]" time="0.003" /><testcase classname="mitiq.benchmarks.tests.test_ghz_circuits" name="test_ghz_circuits[5]" time="0.003" /><testcase classname="mitiq.benchmarks.tests.test_ghz_circuits" name="test_ghz_value_error" time="0.001" /><testcase classname="mitiq.cdr.tests.test_cdr" name="test_mitigated_execute_with_cdr[4-kwargs1-linear_fit_function_no_intercept-pyquil]" time="1.434" /><testcase classname="mitiq.calibration.tests.test_calibration" name="test_logging" time="17.797" /><testcase classname="mitiq.cdr.tests.test_cdr" name="test_decorator_execute_with_cdr[1-kwargs0-linear_fit_function_no_intercept-cirq]" time="0.128" /><testcase classname="mitiq.cdr.tests.test_clifford_training_data" name="test_generate_training_circuits_mega[kwargs0-gaussian-uniform]" time="0.088" /><testcase classname="mitiq.cdr.tests.test_cdr" name="test_decorator_execute_with_cdr[4-kwargs0-linear_fit_function-qiskit]" time="6.657" /><testcase classname="mitiq.benchmarks.tests.test_ghz_circuits" name="test_ghz_conversion[cirq]" time="0.001" /><testcase classname="mitiq.benchmarks.tests.test_ghz_circuits" name="test_ghz_conversion[pyquil]" time="0.057" /><testcase classname="mitiq.cdr.tests.test_cdr" name="test_execute_with_cdr[3-kwargs0-linear_fit_function_no_intercept-braket]" time="0.253" /><testcase classname="mitiq.cdr.tests.test_cdr" name="test_mitigated_execute_with_cdr[1-kwargs1-linear_fit_function_no_intercept-pennylane]" time="28.155" /><testcase classname="mitiq.benchmarks.tests.test_ghz_circuits" name="test_ghz_conversion[qiskit]" time="0.095" /><testcase classname="mitiq.cdr.tests.test_clifford_training_data" name="test_generate_training_circuits_mega[kwargs0-gaussian-gaussian]" time="0.138" /><testcase classname="mitiq.cdr.tests.test_cdr" name="test_decorator_execute_with_cdr[1-kwargs0-linear_fit_function_no_intercept-pyquil]" time="0.389" /><testcase classname="mitiq.benchmarks.tests.test_ghz_circuits" name="test_ghz_conversion[braket]" time="0.001" /><testcase classname="mitiq.benchmarks.tests.test_ghz_circuits" name="test_ghz_conversion[pennylane]" time="0.482" /><testcase classname="mitiq.cdr.tests.test_clifford_training_data" name="test_generate_training_circuits_mega[kwargs0-closest-uniform]" time="0.025" /><testcase classname="mitiq.cdr.tests.test_cdr" name="test_execute_with_cdr[3-kwargs0-linear_fit_function_no_intercept-pennylane]" time="8.133" /><testcase classname="mitiq.cdr.tests.test_clifford_training_data" name="test_generate_training_circuits_mega[kwargs0-closest-gaussian]" time="0.070" /><testcase classname="mitiq.cdr.tests.test_clifford_training_data" name="test_generate_training_circuits_mega[kwargs1-uniform-uniform]" time="0.023" /><testcase classname="mitiq.cdr.tests.test_clifford_training_data" name="test_generate_training_circuits_mega[kwargs1-uniform-gaussian]" time="0.081" /><testcase classname="mitiq.cdr.tests.test_clifford_training_data" name="test_generate_training_circuits_mega[kwargs1-gaussian-uniform]" time="0.076" /><testcase classname="mitiq.cdr.tests.test_cdr" name="test_decorator_execute_with_cdr[1-kwargs0-linear_fit_function_no_intercept-qiskit]" time="7.090" /><testcase classname="mitiq.cdr.tests.test_clifford_training_data" name="test_generate_training_circuits_mega[kwargs1-gaussian-gaussian]" time="0.133" /><testcase classname="mitiq.benchmarks.tests.test_mirror_circuits" name="test_random_paulis[graph0]" time="0.003" /><testcase classname="mitiq.cdr.tests.test_clifford_training_data" name="test_generate_training_circuits_mega[kwargs1-closest-uniform]" time="0.024" /><testcase classname="mitiq.benchmarks.tests.test_mirror_circuits" name="test_random_paulis[graph1]" time="0.005" /><testcase classname="mitiq.benchmarks.tests.test_mirror_circuits" name="test_edge_grab" time="0.002" /><testcase classname="mitiq.benchmarks.tests.test_mirror_circuits" name="test_random_cliffords" time="0.004" /><testcase classname="mitiq.benchmarks.tests.test_mirror_circuits" name="test_random_single_cliffords" time="0.002" /><testcase classname="mitiq.benchmarks.tests.test_mirror_circuits" name="test_generate_mirror_circuit[depth_twoqprob_graph0]" time="0.145" /><testcase classname="mitiq.cdr.tests.test_clifford_training_data" name="test_generate_training_circuits_mega[kwargs1-closest-gaussian]" time="0.081" /><testcase classname="mitiq.cdr.tests.test_clifford_training_data" name="test_select[uniform]" time="0.003" /><testcase classname="mitiq.cdr.tests.test_clifford_training_data" name="test_select[gaussian]" time="0.005" /><testcase classname="mitiq.cdr.tests.test_clifford_utils" name="test_is_clifford_with_clifford[cirq]" time="0.001" /><testcase classname="mitiq.cdr.tests.test_clifford_utils" name="test_is_clifford_with_clifford[pyquil]" time="0.035" /><testcase classname="mitiq.cdr.tests.test_clifford_utils" name="test_is_clifford_with_clifford[qiskit]" time="0.118" /><testcase classname="mitiq.benchmarks.tests.test_mirror_circuits" name="test_generate_mirror_circuit[depth_twoqprob_graph1]" time="0.206" /><testcase classname="mitiq.cdr.tests.test_clifford_utils" name="test_is_clifford_with_clifford[braket]" time="0.001" /><testcase classname="mitiq.cdr.tests.test_clifford_utils" name="test_is_clifford_with_clifford[pennylane]" time="0.522" /><testcase classname="mitiq.benchmarks.tests.test_mirror_circuits" name="test_generate_mirror_circuit[depth_twoqprob_graph2]" time="0.284" /><testcase classname="mitiq.benchmarks.tests.test_mirror_circuits" name="test_mirror_circuit_seeding[0]" time="0.280" /><testcase classname="mitiq.cdr.tests.test_cdr" name="test_mitigated_execute_with_cdr[4-kwargs1-linear_fit_function_no_intercept-qiskit]" time="24.596" /><testcase classname="mitiq.cdr.tests.test_clifford_utils" name="test_is_clifford_with_nonclifford[cirq]" time="0.001" /><testcase classname="mitiq.cdr.tests.test_clifford_utils" name="test_is_clifford_with_nonclifford[pyquil]" time="0.021" /><testcase classname="mitiq.cdr.tests.test_clifford_utils" name="test_is_clifford_with_nonclifford[qiskit]" time="0.111" /><testcase classname="mitiq.cdr.tests.test_clifford_utils" name="test_is_clifford_with_nonclifford[braket]" time="0.005" /><testcase classname="mitiq.benchmarks.tests.test_mirror_circuits" name="test_mirror_circuit_seeding[3]" time="0.253" /><testcase classname="mitiq.cdr.tests.test_clifford_utils" name="test_is_clifford_with_nonclifford[pennylane]" time="0.113" /><testcase classname="mitiq.cdr.tests.test_clifford_utils" name="test_count_non_cliffords[cirq]" time="0.003" /><testcase classname="mitiq.cdr.tests.test_clifford_utils" name="test_count_non_cliffords[pyquil]" time="0.005" /><testcase classname="mitiq.cdr.tests.test_clifford_utils" name="test_count_non_cliffords[qiskit]" time="0.099" /><testcase classname="mitiq.cdr.tests.test_clifford_utils" name="test_count_non_cliffords[braket]" time="0.007" /><testcase classname="mitiq.cdr.tests.test_clifford_utils" name="test_count_non_cliffords[pennylane]" time="0.132" /><testcase classname="mitiq.benchmarks.tests.test_mirror_circuits" name="test_mirror_circuits_conversions[cirq]" time="0.036" /><testcase classname="mitiq.benchmarks.tests.test_mirror_circuits" name="test_mirror_circuits_conversions[pyquil]" time="0.104" /><testcase classname="mitiq.cdr.tests.test_clifford_utils" name="test_count_non_cliffords_empty_circuit" time="0.000" /><testcase classname="mitiq.cdr.tests.test_clifford_utils" name="test_is_clifford_angle" time="0.001" /><testcase classname="mitiq.cdr.tests.test_clifford_utils" name="test_closest_clifford" time="0.009" /><testcase classname="mitiq.cdr.tests.test_clifford_utils" name="test_random_clifford" time="0.003" /><testcase classname="mitiq.cdr.tests.test_clifford_utils" name="test_angle_to_proximities" time="0.016" /><testcase classname="mitiq.benchmarks.tests.test_mirror_circuits" name="test_mirror_circuits_conversions[qiskit]" time="0.189" /><testcase classname="mitiq.cdr.tests.test_clifford_utils" name="test_angle_to_proximity" time="0.010" /><testcase classname="mitiq.cdr.tests.test_clifford_utils" name="test_probabilistic_angles_to_clifford" time="0.027" /><testcase classname="mitiq.cdr.tests.test_data_regression" name="test_linear_fit_function[1]" time="0.002" /><testcase classname="mitiq.cdr.tests.test_data_regression" name="test_linear_fit_function[3]" time="0.001" /><testcase classname="mitiq.ddd.rules.tests.test_rules" name="test_general_sequences[gates0-4]" time="0.001" /><testcase classname="mitiq.ddd.rules.tests.test_rules" name="test_general_sequences[gates0-5]" time="0.001" /><testcase classname="mitiq.ddd.rules.tests.test_rules" name="test_general_sequences[gates0-8]" time="0.006" /><testcase classname="mitiq.ddd.rules.tests.test_rules" name="test_general_sequences[gates0-13]" time="0.002" /><testcase classname="mitiq.ddd.rules.tests.test_rules" name="test_general_sequences[gates0-21]" time="0.003" /><testcase classname="mitiq.ddd.rules.tests.test_rules" name="test_general_sequences[gates0-34]" time="0.005" /><testcase classname="mitiq.ddd.rules.tests.test_rules" name="test_general_sequences[gates1-4]" time="0.003" /><testcase classname="mitiq.ddd.rules.tests.test_rules" name="test_general_sequences[gates1-5]" time="0.004" /><testcase classname="mitiq.ddd.rules.tests.test_rules" name="test_general_sequences[gates1-8]" time="0.002" /><testcase classname="mitiq.ddd.rules.tests.test_rules" name="test_general_sequences[gates1-13]" time="0.002" /><testcase classname="mitiq.ddd.rules.tests.test_rules" name="test_general_sequences[gates1-21]" time="0.008" /><testcase classname="mitiq.ddd.rules.tests.test_rules" name="test_general_sequences[gates1-34]" time="0.004" /><testcase classname="mitiq.ddd.rules.tests.test_rules" name="test_general_sequences[gates2-4]" time="0.001" /><testcase classname="mitiq.ddd.rules.tests.test_rules" name="test_general_sequences[gates2-5]" time="0.001" /><testcase classname="mitiq.ddd.rules.tests.test_rules" name="test_general_sequences[gates2-8]" time="0.005" /><testcase classname="mitiq.ddd.rules.tests.test_rules" name="test_general_sequences[gates2-13]" time="0.006" /><testcase classname="mitiq.ddd.rules.tests.test_rules" name="test_general_sequences[gates2-21]" time="0.006" /><testcase classname="mitiq.ddd.rules.tests.test_rules" name="test_general_sequences[gates2-34]" time="0.009" /><testcase classname="mitiq.ddd.rules.tests.test_rules" name="test_general_sequences[gates3-4]" time="0.001" /><testcase classname="mitiq.ddd.rules.tests.test_rules" name="test_general_sequences[gates3-5]" time="0.001" /><testcase classname="mitiq.ddd.rules.tests.test_rules" name="test_general_sequences[gates3-8]" time="0.002" /><testcase classname="mitiq.ddd.rules.tests.test_rules" name="test_general_sequences[gates3-13]" time="0.002" /><testcase classname="mitiq.ddd.rules.tests.test_rules" name="test_general_sequences[gates3-21]" time="0.002" /><testcase classname="mitiq.ddd.rules.tests.test_rules" name="test_general_sequences[gates3-34]" time="0.003" /><testcase classname="mitiq.benchmarks.tests.test_mirror_circuits" name="test_mirror_circuits_conversions[braket]" time="0.072" /><testcase classname="mitiq.ddd.rules.tests.test_rules" name="test_built_in_sequences[xx-5]" time="0.006" /><testcase classname="mitiq.ddd.rules.tests.test_rules" name="test_built_in_sequences[xx-8]" time="0.002" /><testcase classname="mitiq.ddd.rules.tests.test_rules" name="test_built_in_sequences[xx-13]" time="0.002" /><testcase classname="mitiq.ddd.rules.tests.test_rules" name="test_built_in_sequences[xx-21]" time="0.002" /><testcase classname="mitiq.ddd.rules.tests.test_rules" name="test_built_in_sequences[xx-34]" time="0.010" /><testcase classname="mitiq.ddd.rules.tests.test_rules" name="test_built_in_sequences[xyxy-5]" time="0.002" /><testcase classname="mitiq.ddd.rules.tests.test_rules" name="test_built_in_sequences[xyxy-8]" time="0.005" /><testcase classname="mitiq.ddd.rules.tests.test_rules" name="test_built_in_sequences[xyxy-13]" time="0.004" /><testcase classname="mitiq.ddd.rules.tests.test_rules" name="test_built_in_sequences[xyxy-21]" time="0.005" /><testcase classname="mitiq.ddd.rules.tests.test_rules" name="test_built_in_sequences[xyxy-34]" time="0.004" /><testcase classname="mitiq.ddd.rules.tests.test_rules" name="test_built_in_sequences[yy-5]" time="0.001" /><testcase classname="mitiq.ddd.rules.tests.test_rules" name="test_built_in_sequences[yy-8]" time="0.005" /><testcase classname="mitiq.benchmarks.tests.test_mirror_circuits" name="test_mirror_circuits_conversions[pennylane]" time="0.239" /><testcase classname="mitiq.ddd.rules.tests.test_rules" name="test_built_in_sequences[yy-13]" time="0.003" /><testcase classname="mitiq.ddd.rules.tests.test_rules" name="test_built_in_sequences[yy-21]" time="0.003" /><testcase classname="mitiq.ddd.rules.tests.test_rules" name="test_built_in_sequences[yy-34]" time="0.007" /><testcase classname="mitiq.ddd.rules.tests.test_rules" name="test_exact_sequences[5-xx-sequence0]" time="0.007" /><testcase classname="mitiq.ddd.rules.tests.test_rules" name="test_exact_sequences[5-yy-sequence1]" time="0.008" /><testcase classname="mitiq.ddd.rules.tests.test_rules" name="test_exact_sequences[4-xyxy-sequence2]" time="0.002" /><testcase classname="mitiq.ddd.rules.tests.test_rules" name="test_rule_failures[5-1]" time="0.001" /><testcase classname="mitiq.ddd.rules.tests.test_rules" name="test_rule_failures[5-2]" time="0.001" /><testcase classname="mitiq.ddd.rules.tests.test_rules" name="test_rule_failures[5-3]" time="0.000" /><testcase classname="mitiq.ddd.rules.tests.test_rules" name="test_rule_failures[5-5]" time="0.002" /><testcase classname="mitiq.ddd.rules.tests.test_rules" name="test_rule_failures[5-8]" time="0.002" /><testcase classname="mitiq.ddd.rules.tests.test_rules" name="test_rule_failures[5-13]" time="0.002" /><testcase classname="mitiq.ddd.rules.tests.test_rules" name="test_rule_failures[5-21]" time="0.001" /><testcase classname="mitiq.ddd.rules.tests.test_rules" name="test_rule_failures[5-34]" time="0.003" /><testcase classname="mitiq.ddd.rules.tests.test_rules" name="test_rule_failures[6-1]" time="0.001" /><testcase classname="mitiq.ddd.rules.tests.test_rules" name="test_rule_failures[6-2]" time="0.000" /><testcase classname="mitiq.ddd.rules.tests.test_rules" name="test_rule_failures[6-3]" time="0.001" /><testcase classname="mitiq.ddd.rules.tests.test_rules" name="test_rule_failures[6-5]" time="0.001" /><testcase classname="mitiq.ddd.rules.tests.test_rules" name="test_rule_failures[6-8]" time="0.001" /><testcase classname="mitiq.ddd.rules.tests.test_rules" name="test_rule_failures[6-13]" time="0.002" /><testcase classname="mitiq.ddd.rules.tests.test_rules" name="test_rule_failures[6-21]" time="0.001" /><testcase classname="mitiq.ddd.rules.tests.test_rules" name="test_rule_failures[6-34]" time="0.009" /><testcase classname="mitiq.ddd.rules.tests.test_rules" name="test_general_for_incomplete_rule[gates0-1]" time="0.001" /><testcase classname="mitiq.ddd.rules.tests.test_rules" name="test_general_for_incomplete_rule[gates0-2]" time="0.001" /><testcase classname="mitiq.ddd.rules.tests.test_rules" name="test_general_for_incomplete_rule[gates0-3]" time="0.001" /><testcase classname="mitiq.ddd.rules.tests.test_rules" name="test_general_for_incomplete_rule[gates0-5]" time="0.001" /><testcase classname="mitiq.ddd.rules.tests.test_rules" name="test_general_for_incomplete_rule[gates1-1]" time="0.000" /><testcase classname="mitiq.ddd.rules.tests.test_rules" name="test_general_for_incomplete_rule[gates1-2]" time="0.001" /><testcase classname="mitiq.ddd.rules.tests.test_rules" name="test_general_for_incomplete_rule[gates1-3]" time="0.001" /><testcase classname="mitiq.ddd.rules.tests.test_rules" name="test_general_for_incomplete_rule[gates1-5]" time="0.001" /><testcase classname="mitiq.ddd.tests.test_ddd" name="test_execute_with_ddd_without_noise[xx-circuit1-pennylane]" time="0.378" /><testcase classname="mitiq.benchmarks.tests.test_mirror_circuits" name="test_two_qubit_gate[twoq_name_and_gate0]" time="0.020" /><testcase classname="mitiq.benchmarks.tests.test_mirror_circuits" name="test_two_qubit_gate[twoq_name_and_gate1]" time="0.019" /><testcase classname="mitiq.benchmarks.tests.test_mirror_circuits" name="test_two_qubit_gate_unsupported" time="0.001" /><testcase classname="mitiq.benchmarks.tests.test_mirror_circuits" name="test_deterministic_correct_bitstrings" time="0.142" /><testcase classname="mitiq.benchmarks.tests.test_quantum_volume_circuits" name="test_generate_model_circuit_no_seed" time="0.005" /><testcase classname="mitiq.benchmarks.tests.test_quantum_volume_circuits" name="test_generate_model_circuit_with_seed" time="0.017" /><testcase classname="mitiq.benchmarks.tests.test_quantum_volume_circuits" name="test_compute_heavy_bitstrings" time="0.002" /><testcase classname="mitiq.benchmarks.tests.test_quantum_volume_circuits" name="test_circuit_decomposition" time="0.102" /><testcase classname="mitiq.ddd.tests.test_ddd" name="test_execute_with_ddd_without_noise[yy-circuit0-cirq]" time="0.227" /><testcase classname="mitiq.benchmarks.tests.test_quantum_volume_circuits" name="test_volume_conversion[cirq]" time="0.003" /><testcase classname="mitiq.benchmarks.tests.test_quantum_volume_circuits" name="test_volume_conversion[pyquil]" time="0.129" /><testcase classname="mitiq.benchmarks.tests.test_quantum_volume_circuits" name="test_volume_conversion[qiskit]" time="0.249" /><testcase classname="mitiq.ddd.tests.test_ddd" name="test_execute_with_ddd_without_noise[yy-circuit0-pyquil]" time="0.104" /><testcase classname="mitiq.ddd.tests.test_ddd" name="test_execute_with_ddd_without_noise[yy-circuit0-qiskit]" time="0.388" /><testcase classname="mitiq.benchmarks.tests.test_quantum_volume_circuits" name="test_volume_conversion[braket]" time="0.011" /><testcase classname="mitiq.benchmarks.tests.test_quantum_volume_circuits" name="test_volume_conversion[pennylane]" time="0.416" /><testcase classname="mitiq.ddd.tests.test_ddd" name="test_execute_with_ddd_without_noise[yy-circuit0-braket]" time="0.088" /><testcase classname="mitiq.ddd.tests.test_ddd" name="test_execute_with_ddd_without_noise[yy-circuit0-pennylane]" time="0.399" /><testcase classname="mitiq.benchmarks.tests.test_randomized_benchmarking" name="test_rb_circuits[1]" time="0.044" /><testcase classname="mitiq.benchmarks.tests.test_randomized_benchmarking" name="test_rb_circuits[2]" time="1.605" /><testcase classname="mitiq.ddd.tests.test_ddd" name="test_execute_with_ddd_without_noise[yy-circuit1-cirq]" time="0.046" /><testcase classname="mitiq.ddd.tests.test_ddd" name="test_execute_with_ddd_without_noise[yy-circuit1-pyquil]" time="0.074" /><testcase classname="mitiq.ddd.tests.test_ddd" name="test_execute_with_ddd_without_noise[yy-circuit1-qiskit]" time="0.346" /><testcase classname="mitiq.ddd.tests.test_ddd" name="test_execute_with_ddd_without_noise[yy-circuit1-braket]" time="0.045" /><testcase classname="mitiq.ddd.tests.test_ddd" name="test_execute_with_ddd_without_noise[yy-circuit1-pennylane]" time="0.347" /><testcase classname="mitiq.ddd.tests.test_ddd" name="test_execute_with_ddd_without_noise[xyxy-circuit0-cirq]" time="0.054" /><testcase classname="mitiq.ddd.tests.test_ddd" name="test_execute_with_ddd_without_noise[xyxy-circuit0-pyquil]" time="0.099" /><testcase classname="mitiq.ddd.tests.test_ddd" name="test_execute_with_ddd_without_noise[xyxy-circuit0-qiskit]" time="0.367" /><testcase classname="mitiq.benchmarks.tests.test_randomized_benchmarking" name="test_rb_conversion[cirq-1]" time="0.022" /><testcase classname="mitiq.benchmarks.tests.test_randomized_benchmarking" name="test_rb_conversion[cirq-2]" time="1.499" /><testcase classname="mitiq.ddd.tests.test_ddd" name="test_execute_with_ddd_without_noise[xyxy-circuit0-braket]" time="0.082" /><testcase classname="mitiq.ddd.tests.test_ddd" name="test_execute_with_ddd_without_noise[xyxy-circuit0-pennylane]" time="0.549" /><testcase classname="mitiq.ddd.tests.test_ddd" name="test_execute_with_ddd_without_noise[xyxy-circuit1-cirq]" time="0.032" /><testcase classname="mitiq.ddd.tests.test_ddd" name="test_execute_with_ddd_without_noise[xyxy-circuit1-pyquil]" time="0.054" /><testcase classname="mitiq.ddd.tests.test_ddd" name="test_execute_with_ddd_without_noise[xyxy-circuit1-qiskit]" time="0.292" /><testcase classname="mitiq.ddd.tests.test_ddd" name="test_execute_with_ddd_without_noise[xyxy-circuit1-braket]" time="0.050" /><testcase classname="mitiq.ddd.tests.test_ddd" name="test_execute_with_ddd_without_noise[xyxy-circuit1-pennylane]" time="0.298" /><testcase classname="mitiq.cdr.tests.test_cdr" name="test_decorator_execute_with_cdr[4-kwargs0-linear_fit_function-braket]" time="0.238" /><testcase classname="mitiq.ddd.tests.test_ddd" name="test_execute_with_ddd_and_depolarizing_noise[xx-serial_executor-circuit0-cirq]" time="0.266" /><testcase classname="mitiq.benchmarks.tests.test_randomized_benchmarking" name="test_rb_conversion[pyquil-1]" time="0.049" /><testcase classname="mitiq.benchmarks.tests.test_randomized_benchmarking" name="test_rb_conversion[pyquil-2]" time="1.628" /><testcase classname="mitiq.cdr.tests.test_cdr" name="test_decorator_execute_with_cdr[4-kwargs0-linear_fit_function-pennylane]" time="7.763" /><testcase classname="mitiq.ddd.tests.test_ddd" name="test_execute_with_ddd_and_depolarizing_noise[xx-serial_executor-circuit0-pyquil]" time="0.325" /><testcase classname="mitiq.ddd.tests.test_ddd" name="test_execute_with_ddd_and_depolarizing_noise[xx-serial_executor-circuit0-qiskit]" time="0.581" /><testcase classname="mitiq.cdr.tests.test_cdr" name="test_decorator_execute_with_cdr[1-kwargs0-linear_fit_function_no_intercept-braket]" time="0.237" /><testcase classname="mitiq.cdr.tests.test_cdr" name="test_decorator_execute_with_cdr[1-kwargs0-linear_fit_function_no_intercept-pennylane]" time="7.888" /><testcase classname="mitiq.ddd.tests.test_ddd" name="test_execute_with_ddd_and_depolarizing_noise[xx-serial_executor-circuit0-braket]" time="0.312" /><testcase classname="mitiq.ddd.tests.test_ddd" name="test_execute_with_ddd_and_depolarizing_noise[xx-serial_executor-circuit0-pennylane]" time="0.550" /><testcase classname="mitiq.cdr.tests.test_cdr" name="test_execute_with_cdr[3-kwargs1-linear_fit_function-cirq]" time="0.149" /><testcase classname="mitiq.benchmarks.tests.test_randomized_benchmarking" name="test_rb_conversion[qiskit-1]" time="0.495" /><testcase classname="mitiq.cdr.tests.test_cdr" name="test_execute_with_cdr[3-kwargs1-linear_fit_function-pyquil]" time="0.433" /><testcase classname="mitiq.ddd.tests.test_ddd" name="test_execute_with_ddd_and_depolarizing_noise[xx-serial_executor-circuit1-cirq]" time="0.190" /><testcase classname="mitiq.ddd.tests.test_ddd" name="test_execute_with_ddd_and_depolarizing_noise[xx-serial_executor-circuit1-pyquil]" time="0.241" /><testcase classname="mitiq.cdr.tests.test_cdr" name="test_execute_with_cdr[3-kwargs1-linear_fit_function-qiskit]" time="7.072" /><testcase classname="mitiq.benchmarks.tests.test_randomized_benchmarking" name="test_rb_conversion[qiskit-2]" time="2.159" /><testcase classname="mitiq.ddd.tests.test_ddd" name="test_execute_with_ddd_and_depolarizing_noise[xx-serial_executor-circuit1-qiskit]" time="0.484" /><testcase classname="mitiq.ddd.tests.test_ddd" name="test_execute_with_ddd_and_depolarizing_noise[xx-serial_executor-circuit1-braket]" time="0.199" /><testcase classname="mitiq.ddd.tests.test_ddd" name="test_execute_with_ddd_and_depolarizing_noise[xx-serial_executor-circuit1-pennylane]" time="0.634" /><testcase classname="mitiq.ddd.tests.test_ddd" name="test_execute_with_ddd_and_depolarizing_noise[xx-batched_executor-circuit0-cirq]" time="0.276" /><testcase classname="mitiq.ddd.tests.test_ddd" name="test_execute_with_ddd_and_depolarizing_noise[xx-batched_executor-circuit0-pyquil]" time="0.357" /><testcase classname="mitiq.benchmarks.tests.test_randomized_benchmarking" name="test_rb_conversion[braket-1]" time="0.044" /><testcase classname="mitiq.ddd.tests.test_ddd" name="test_execute_with_ddd_and_depolarizing_noise[xx-batched_executor-circuit0-qiskit]" time="0.635" /><testcase classname="mitiq.benchmarks.tests.test_randomized_benchmarking" name="test_rb_conversion[braket-2]" time="1.787" /><testcase classname="mitiq.ddd.tests.test_ddd" name="test_execute_with_ddd_and_depolarizing_noise[xx-batched_executor-circuit0-braket]" time="0.322" /><testcase classname="mitiq.ddd.tests.test_ddd" name="test_execute_with_ddd_and_depolarizing_noise[xx-batched_executor-circuit0-pennylane]" time="0.632" /><testcase classname="mitiq.ddd.tests.test_ddd" name="test_execute_with_ddd_and_depolarizing_noise[xx-batched_executor-circuit1-cirq]" time="0.165" /><testcase classname="mitiq.ddd.tests.test_ddd" name="test_execute_with_ddd_and_depolarizing_noise[xx-batched_executor-circuit1-pyquil]" time="0.231" /><testcase classname="mitiq.benchmarks.tests.test_randomized_benchmarking" name="test_rb_conversion[pennylane-1]" time="0.530" /><testcase classname="mitiq.ddd.tests.test_ddd" name="test_execute_with_ddd_and_depolarizing_noise[xx-batched_executor-circuit1-qiskit]" time="0.499" /><testcase classname="mitiq.benchmarks.tests.test_randomized_benchmarking" name="test_rb_conversion[pennylane-2]" time="2.200" /><testcase classname="mitiq.ddd.tests.test_ddd" name="test_execute_with_ddd_and_depolarizing_noise[xx-batched_executor-circuit1-braket]" time="0.189" /><testcase classname="mitiq.ddd.tests.test_ddd" name="test_execute_with_ddd_and_depolarizing_noise[xx-batched_executor-circuit1-pennylane]" time="0.477" /><testcase classname="mitiq.ddd.tests.test_ddd" name="test_execute_with_ddd_and_depolarizing_noise[yy-serial_executor-circuit0-cirq]" time="0.281" /><testcase classname="mitiq.ddd.tests.test_ddd" name="test_execute_with_ddd_and_depolarizing_noise[yy-serial_executor-circuit0-pyquil]" time="0.348" /><testcase classname="mitiq.cdr.tests.test_cdr" name="test_decorator_execute_with_cdr[4-kwargs0-linear_fit_function_no_intercept-cirq]" time="0.129" /><testcase classname="mitiq.cdr.tests.test_cdr" name="test_decorator_execute_with_cdr[4-kwargs0-linear_fit_function_no_intercept-pyquil]" time="0.401" /><testcase classname="mitiq.ddd.tests.test_ddd" name="test_execute_with_ddd_and_depolarizing_noise[yy-serial_executor-circuit0-qiskit]" time="0.767" /><testcase classname="mitiq.cdr.tests.test_cdr" name="test_decorator_execute_with_cdr[4-kwargs0-linear_fit_function_no_intercept-qiskit]" time="6.949" /><testcase classname="mitiq.ddd.tests.test_ddd" name="test_execute_with_ddd_and_depolarizing_noise[yy-serial_executor-circuit0-braket]" time="0.285" /><testcase classname="mitiq.calibration.tests.test_calibration" name="test_ZNE_workflow" time="17.225" /><testcase classname="mitiq.cdr.tests.test_cdr" name="test_decorator_execute_with_cdr[1-kwargs1-linear_fit_function-cirq]" time="0.171" /><testcase classname="mitiq.cdr.tests.test_cdr" name="test_decorator_execute_with_cdr[1-kwargs1-linear_fit_function-pyquil]" time="0.415" /><testcase classname="mitiq.ddd.tests.test_ddd" name="test_execute_with_ddd_and_depolarizing_noise[yy-serial_executor-circuit0-pennylane]" time="0.635" /><testcase classname="mitiq.cdr.tests.test_cdr" name="test_execute_with_cdr[3-kwargs1-linear_fit_function-braket]" time="0.294" /><testcase classname="mitiq.cdr.tests.test_cdr" name="test_decorator_execute_with_cdr[1-kwargs1-linear_fit_function-qiskit]" time="6.734" /><testcase classname="mitiq.cdr.tests.test_cdr" name="test_execute_with_cdr[3-kwargs1-linear_fit_function-pennylane]" time="7.765" /><testcase classname="mitiq.ddd.tests.test_ddd" name="test_execute_with_ddd_and_depolarizing_noise[yy-serial_executor-circuit1-cirq]" time="0.194" /><testcase classname="mitiq.ddd.tests.test_ddd" name="test_execute_with_ddd_and_depolarizing_noise[yy-serial_executor-circuit1-pyquil]" time="0.233" /><testcase classname="mitiq.ddd.tests.test_ddd" name="test_execute_with_ddd_and_depolarizing_noise[yy-serial_executor-circuit1-qiskit]" time="0.473" /><testcase classname="mitiq.ddd.tests.test_ddd" name="test_execute_with_ddd_and_depolarizing_noise[yy-serial_executor-circuit1-braket]" time="0.205" /><testcase classname="mitiq.ddd.tests.test_ddd" name="test_execute_with_ddd_and_depolarizing_noise[yy-serial_executor-circuit1-pennylane]" time="0.468" /><testcase classname="mitiq.calibration.tests.test_calibration" name="test_ExperimentResults_reset_data" time="0.000" /><testcase classname="mitiq.calibration.tests.test_calibration" name="test_ExperimentResults_ensure_full" time="0.001" /><testcase classname="mitiq.calibration.tests.test_settings" name="test_MitigationTechnique" time="0.000" /><testcase classname="mitiq.calibration.tests.test_settings" name="test_basic_settings" time="0.001" /><testcase classname="mitiq.calibration.tests.test_settings" name="test_make_circuits_qv_circuits" time="0.499" /><testcase classname="mitiq.ddd.tests.test_ddd" name="test_execute_with_ddd_and_depolarizing_noise[yy-batched_executor-circuit0-cirq]" time="0.275" /><testcase classname="mitiq.calibration.tests.test_settings" name="test_make_circuits_invalid_circuit_type" time="0.001" /><testcase classname="mitiq.calibration.tests.test_settings" name="test_make_strategies_invalid_technique" time="0.000" /><testcase classname="mitiq.calibration.tests.test_settings" name="test_ZNESettings" time="0.746" /><testcase classname="mitiq.ddd.tests.test_ddd" name="test_execute_with_ddd_and_depolarizing_noise[yy-batched_executor-circuit0-pyquil]" time="0.375" /><testcase classname="mitiq.ddd.tests.test_ddd" name="test_execute_with_ddd_and_depolarizing_noise[yy-batched_executor-circuit0-qiskit]" time="0.559" /><testcase classname="mitiq.cdr.tests.test_cdr" name="test_execute_with_cdr[1-kwargs0-linear_fit_function-cirq]" time="0.108" /><testcase classname="mitiq.cdr.tests.test_cdr" name="test_execute_with_cdr[1-kwargs0-linear_fit_function-pyquil]" time="0.435" /><testcase classname="mitiq.ddd.tests.test_ddd" name="test_execute_with_ddd_and_depolarizing_noise[yy-batched_executor-circuit0-braket]" time="0.294" /><testcase classname="mitiq.cdr.tests.test_cdr" name="test_execute_with_cdr[1-kwargs0-linear_fit_function-qiskit]" time="7.102" /><testcase classname="mitiq.ddd.tests.test_ddd" name="test_execute_with_ddd_and_depolarizing_noise[yy-batched_executor-circuit0-pennylane]" time="0.770" /><testcase classname="mitiq.ddd.tests.test_ddd" name="test_execute_with_ddd_and_depolarizing_noise[yy-batched_executor-circuit1-cirq]" time="0.200" /><testcase classname="mitiq.ddd.tests.test_ddd" name="test_execute_with_ddd_and_depolarizing_noise[yy-batched_executor-circuit1-pyquil]" time="0.237" /><testcase classname="mitiq.ddd.tests.test_ddd" name="test_execute_with_ddd_and_depolarizing_noise[yy-batched_executor-circuit1-qiskit]" time="0.474" /><testcase classname="mitiq.ddd.tests.test_ddd" name="test_execute_with_ddd_and_depolarizing_noise[yy-batched_executor-circuit1-braket]" time="0.225" /><testcase classname="mitiq.ddd.tests.test_ddd" name="test_execute_with_ddd_and_depolarizing_noise[yy-batched_executor-circuit1-pennylane]" time="0.500" /><testcase classname="mitiq.cdr.tests.test_cdr" name="test_decorator_execute_with_cdr[4-kwargs0-linear_fit_function_no_intercept-braket]" time="0.252" /><testcase classname="mitiq.ddd.tests.test_ddd" name="test_execute_with_ddd_and_depolarizing_noise[xyxy-serial_executor-circuit0-cirq]" time="0.299" /><testcase classname="mitiq.cdr.tests.test_cdr" name="test_decorator_execute_with_cdr[4-kwargs0-linear_fit_function_no_intercept-pennylane]" time="7.220" /><testcase classname="mitiq.ddd.tests.test_ddd" name="test_execute_with_ddd_and_depolarizing_noise[xyxy-serial_executor-circuit0-pyquil]" time="0.358" /><testcase classname="mitiq.ddd.tests.test_ddd" name="test_execute_with_ddd_and_depolarizing_noise[xyxy-serial_executor-circuit0-qiskit]" time="0.552" /><testcase classname="mitiq.cdr.tests.test_cdr" name="test_decorator_execute_with_cdr[1-kwargs1-linear_fit_function-braket]" time="0.261" /><testcase classname="mitiq.cdr.tests.test_cdr" name="test_decorator_execute_with_cdr[1-kwargs1-linear_fit_function-pennylane]" time="7.491" /><testcase classname="mitiq.ddd.tests.test_ddd" name="test_execute_with_ddd_and_depolarizing_noise[xyxy-serial_executor-circuit0-braket]" time="0.306" /><testcase classname="mitiq.ddd.tests.test_ddd" name="test_execute_with_ddd_and_depolarizing_noise[xyxy-serial_executor-circuit0-pennylane]" time="0.585" /><testcase classname="mitiq.cdr.tests.test_cdr" name="test_execute_with_cdr[3-kwargs1-linear_fit_function_no_intercept-cirq]" time="0.183" /><testcase classname="mitiq.ddd.tests.test_ddd" name="test_execute_with_ddd_and_depolarizing_noise[xyxy-serial_executor-circuit1-cirq]" time="0.188" /><testcase classname="mitiq.cdr.tests.test_cdr" name="test_execute_with_cdr[3-kwargs1-linear_fit_function_no_intercept-pyquil]" time="0.362" /><testcase classname="mitiq.ddd.tests.test_ddd" name="test_execute_with_ddd_and_depolarizing_noise[xyxy-serial_executor-circuit1-pyquil]" time="0.219" /><testcase classname="mitiq.cdr.tests.test_cdr" name="test_execute_with_cdr[3-kwargs1-linear_fit_function_no_intercept-qiskit]" time="7.181" /><testcase classname="mitiq.ddd.tests.test_ddd" name="test_execute_with_ddd_and_depolarizing_noise[xyxy-serial_executor-circuit1-qiskit]" time="0.433" /><testcase classname="mitiq.ddd.tests.test_ddd" name="test_execute_with_ddd_and_depolarizing_noise[xyxy-serial_executor-circuit1-braket]" time="0.192" /><testcase classname="mitiq.ddd.tests.test_ddd" name="test_execute_with_ddd_and_depolarizing_noise[xyxy-serial_executor-circuit1-pennylane]" time="0.653" /><testcase classname="mitiq.ddd.tests.test_ddd" name="test_execute_with_ddd_and_depolarizing_noise[xyxy-batched_executor-circuit0-cirq]" time="0.292" /><testcase classname="mitiq.cdr.tests.test_cdr" name="test_mitigated_execute_with_cdr[4-kwargs1-linear_fit_function_no_intercept-braket]" time="0.893" /><testcase classname="mitiq.ddd.tests.test_ddd" name="test_execute_with_ddd_and_depolarizing_noise[xyxy-batched_executor-circuit0-pyquil]" time="0.353" /><testcase classname="mitiq.ddd.tests.test_ddd" name="test_execute_with_ddd_and_depolarizing_noise[xyxy-batched_executor-circuit0-qiskit]" time="0.583" /><testcase classname="mitiq.cdr.tests.test_cdr" name="test_execute_with_cdr[1-kwargs0-linear_fit_function-braket]" time="0.271" /><testcase classname="mitiq.cdr.tests.test_cdr" name="test_mitigated_execute_with_cdr[4-kwargs1-linear_fit_function_no_intercept-pennylane]" time="26.706" /><testcase classname="mitiq.cdr.tests.test_cdr" name="test_execute_with_cdr[1-kwargs0-linear_fit_function-pennylane]" time="7.705" /><testcase classname="mitiq.ddd.tests.test_ddd" name="test_execute_with_ddd_and_depolarizing_noise[xyxy-batched_executor-circuit0-braket]" time="0.303" /><testcase classname="mitiq.ddd.tests.test_ddd" name="test_execute_with_ddd_and_depolarizing_noise[xyxy-batched_executor-circuit0-pennylane]" time="0.576" /><testcase classname="mitiq.ddd.tests.test_ddd" name="test_execute_with_ddd_and_depolarizing_noise[xyxy-batched_executor-circuit1-cirq]" time="0.175" /><testcase classname="mitiq.cdr.tests.test_cdr" name="test_mitigated_execute_with_cdr[2-kwargs0-linear_fit_function-cirq]" time="0.491" /><testcase classname="mitiq.ddd.tests.test_ddd" name="test_execute_with_ddd_and_depolarizing_noise[xyxy-batched_executor-circuit1-pyquil]" time="0.218" /><testcase classname="mitiq.ddd.tests.test_ddd" name="test_execute_with_ddd_and_depolarizing_noise[xyxy-batched_executor-circuit1-qiskit]" time="0.443" /><testcase classname="mitiq.cdr.tests.test_cdr" name="test_mitigated_execute_with_cdr[2-kwargs0-linear_fit_function-pyquil]" time="1.482" /><testcase classname="mitiq.ddd.tests.test_ddd" name="test_execute_with_ddd_and_depolarizing_noise[xyxy-batched_executor-circuit1-braket]" time="0.208" /><testcase classname="mitiq.ddd.tests.test_ddd" name="test_execute_with_ddd_and_depolarizing_noise[xyxy-batched_executor-circuit1-pennylane]" time="0.473" /><testcase classname="mitiq.ddd.tests.test_ddd" name="test_execute_with_ddd_and_damping_noise[xx-cirq]" time="0.152" /><testcase classname="mitiq.cdr.tests.test_cdr" name="test_decorator_execute_with_cdr[4-kwargs1-linear_fit_function-cirq]" time="0.118" /><testcase classname="mitiq.cdr.tests.test_cdr" name="test_decorator_execute_with_cdr[4-kwargs1-linear_fit_function-pyquil]" time="0.334" /><testcase classname="mitiq.ddd.tests.test_ddd" name="test_execute_with_ddd_and_damping_noise[xx-pyquil]" time="0.202" /><testcase classname="mitiq.ddd.tests.test_ddd" name="test_execute_with_ddd_and_damping_noise[xx-qiskit]" time="0.658" /><testcase classname="mitiq.cdr.tests.test_cdr" name="test_decorator_execute_with_cdr[4-kwargs1-linear_fit_function-qiskit]" time="6.487" /><testcase classname="mitiq.cdr.tests.test_cdr" name="test_mitigated_execute_with_cdr[2-kwargs0-linear_fit_function-qiskit]" time="29.966" /><testcase classname="mitiq.ddd.tests.test_ddd" name="test_execute_with_ddd_and_damping_noise[xx-braket]" time="0.172" /><testcase classname="mitiq.ddd.tests.test_ddd" name="test_execute_with_ddd_and_damping_noise[xx-pennylane]" time="0.456" /><testcase classname="mitiq.cdr.tests.test_cdr" name="test_decorator_execute_with_cdr[1-kwargs1-linear_fit_function_no_intercept-cirq]" time="0.158" /><testcase classname="mitiq.cdr.tests.test_cdr" name="test_decorator_execute_with_cdr[1-kwargs1-linear_fit_function_no_intercept-pyquil]" time="0.386" /><testcase classname="mitiq.ddd.tests.test_ddd" name="test_execute_with_ddd_and_damping_noise[yy-cirq]" time="0.134" /><testcase classname="mitiq.cdr.tests.test_cdr" name="test_decorator_execute_with_cdr[1-kwargs1-linear_fit_function_no_intercept-qiskit]" time="6.745" /><testcase classname="mitiq.ddd.tests.test_ddd" name="test_execute_with_ddd_and_damping_noise[yy-pyquil]" time="0.195" /><testcase classname="mitiq.ddd.tests.test_ddd" name="test_execute_with_ddd_and_damping_noise[yy-qiskit]" time="0.460" /><testcase classname="mitiq.cdr.tests.test_cdr" name="test_execute_with_cdr[3-kwargs1-linear_fit_function_no_intercept-braket]" time="0.296" /><testcase classname="mitiq.ddd.tests.test_ddd" name="test_execute_with_ddd_and_damping_noise[yy-braket]" time="0.179" /><testcase classname="mitiq.cdr.tests.test_cdr" name="test_execute_with_cdr[3-kwargs1-linear_fit_function_no_intercept-pennylane]" time="7.604" /><testcase classname="mitiq.ddd.tests.test_ddd" name="test_execute_with_ddd_and_damping_noise[yy-pennylane]" time="0.472" /><testcase classname="mitiq.ddd.tests.test_ddd" name="test_execute_with_ddd_and_damping_noise[xyxy-cirq]" time="0.159" /><testcase classname="mitiq.ddd.tests.test_ddd" name="test_execute_with_ddd_and_damping_noise[xyxy-pyquil]" time="0.220" /><testcase classname="mitiq.calibration.tests.test_calibration" name="test_get_cost" time="0.706" /><testcase classname="mitiq.ddd.tests.test_ddd" name="test_execute_with_ddd_and_damping_noise[xyxy-qiskit]" time="0.437" /><testcase classname="mitiq.ddd.tests.test_ddd" name="test_execute_with_ddd_and_damping_noise[xyxy-braket]" time="0.171" /><testcase classname="mitiq.calibration.tests.test_calibration" name="test_best_strategy" time="5.326" /><testcase classname="mitiq.ddd.tests.test_ddd" name="test_execute_with_ddd_and_damping_noise[xyxy-pennylane]" time="0.491" /><testcase classname="mitiq.ddd.tests.test_ddd" name="test_execute_with_ddd_with_num_trials[serial_executor]" time="0.598" /><testcase classname="mitiq.cdr.tests.test_cdr" name="test_execute_with_cdr[1-kwargs0-linear_fit_function_no_intercept-cirq]" time="0.132" /><testcase classname="mitiq.ddd.tests.test_ddd" name="test_execute_with_ddd_with_num_trials[batched_executor]" time="0.463" /><testcase classname="mitiq.cdr.tests.test_cdr" name="test_execute_with_cdr[1-kwargs0-linear_fit_function_no_intercept-pyquil]" time="0.340" /><testcase classname="mitiq.cdr.tests.test_cdr" name="test_execute_with_cdr[1-kwargs0-linear_fit_function_no_intercept-qiskit]" time="7.112" /><testcase classname="mitiq.ddd.tests.test_ddd" name="test_execute_with_ddd_with_full_output" time="0.076" /><testcase classname="mitiq.ddd.tests.test_ddd" name="test_mitigate_executor_ddd" time="0.753" /><testcase classname="mitiq.ddd.tests.test_ddd" name="test_ddd_decorator" time="0.482" /><testcase classname="mitiq.cdr.tests.test_cdr" name="test_decorator_execute_with_cdr[4-kwargs1-linear_fit_function-braket]" time="0.225" /><testcase classname="mitiq.ddd.tests.test_ddd" name="test_ddd_decorator_with_rule_args" time="0.300" /><testcase classname="mitiq.cdr.tests.test_cdr" name="test_decorator_execute_with_cdr[4-kwargs1-linear_fit_function-pennylane]" time="6.992" /><testcase classname="mitiq.ddd.tests.test_insertion" name="test_get_circuit_mask[circuit0-test_mask0]" time="0.003" /><testcase classname="mitiq.ddd.tests.test_insertion" name="test_get_circuit_mask[circuit1-test_mask1]" time="0.003" /><testcase classname="mitiq.ddd.tests.test_insertion" name="test_get_slack_matrix_from_circuit_mask" time="0.001" /><testcase classname="mitiq.ddd.tests.test_insertion" name="test_get_slack_matrix_from_circuit_mask_extreme_cases" time="0.001" /><testcase classname="mitiq.ddd.tests.test_insertion" name="test_get_slack_matrix_from_circuit__bad_input_errors" time="0.001" /><testcase classname="mitiq.ddd.tests.test_insertion" name="test_insert_sequences[circuit0-result0-xx]" time="0.006" /><testcase classname="mitiq.ddd.tests.test_insertion" name="test_insert_sequences[circuit1-result1-xyxy]" time="0.024" /><testcase classname="mitiq.ddd.tests.test_insertion" name="test_insert_sequences[circuit2-result2-xx]" time="0.093" /><testcase classname="mitiq.ddd.tests.test_insertion" name="test_insert_sequences[circuit3-result3-xx]" time="0.103" /><testcase classname="mitiq.ddd.tests.test_insertion" name="test_midcircuit_measurement_raises_error" time="0.027" /><testcase classname="mitiq.ddd.tests.test_insertion" name="test_pyquil_midcircuit_measurement_raises_error" time="0.026" /><testcase classname="mitiq.executor.tests.test_executor" name="test_executor_simple" time="0.000" /><testcase classname="mitiq.executor.tests.test_executor" name="test_executor_is_batched_executor" time="0.001" /><testcase classname="mitiq.executor.tests.test_executor" name="test_executor_non_hermitian_observable" time="0.219" /><testcase classname="mitiq.executor.tests.test_executor" name="test_run_executor_identical_circuits_batched[executor_batched-5]" time="0.001" /><testcase classname="mitiq.executor.tests.test_executor" name="test_run_executor_identical_circuits_batched[executor_batched-10]" time="0.001" /><testcase classname="mitiq.executor.tests.test_executor" name="test_run_executor_identical_circuits_batched[executor_batched-25]" time="0.001" /><testcase classname="mitiq.executor.tests.test_executor" name="test_run_executor_identical_circuits_batched[executor_serial-5]" time="0.001" /><testcase classname="mitiq.executor.tests.test_executor" name="test_run_executor_identical_circuits_batched[executor_serial-10]" time="0.004" /><testcase classname="mitiq.executor.tests.test_executor" name="test_run_executor_identical_circuits_batched[executor_serial-25]" time="0.004" /><testcase classname="mitiq.executor.tests.test_executor" name="test_run_executor_nonidentical_pyquil_programs[1]" time="0.005" /><testcase classname="mitiq.executor.tests.test_executor" name="test_run_executor_nonidentical_pyquil_programs[2]" time="0.006" /><testcase classname="mitiq.executor.tests.test_executor" name="test_run_executor_nonidentical_pyquil_programs[10]" time="0.012" /><testcase classname="mitiq.executor.tests.test_executor" name="test_run_executor_all_unique[1-10]" time="0.028" /><testcase classname="mitiq.executor.tests.test_executor" name="test_run_executor_all_unique[1-11]" time="0.019" /><testcase classname="mitiq.executor.tests.test_executor" name="test_run_executor_all_unique[1-23]" time="0.035" /><testcase classname="mitiq.executor.tests.test_executor" name="test_run_executor_all_unique[2-10]" time="0.023" /><testcase classname="mitiq.executor.tests.test_executor" name="test_run_executor_all_unique[2-11]" time="0.026" /><testcase classname="mitiq.executor.tests.test_executor" name="test_run_executor_all_unique[2-23]" time="0.063" /><testcase classname="mitiq.executor.tests.test_executor" name="test_run_executor_all_unique[5-10]" time="0.023" /><testcase classname="mitiq.executor.tests.test_executor" name="test_run_executor_all_unique[5-11]" time="0.016" /><testcase classname="mitiq.executor.tests.test_executor" name="test_run_executor_all_unique[5-23]" time="0.062" /><testcase classname="mitiq.executor.tests.test_executor" name="test_run_executor_all_unique[50-10]" time="0.028" /><testcase classname="mitiq.executor.tests.test_executor" name="test_run_executor_all_unique[50-11]" time="0.025" /><testcase classname="mitiq.executor.tests.test_executor" name="test_run_executor_all_unique[50-23]" time="0.051" /><testcase classname="mitiq.executor.tests.test_executor" name="test_run_executor_force_run_all_serial_executor_identical_circuits[True-5]" time="0.001" /><testcase classname="mitiq.executor.tests.test_executor" name="test_run_executor_force_run_all_serial_executor_identical_circuits[True-21]" time="0.004" /><testcase classname="mitiq.executor.tests.test_executor" name="test_run_executor_force_run_all_serial_executor_identical_circuits[False-5]" time="0.002" /><testcase classname="mitiq.executor.tests.test_executor" name="test_run_executor_force_run_all_serial_executor_identical_circuits[False-21]" time="0.001" /><testcase classname="mitiq.executor.tests.test_executor" name="test_run_executor_preserves_order[1-50]" time="0.002" /><testcase classname="mitiq.executor.tests.test_executor" name="test_run_executor_preserves_order[1-100]" time="0.007" /><testcase classname="mitiq.executor.tests.test_executor" name="test_run_executor_preserves_order[1-150]" time="0.007" /><testcase classname="mitiq.executor.tests.test_executor" name="test_run_executor_preserves_order[2-50]" time="0.005" /><testcase classname="mitiq.executor.tests.test_executor" name="test_run_executor_preserves_order[2-100]" time="0.003" /><testcase classname="mitiq.executor.tests.test_executor" name="test_run_executor_preserves_order[2-150]" time="0.010" /><testcase classname="mitiq.executor.tests.test_executor" name="test_run_executor_preserves_order[100-50]" time="0.002" /><testcase classname="mitiq.executor.tests.test_executor" name="test_run_executor_preserves_order[100-100]" time="0.004" /><testcase classname="mitiq.executor.tests.test_executor" name="test_run_executor_preserves_order[100-150]" time="0.017" /><testcase classname="mitiq.executor.tests.test_executor" name="test_executor_evaluate_float[executor_serial_unique]" time="0.004" /><testcase classname="mitiq.executor.tests.test_executor" name="test_executor_evaluate_float[executor_batched_unique]" time="0.001" /><testcase classname="mitiq.executor.tests.test_executor" name="test_executor_observable_compatibility_check[obs0-executor_batched]" time="0.001" /><testcase classname="mitiq.executor.tests.test_executor" name="test_executor_observable_compatibility_check[obs0-executor_batched_unique]" time="0.001" /><testcase classname="mitiq.executor.tests.test_executor" name="test_executor_observable_compatibility_check[obs0-executor_serial_unique]" time="0.001" /><testcase classname="mitiq.executor.tests.test_executor" name="test_executor_observable_compatibility_check[obs0-executor_serial_typed]" time="0.001" /><testcase classname="mitiq.executor.tests.test_executor" name="test_executor_observable_compatibility_check[obs0-executor_serial]" time="0.003" /><testcase classname="mitiq.executor.tests.test_executor" name="test_executor_observable_compatibility_check[obs0-executor_pyquil_batched]" time="0.002" /><testcase classname="mitiq.executor.tests.test_executor" name="test_executor_observable_compatibility_check[obs1-executor_batched]" time="0.001" /><testcase classname="mitiq.executor.tests.test_executor" name="test_executor_observable_compatibility_check[obs1-executor_batched_unique]" time="0.002" /><testcase classname="mitiq.executor.tests.test_executor" name="test_executor_observable_compatibility_check[obs1-executor_serial_unique]" time="0.001" /><testcase classname="mitiq.executor.tests.test_executor" name="test_executor_observable_compatibility_check[obs1-executor_serial_typed]" time="0.001" /><testcase classname="mitiq.executor.tests.test_executor" name="test_executor_observable_compatibility_check[obs1-executor_serial]" time="0.001" /><testcase classname="mitiq.executor.tests.test_executor" name="test_executor_observable_compatibility_check[obs1-executor_pyquil_batched]" time="0.001" /><testcase classname="mitiq.executor.tests.test_executor" name="test_executor_observable_compatibility_check[obs2-executor_batched]" time="0.001" /><testcase classname="mitiq.executor.tests.test_executor" name="test_executor_observable_compatibility_check[obs2-executor_batched_unique]" time="0.001" /><testcase classname="mitiq.executor.tests.test_executor" name="test_executor_observable_compatibility_check[obs2-executor_serial_unique]" time="0.001" /><testcase classname="mitiq.executor.tests.test_executor" name="test_executor_observable_compatibility_check[obs2-executor_serial_typed]" time="0.001" /><testcase classname="mitiq.executor.tests.test_executor" name="test_executor_observable_compatibility_check[obs2-executor_serial]" time="0.001" /><testcase classname="mitiq.executor.tests.test_executor" name="test_executor_observable_compatibility_check[obs2-executor_pyquil_batched]" time="0.001" /><testcase classname="mitiq.executor.tests.test_executor" name="test_executor_evaluate_measurements[executor_measurements]" time="0.309" /><testcase classname="mitiq.cdr.tests.test_cdr" name="test_decorator_execute_with_cdr[1-kwargs1-linear_fit_function_no_intercept-braket]" time="0.251" /><testcase classname="mitiq.executor.tests.test_executor" name="test_executor_evaluate_measurements[executor_measurements_batched]" time="0.419" /><testcase classname="mitiq.cdr.tests.test_cdr" name="test_decorator_execute_with_cdr[1-kwargs1-linear_fit_function_no_intercept-pennylane]" time="7.312" /><testcase classname="mitiq.executor.tests.test_executor" name="test_executor_evaluate_density_matrix[executor_density_matrix]" time="0.007" /><testcase classname="mitiq.executor.tests.test_executor" name="test_executor_evaluate_density_matrix[executor_density_matrix_batched]" time="0.004" /><testcase classname="mitiq.interface.mitiq_braket.tests.test_conversions_braket" name="test_to_from_braket_bell_circuit[qreg0]" time="0.001" /><testcase classname="mitiq.interface.mitiq_braket.tests.test_conversions_braket" name="test_to_from_braket_bell_circuit[qreg1]" time="0.003" /><testcase classname="mitiq.interface.mitiq_braket.tests.test_conversions_braket" name="test_from_braket_non_parameterized_single_qubit_gates" time="0.011" /><testcase classname="mitiq.interface.mitiq_braket.tests.test_conversions_braket" name="test_from_braket_parameterized_single_qubit_gates[0]" time="0.004" /><testcase classname="mitiq.interface.mitiq_braket.tests.test_conversions_braket" name="test_from_braket_parameterized_single_qubit_gates[3]" time="0.008" /><testcase classname="mitiq.interface.mitiq_braket.tests.test_conversions_braket" name="test_from_braket_non_parameterized_two_qubit_gates" time="0.003" /><testcase classname="mitiq.interface.mitiq_braket.tests.test_conversions_braket" name="test_from_braket_parameterized_two_qubit_gates" time="0.016" /><testcase classname="mitiq.interface.mitiq_braket.tests.test_conversions_braket" name="test_from_braket_parameterized_two_qubit_two_parameters_gates" time="0.002" /><testcase classname="mitiq.interface.mitiq_braket.tests.test_conversions_braket" name="test_from_braket_three_qubit_gates" time="0.003" /><testcase classname="mitiq.interface.mitiq_braket.tests.test_conversions_braket" name="test_from_braket_raises_on_unsupported_gates" time="0.001" /><testcase classname="mitiq.interface.mitiq_braket.tests.test_conversions_braket" name="test_to_braket_raises_on_unsupported_gates" time="0.003" /><testcase classname="mitiq.interface.mitiq_braket.tests.test_conversions_braket" name="test_to_from_braket_common_one_qubit_gates" time="0.006" /><testcase classname="mitiq.interface.mitiq_braket.tests.test_conversions_braket" name="test_to_from_braket_uncommon_one_qubit_gates[uncommon_gate0]" time="0.007" /><testcase classname="mitiq.interface.mitiq_braket.tests.test_conversions_braket" name="test_to_from_braket_uncommon_one_qubit_gates[uncommon_gate1]" time="0.002" /><testcase classname="mitiq.interface.mitiq_braket.tests.test_conversions_braket" name="test_to_from_braket_uncommon_one_qubit_gates[uncommon_gate2]" time="0.002" /><testcase classname="mitiq.interface.mitiq_braket.tests.test_conversions_braket" name="test_to_from_braket_common_two_qubit_gates[common_gate0]" time="0.005" /><testcase classname="mitiq.interface.mitiq_braket.tests.test_conversions_braket" name="test_to_from_braket_common_two_qubit_gates[common_gate1]" time="0.002" /><testcase classname="mitiq.interface.mitiq_braket.tests.test_conversions_braket" name="test_to_from_braket_common_two_qubit_gates[common_gate2]" time="0.005" /><testcase classname="mitiq.interface.mitiq_braket.tests.test_conversions_braket" name="test_to_from_braket_common_two_qubit_gates[common_gate3]" time="0.006" /><testcase classname="mitiq.interface.mitiq_braket.tests.test_conversions_braket" name="test_to_from_braket_common_two_qubit_gates[common_gate4]" time="0.002" /><testcase classname="mitiq.interface.mitiq_braket.tests.test_conversions_braket" name="test_to_from_braket_common_two_qubit_gates[common_gate5]" time="0.002" /><testcase classname="mitiq.interface.mitiq_braket.tests.test_conversions_braket" name="test_to_from_braket_uncommon_two_qubit_gates[uncommon_gate0]" time="0.009" /><testcase classname="mitiq.interface.mitiq_braket.tests.test_conversions_braket" name="test_to_from_braket_uncommon_two_qubit_gates[uncommon_gate1]" time="0.007" /><testcase classname="mitiq.interface.mitiq_braket.tests.test_conversions_braket" name="test_to_from_braket_uncommon_two_qubit_gates[uncommon_gate2]" time="0.002" /><testcase classname="mitiq.interface.mitiq_braket.tests.test_conversions_braket" name="test_to_from_braket_common_three_qubit_gates[common_gate0]" time="0.003" /><testcase classname="mitiq.interface.mitiq_braket.tests.test_conversions_braket" name="test_to_from_braket_common_three_qubit_gates[common_gate1]" time="0.008" /><testcase classname="mitiq.interface.mitiq_cirq.tests.test_cirq_utils" name="test_sample_bitstrings" time="11.411" /><testcase classname="mitiq.calibration.tests.test_calibration" name="test_convert_to_expval_executor" time="0.944" /><testcase classname="mitiq.cdr.tests.test_cdr" name="test_execute_with_cdr[4-kwargs0-linear_fit_function-cirq]" time="0.103" /><testcase classname="mitiq.cdr.tests.test_cdr" name="test_execute_with_cdr[4-kwargs0-linear_fit_function-pyquil]" time="0.309" /><testcase classname="mitiq.calibration.tests.test_calibration" name="test_execute_with_mitigation" time="20.270" /><testcase classname="mitiq.cdr.tests.test_cdr" name="test_execute_with_cdr[4-kwargs0-linear_fit_function-qiskit]" time="6.758" /><testcase classname="mitiq.cdr.tests.test_cdr" name="test_execute_with_cdr[1-kwargs0-linear_fit_function_no_intercept-braket]" time="0.217" /><testcase classname="mitiq.cdr.tests.test_cdr" name="test_execute_with_cdr[1-kwargs0-linear_fit_function_no_intercept-pennylane]" time="7.392" /><testcase classname="mitiq.cdr.tests.test_cdr" name="test_decorator_execute_with_cdr[4-kwargs1-linear_fit_function_no_intercept-cirq]" time="0.138" /><testcase classname="mitiq.cdr.tests.test_cdr" name="test_decorator_execute_with_cdr[4-kwargs1-linear_fit_function_no_intercept-pyquil]" time="0.360" /><testcase classname="mitiq.cdr.tests.test_cdr" name="test_decorator_execute_with_cdr[4-kwargs1-linear_fit_function_no_intercept-qiskit]" time="6.329" /><testcase classname="mitiq.cdr.tests.test_cdr" name="test_decorator_execute_with_cdr[2-kwargs0-linear_fit_function-cirq]" time="0.142" /><testcase classname="mitiq.cdr.tests.test_cdr" name="test_decorator_execute_with_cdr[2-kwargs0-linear_fit_function-pyquil]" time="0.469" /><testcase classname="mitiq.cdr.tests.test_cdr" name="test_decorator_execute_with_cdr[2-kwargs0-linear_fit_function-qiskit]" time="7.809" /><testcase classname="mitiq.cdr.tests.test_cdr" name="test_execute_with_cdr[4-kwargs0-linear_fit_function-braket]" time="0.215" /><testcase classname="mitiq.cdr.tests.test_cdr" name="test_execute_with_cdr[4-kwargs0-linear_fit_function-pennylane]" time="7.320" /><testcase classname="mitiq.cdr.tests.test_cdr" name="test_execute_with_cdr[1-kwargs1-linear_fit_function-cirq]" time="0.156" /><testcase classname="mitiq.cdr.tests.test_cdr" name="test_execute_with_cdr[1-kwargs1-linear_fit_function-pyquil]" time="0.384" /><testcase classname="mitiq.interface.mitiq_cirq.tests.test_cirq_utils" name="test_compute_density_matrix" time="0.003" /><testcase classname="mitiq.interface.mitiq_cirq.tests.test_cirq_utils" name="test_execute_with_depolarizing_noise" time="0.330" /><testcase classname="mitiq.cdr.tests.test_cdr" name="test_execute_with_cdr[1-kwargs1-linear_fit_function-qiskit]" time="6.601" /><testcase classname="mitiq.cdr.tests.test_cdr" name="test_decorator_execute_with_cdr[4-kwargs1-linear_fit_function_no_intercept-braket]" time="0.220" /><testcase classname="mitiq.interface.mitiq_pennylane.tests.test_conversions_pennylane" name="test_from_pennylane" time="0.024" /><testcase classname="mitiq.interface.mitiq_pennylane.tests.test_conversions_pennylane" name="test_from_pennylane_unsupported_tapes" time="0.002" /><testcase classname="mitiq.interface.mitiq_pennylane.tests.test_conversions_pennylane" name="test_no_variance" time="0.001" /><testcase classname="mitiq.interface.mitiq_pennylane.tests.test_conversions_pennylane" name="test_to_from_pennylane[0]" time="0.136" /><testcase classname="mitiq.cdr.tests.test_cdr" name="test_decorator_execute_with_cdr[4-kwargs1-linear_fit_function_no_intercept-pennylane]" time="7.303" /><testcase classname="mitiq.interface.mitiq_pennylane.tests.test_conversions_pennylane" name="test_to_from_pennylane[1]" time="0.090" /><testcase classname="mitiq.interface.mitiq_pennylane.tests.test_conversions_pennylane" name="test_to_from_pennylane[2]" time="0.116" /><testcase classname="mitiq.interface.mitiq_pennylane.tests.test_conversions_pennylane" name="test_to_from_pennylane[3]" time="0.128" /><testcase classname="mitiq.interface.mitiq_pennylane.tests.test_conversions_pennylane" name="test_to_from_pennylane[4]" time="0.113" /><testcase classname="mitiq.interface.mitiq_pennylane.tests.test_conversions_pennylane" name="test_to_from_pennylane[5]" time="0.111" /><testcase classname="mitiq.interface.mitiq_pennylane.tests.test_conversions_pennylane" name="test_to_from_pennylane[6]" time="0.106" /><testcase classname="mitiq.interface.mitiq_pennylane.tests.test_conversions_pennylane" name="test_to_from_pennylane[7]" time="0.128" /><testcase classname="mitiq.interface.mitiq_pennylane.tests.test_conversions_pennylane" name="test_to_from_pennylane[8]" time="0.125" /><testcase classname="mitiq.interface.mitiq_pennylane.tests.test_conversions_pennylane" name="test_to_from_pennylane[9]" time="0.112" /><testcase classname="mitiq.interface.mitiq_pennylane.tests.test_conversions_pennylane" name="test_to_from_pennylane_cnot_same_gates" time="0.277" /><testcase classname="mitiq.interface.mitiq_pennylane.tests.test_conversions_pennylane" name="test_to_from_pennylane_identity" time="0.236" /><testcase classname="mitiq.interface.mitiq_pennylane.tests.test_conversions_pennylane" name="test_non_consecutive_wires_error" time="0.003" /><testcase classname="mitiq.interface.mitiq_pennylane.tests.test_conversions_pennylane" name="test_integration" time="0.300" /><testcase classname="mitiq.interface.mitiq_qiskit.tests.test_conversions_qiskit" name="test_remove_qasm_barriers" time="0.001" /><testcase classname="mitiq.interface.mitiq_qiskit.tests.test_conversions_qiskit" name="test_bell_state_to_from_circuits" time="0.112" /><testcase classname="mitiq.interface.mitiq_qiskit.tests.test_conversions_qiskit" name="test_bell_state_to_from_qasm" time="0.023" /><testcase classname="mitiq.interface.mitiq_qiskit.tests.test_conversions_qiskit" name="test_random_circuit_to_from_circuits" time="0.113" /><testcase classname="mitiq.interface.mitiq_qiskit.tests.test_conversions_qiskit" name="test_random_circuit_to_from_qasm" time="0.038" /><testcase classname="mitiq.interface.mitiq_qiskit.tests.test_conversions_qiskit" name="test_convert_with_barrier[True]" time="0.024" /><testcase classname="mitiq.interface.mitiq_qiskit.tests.test_conversions_qiskit" name="test_convert_with_barrier[False]" time="0.028" /><testcase classname="mitiq.interface.mitiq_qiskit.tests.test_conversions_qiskit" name="test_convert_with_multiple_barriers[True]" time="0.022" /><testcase classname="mitiq.interface.mitiq_qiskit.tests.test_conversions_qiskit" name="test_convert_with_multiple_barriers[False]" time="0.020" /><testcase classname="mitiq.interface.mitiq_qiskit.tests.test_conversions_qiskit" name="test_map_bit_index[reg_sizes0]" time="0.002" /><testcase classname="mitiq.interface.mitiq_qiskit.tests.test_conversions_qiskit" name="test_map_bit_index[reg_sizes1]" time="0.001" /><testcase classname="mitiq.interface.mitiq_qiskit.tests.test_conversions_qiskit" name="test_map_bit_index[reg_sizes2]" time="0.001" /><testcase classname="mitiq.interface.mitiq_qiskit.tests.test_conversions_qiskit" name="test_transform_qregs_one_qubit_ops[True-True-1]" time="0.054" /><testcase classname="mitiq.interface.mitiq_qiskit.tests.test_conversions_qiskit" name="test_transform_qregs_one_qubit_ops[True-True-5]" time="0.047" /><testcase classname="mitiq.interface.mitiq_qiskit.tests.test_conversions_qiskit" name="test_transform_qregs_one_qubit_ops[True-False-1]" time="0.036" /><testcase classname="mitiq.interface.mitiq_qiskit.tests.test_conversions_qiskit" name="test_transform_qregs_one_qubit_ops[True-False-5]" time="0.048" /><testcase classname="mitiq.interface.mitiq_qiskit.tests.test_conversions_qiskit" name="test_transform_qregs_one_qubit_ops[False-True-1]" time="0.035" /><testcase classname="mitiq.interface.mitiq_qiskit.tests.test_conversions_qiskit" name="test_transform_qregs_one_qubit_ops[False-True-5]" time="0.044" /><testcase classname="mitiq.interface.mitiq_qiskit.tests.test_conversions_qiskit" name="test_transform_qregs_one_qubit_ops[False-False-1]" time="0.050" /><testcase classname="mitiq.interface.mitiq_qiskit.tests.test_conversions_qiskit" name="test_transform_qregs_one_qubit_ops[False-False-5]" time="0.047" /><testcase classname="mitiq.interface.mitiq_qiskit.tests.test_conversions_qiskit" name="test_transform_qregs_two_qubit_ops[new_reg_sizes0]" time="0.118" /><testcase classname="mitiq.interface.mitiq_qiskit.tests.test_conversions_qiskit" name="test_transform_qregs_two_qubit_ops[new_reg_sizes1]" time="0.121" /><testcase classname="mitiq.cdr.tests.test_cdr" name="test_mitigated_execute_with_cdr[5-kwargs0-linear_fit_function-cirq]" time="0.416" /><testcase classname="mitiq.interface.mitiq_qiskit.tests.test_conversions_qiskit" name="test_transform_qregs_two_qubit_ops[new_reg_sizes2]" time="0.130" /><testcase classname="mitiq.interface.mitiq_qiskit.tests.test_conversions_qiskit" name="test_transform_qregs_two_qubit_ops[new_reg_sizes3]" time="0.123" /><testcase classname="mitiq.interface.mitiq_qiskit.tests.test_conversions_qiskit" name="test_transform_qregs_random_circuit[True-new_reg_sizes0]" time="0.130" /><testcase classname="mitiq.cdr.tests.test_cdr" name="test_mitigated_execute_with_cdr[5-kwargs0-linear_fit_function-pyquil]" time="1.408" /><testcase classname="mitiq.cdr.tests.test_cdr" name="test_decorator_execute_with_cdr[2-kwargs0-linear_fit_function-braket]" time="0.269" /><testcase classname="mitiq.interface.mitiq_qiskit.tests.test_conversions_qiskit" name="test_transform_qregs_random_circuit[True-new_reg_sizes1]" time="0.159" /><testcase classname="mitiq.interface.mitiq_qiskit.tests.test_conversions_qiskit" name="test_transform_qregs_random_circuit[True-new_reg_sizes2]" time="0.151" /><testcase classname="mitiq.cdr.tests.test_cdr" name="test_decorator_execute_with_cdr[2-kwargs0-linear_fit_function-pennylane]" time="8.688" /><testcase classname="mitiq.interface.mitiq_qiskit.tests.test_conversions_qiskit" name="test_transform_qregs_random_circuit[True-new_reg_sizes3]" time="0.324" /><testcase classname="mitiq.cdr.tests.test_cdr" name="test_execute_with_cdr[4-kwargs0-linear_fit_function_no_intercept-cirq]" time="0.118" /><testcase classname="mitiq.cdr.tests.test_cdr" name="test_execute_with_cdr[4-kwargs0-linear_fit_function_no_intercept-pyquil]" time="0.336" /><testcase classname="mitiq.interface.mitiq_qiskit.tests.test_conversions_qiskit" name="test_transform_qregs_random_circuit[False-new_reg_sizes0]" time="0.131" /><testcase classname="mitiq.interface.mitiq_qiskit.tests.test_conversions_qiskit" name="test_transform_qregs_random_circuit[False-new_reg_sizes1]" time="0.149" /><testcase classname="mitiq.cdr.tests.test_cdr" name="test_execute_with_cdr[4-kwargs0-linear_fit_function_no_intercept-qiskit]" time="7.027" /><testcase classname="mitiq.interface.mitiq_qiskit.tests.test_conversions_qiskit" name="test_transform_qregs_random_circuit[False-new_reg_sizes2]" time="0.141" /><testcase classname="mitiq.interface.mitiq_qiskit.tests.test_conversions_qiskit" name="test_transform_qregs_random_circuit[False-new_reg_sizes3]" time="0.140" /><testcase classname="mitiq.interface.mitiq_qiskit.tests.test_conversions_qiskit" name="test_transform_qregs_no_new_qregs" time="0.000" /><testcase classname="mitiq.interface.mitiq_qiskit.tests.test_conversions_qiskit" name="test_transform_registers_too_few_qubits" time="0.002" /><testcase classname="mitiq.interface.mitiq_qiskit.tests.test_conversions_qiskit" name="test_transform_registers_adds_idle_qubits" time="0.005" /><testcase classname="mitiq.interface.mitiq_qiskit.tests.test_conversions_qiskit" name="test_transform_registers_wrong_reg_number" time="0.002" /><testcase classname="mitiq.interface.mitiq_qiskit.tests.test_conversions_qiskit" name="test_measurement_order[5]" time="0.001" /><testcase classname="mitiq.interface.mitiq_qiskit.tests.test_conversions_qiskit" name="test_add_identity_to_idle" time="0.001" /><testcase classname="mitiq.interface.mitiq_qiskit.tests.test_conversions_qiskit" name="test_remove_identity_from_idle" time="0.001" /><testcase classname="mitiq.interface.mitiq_qiskit.tests.test_conversions_qiskit" name="test_add_identity_to_idle_with_multiple_registers" time="0.073" /><testcase classname="mitiq.interface.mitiq_qiskit.tests.test_conversions_qiskit" name="test_remove_identity_from_idle_with_multiple_registers" time="0.014" /><testcase classname="mitiq.cdr.tests.test_cdr" name="test_mitigated_execute_with_cdr[5-kwargs0-linear_fit_function-qiskit]" time="27.283" /><testcase classname="mitiq.interface.mitiq_qiskit.tests.test_qiskit_utils" name="test_execute" time="0.052" /><testcase classname="mitiq.interface.mitiq_qiskit.tests.test_qiskit_utils" name="test_execute_with_shots" time="0.024" /><testcase classname="mitiq.interface.mitiq_qiskit.tests.test_qiskit_utils" name="test_execute_with_depolarizing_noise_single_qubit" time="0.019" /><testcase classname="mitiq.interface.mitiq_qiskit.tests.test_qiskit_utils" name="test_execute_with_depolarizing_noise_two_qubit" time="0.023" /><testcase classname="mitiq.interface.mitiq_qiskit.tests.test_qiskit_utils" name="test_execute_with_shots_and_depolarizing_noise_single_qubit" time="0.025" /><testcase classname="mitiq.interface.mitiq_qiskit.tests.test_qiskit_utils" name="test_execute_with_shots_and_depolarizing_noise_two_qubit" time="0.027" /><testcase classname="mitiq.interface.mitiq_qiskit.tests.test_qiskit_utils" name="test_circuit_is_not_mutated_by_executors" time="0.045" /><testcase classname="mitiq.interface.mitiq_qiskit.tests.test_qiskit_utils" name="test_sample_bitstrings" time="0.006" /><testcase classname="mitiq.interface.mitiq_qiskit.tests.test_qiskit_utils" name="test_sample_bitstrings_with_measure_all" time="0.011" /><testcase classname="mitiq.interface.mitiq_qiskit.tests.test_qiskit_utils" name="test_sample_bitstrings_with_backend" time="0.133" /><testcase classname="mitiq.interface.mitiq_qiskit.tests.test_qiskit_utils" name="test_sample_bitstrings_error_message" time="0.001" /><testcase classname="mitiq.interface.mitiq_qiskit.tests.test_qiskit_utils" name="test_compute_expectation_value_on_noisy_backend_with_noise_model" time="0.667" /><testcase classname="mitiq.interface.mitiq_qiskit.tests.test_qiskit_utils" name="test_compute_expectation_value_on_noisy_backend_with_qiskit_backend" time="0.678" /><testcase classname="mitiq.cdr.tests.test_cdr" name="test_execute_with_cdr[1-kwargs1-linear_fit_function-braket]" time="0.255" /><testcase classname="mitiq.observable.tests.test_observable" name="test_observable" time="0.005" /><testcase classname="mitiq.observable.tests.test_observable" name="test_observable_from_pauli_string_collections" time="0.001" /><testcase classname="mitiq.observable.tests.test_observable" name="test_observable_partition_one_set" time="0.003" /><testcase classname="mitiq.observable.tests.test_observable" name="test_observable_partition_single_qubit_paulis" time="0.002" /><testcase classname="mitiq.observable.tests.test_observable" name="test_observable_partition_can_be_measured_with" time="0.043" /><testcase classname="mitiq.cdr.tests.test_cdr" name="test_execute_with_cdr[1-kwargs1-linear_fit_function-pennylane]" time="7.955" /><testcase classname="mitiq.observable.tests.test_observable" name="test_observable_measure_in_needs_one_circuit_z" time="0.003" /><testcase classname="mitiq.observable.tests.test_observable" name="test_observable_measure_in_needs_one_circuit_x" time="0.003" /><testcase classname="mitiq.observable.tests.test_observable" name="test_observable_measure_in_needs_two_circuits" time="0.002" /><testcase classname="mitiq.observable.tests.test_observable" name="test_observable_expectation_from_measurements_one_pauli_string" time="0.005" /><testcase classname="mitiq.observable.tests.test_observable" name="test_observable_expectation_from_measurements_two_pauli_strings" time="0.003" /><testcase classname="mitiq.observable.tests.test_observable" name="test_observable_expectation_one_circuit[sample_bitstrings-1]" time="0.119" /><testcase classname="mitiq.observable.tests.test_observable" name="test_observable_expectation_one_circuit[sample_bitstrings-2]" time="0.135" /><testcase classname="mitiq.observable.tests.test_observable" name="test_observable_expectation_one_circuit[sample_bitstrings-3]" time="0.168" /><testcase classname="mitiq.observable.tests.test_observable" name="test_observable_expectation_one_circuit[compute_density_matrix-1]" time="0.008" /><testcase classname="mitiq.observable.tests.test_observable" name="test_observable_expectation_one_circuit[compute_density_matrix-2]" time="0.003" /><testcase classname="mitiq.observable.tests.test_observable" name="test_observable_expectation_one_circuit[compute_density_matrix-3]" time="0.003" /><testcase classname="mitiq.observable.tests.test_observable" name="test_observable_expectation_two_circuits[sample_bitstrings-1]" time="0.232" /><testcase classname="mitiq.observable.tests.test_observable" name="test_observable_expectation_two_circuits[sample_bitstrings-2]" time="0.315" /><testcase classname="mitiq.cdr.tests.test_cdr" name="test_decorator_execute_with_cdr[5-kwargs0-linear_fit_function-cirq]" time="0.132" /><testcase classname="mitiq.cdr.tests.test_cdr" name="test_decorator_execute_with_cdr[5-kwargs0-linear_fit_function-pyquil]" time="0.382" /><testcase classname="mitiq.observable.tests.test_observable" name="test_observable_expectation_two_circuits[sample_bitstrings-3]" time="0.458" /><testcase classname="mitiq.cdr.tests.test_cdr" name="test_decorator_execute_with_cdr[5-kwargs0-linear_fit_function-qiskit]" time="7.608" /><testcase classname="mitiq.observable.tests.test_observable" name="test_observable_expectation_two_circuits[compute_density_matrix-1]" time="0.005" /><testcase classname="mitiq.observable.tests.test_observable" name="test_observable_expectation_two_circuits[compute_density_matrix-2]" time="0.003" /><testcase classname="mitiq.observable.tests.test_observable" name="test_observable_expectation_two_circuits[compute_density_matrix-3]" time="0.004" /><testcase classname="mitiq.observable.tests.test_observable" name="test_observable_expectation_supported_qubits[sample_bitstrings]" time="0.316" /><testcase classname="mitiq.observable.tests.test_observable" name="test_observable_expectation_supported_qubits[compute_density_matrix]" time="0.007" /><testcase classname="mitiq.observable.tests.test_pauli" name="test_pauli_init" time="0.001" /><testcase classname="mitiq.observable.tests.test_pauli" name="test_pauli_init_empty" time="0.000" /><testcase classname="mitiq.observable.tests.test_pauli" name="test_pauli_init_with_support" time="0.001" /><testcase classname="mitiq.observable.tests.test_pauli" name="test_pauli_eq" time="0.001" /><testcase classname="mitiq.observable.tests.test_pauli" name="test_matrix" time="0.001" /><testcase classname="mitiq.observable.tests.test_pauli" name="test_pauli_matrix_include_qubits" time="0.001" /><testcase classname="mitiq.observable.tests.test_pauli" name="test_pauli_measure_in_circuit[cirq-support0]" time="0.003" /><testcase classname="mitiq.observable.tests.test_pauli" name="test_pauli_measure_in_circuit[cirq-support1]" time="0.011" /><testcase classname="mitiq.observable.tests.test_pauli" name="test_pauli_measure_in_circuit[qiskit-support0]" time="0.288" /><testcase classname="mitiq.observable.tests.test_pauli" name="test_pauli_measure_in_circuit[qiskit-support1]" time="0.302" /><testcase classname="mitiq.observable.tests.test_pauli" name="test_pauli_measure_in_circuit[pyquil-support0]" time="0.020" /><testcase classname="mitiq.observable.tests.test_pauli" name="test_pauli_measure_in_circuit[pyquil-support1]" time="0.009" /><testcase classname="mitiq.observable.tests.test_pauli" name="test_pauli_measure_in_bad_qubits_error" time="0.001" /><testcase classname="mitiq.observable.tests.test_pauli" name="test_can_be_measured_with_single_qubit" time="0.001" /><testcase classname="mitiq.observable.tests.test_pauli" name="test_can_be_measured_with_two_qubits" time="0.004" /><testcase classname="mitiq.observable.tests.test_pauli" name="test_can_be_measured_with_non_overlapping_paulis" time="0.001" /><testcase classname="mitiq.observable.tests.test_pauli" name="test_weight" time="0.001" /><testcase classname="mitiq.observable.tests.test_pauli" name="test_multiplication" time="0.002" /><testcase classname="mitiq.observable.tests.test_pauli" name="test_expectation_from_measurements_identity[1-0]" time="0.001" /><testcase classname="mitiq.observable.tests.test_pauli" name="test_expectation_from_measurements_identity[1-1]" time="0.004" /><testcase classname="mitiq.observable.tests.test_pauli" name="test_expectation_from_measurements_identity[1-2]" time="0.002" /><testcase classname="mitiq.observable.tests.test_pauli" name="test_expectation_from_measurements_identity[1-3]" time="0.001" /><testcase classname="mitiq.observable.tests.test_pauli" name="test_expectation_from_measurements_identity[1-4]" time="0.001" /><testcase classname="mitiq.observable.tests.test_pauli" name="test_expectation_from_measurements_identity[2-0]" time="0.001" /><testcase classname="mitiq.observable.tests.test_pauli" name="test_expectation_from_measurements_identity[2-1]" time="0.001" /><testcase classname="mitiq.observable.tests.test_pauli" name="test_expectation_from_measurements_identity[2-2]" time="0.001" /><testcase classname="mitiq.observable.tests.test_pauli" name="test_expectation_from_measurements_identity[2-3]" time="0.019" /><testcase classname="mitiq.observable.tests.test_pauli" name="test_expectation_from_measurements_identity[2-4]" time="0.001" /><testcase classname="mitiq.observable.tests.test_pauli" name="test_expectation_from_measurements_identity[5-0]" time="0.001" /><testcase classname="mitiq.observable.tests.test_pauli" name="test_expectation_from_measurements_identity[5-1]" time="0.001" /><testcase classname="mitiq.observable.tests.test_pauli" name="test_expectation_from_measurements_identity[5-2]" time="0.001" /><testcase classname="mitiq.observable.tests.test_pauli" name="test_expectation_from_measurements_identity[5-3]" time="0.003" /><testcase classname="mitiq.observable.tests.test_pauli" name="test_expectation_from_measurements_identity[5-4]" time="0.002" /><testcase classname="mitiq.observable.tests.test_pauli" name="test_expectation_from_measurements_two_qubits" time="0.011" /><testcase classname="mitiq.observable.tests.test_pauli" name="test_pstringcollection" time="0.001" /><testcase classname="mitiq.observable.tests.test_pauli" name="test_pstring_collection_empty" time="0.001" /><testcase classname="mitiq.observable.tests.test_pauli" name="test_pstring_collection_str" time="0.001" /><testcase classname="mitiq.observable.tests.test_pauli" name="test_pstring_collection_add" time="0.001" /><testcase classname="mitiq.observable.tests.test_pauli" name="test_pstring_collection_len" time="0.001" /><testcase classname="mitiq.observable.tests.test_pauli" name="test_pstring_collection_eq" time="0.001" /><testcase classname="mitiq.observable.tests.test_pauli" name="test_pstringcollection_expectation_from_measurements" time="0.001" /><testcase classname="mitiq.observable.tests.test_pauli" name="test_pstringcollection_expectation_from_measurements_qubit_indices" time="0.001" /><testcase classname="mitiq.pec.representations.tests.test_biased_noise" name="test_single_qubit_representation_norm[gate0-0-0]" time="0.008" /><testcase classname="mitiq.pec.representations.tests.test_biased_noise" name="test_single_qubit_representation_norm[gate0-0-0.1]" time="0.002" /><testcase classname="mitiq.pec.representations.tests.test_biased_noise" name="test_single_qubit_representation_norm[gate0-0-0.7]" time="0.004" /><testcase classname="mitiq.pec.representations.tests.test_biased_noise" name="test_single_qubit_representation_norm[gate0-1-0]" time="0.002" /><testcase classname="mitiq.pec.representations.tests.test_biased_noise" name="test_single_qubit_representation_norm[gate0-1-0.1]" time="0.002" /><testcase classname="mitiq.pec.representations.tests.test_biased_noise" name="test_single_qubit_representation_norm[gate0-1-0.7]" time="0.002" /><testcase classname="mitiq.pec.representations.tests.test_biased_noise" name="test_single_qubit_representation_norm[gate0-1000-0]" time="0.003" /><testcase classname="mitiq.pec.representations.tests.test_biased_noise" name="test_single_qubit_representation_norm[gate0-1000-0.1]" time="0.002" /><testcase classname="mitiq.pec.representations.tests.test_biased_noise" name="test_single_qubit_representation_norm[gate0-1000-0.7]" time="0.004" /><testcase classname="mitiq.pec.representations.tests.test_biased_noise" name="test_single_qubit_representation_norm[gate1-0-0]" time="0.002" /><testcase classname="mitiq.pec.representations.tests.test_biased_noise" name="test_single_qubit_representation_norm[gate1-0-0.1]" time="0.002" /><testcase classname="mitiq.pec.representations.tests.test_biased_noise" name="test_single_qubit_representation_norm[gate1-0-0.7]" time="0.002" /><testcase classname="mitiq.pec.representations.tests.test_biased_noise" name="test_single_qubit_representation_norm[gate1-1-0]" time="0.002" /><testcase classname="mitiq.pec.representations.tests.test_biased_noise" name="test_single_qubit_representation_norm[gate1-1-0.1]" time="0.002" /><testcase classname="mitiq.pec.representations.tests.test_biased_noise" name="test_single_qubit_representation_norm[gate1-1-0.7]" time="0.002" /><testcase classname="mitiq.pec.representations.tests.test_biased_noise" name="test_single_qubit_representation_norm[gate1-1000-0]" time="0.002" /><testcase classname="mitiq.pec.representations.tests.test_biased_noise" name="test_single_qubit_representation_norm[gate1-1000-0.1]" time="0.004" /><testcase classname="mitiq.pec.representations.tests.test_biased_noise" name="test_single_qubit_representation_norm[gate1-1000-0.7]" time="0.005" /><testcase classname="mitiq.pec.representations.tests.test_biased_noise" name="test_single_qubit_representation_norm[gate2-0-0]" time="0.002" /><testcase classname="mitiq.pec.representations.tests.test_biased_noise" name="test_single_qubit_representation_norm[gate2-0-0.1]" time="0.002" /><testcase classname="mitiq.pec.representations.tests.test_biased_noise" name="test_single_qubit_representation_norm[gate2-0-0.7]" time="0.002" /><testcase classname="mitiq.pec.representations.tests.test_biased_noise" name="test_single_qubit_representation_norm[gate2-1-0]" time="0.006" /><testcase classname="mitiq.pec.representations.tests.test_biased_noise" name="test_single_qubit_representation_norm[gate2-1-0.1]" time="0.007" /><testcase classname="mitiq.pec.representations.tests.test_biased_noise" name="test_single_qubit_representation_norm[gate2-1-0.7]" time="0.013" /><testcase classname="mitiq.pec.representations.tests.test_biased_noise" name="test_single_qubit_representation_norm[gate2-1000-0]" time="0.003" /><testcase classname="mitiq.pec.representations.tests.test_biased_noise" name="test_single_qubit_representation_norm[gate2-1000-0.1]" time="0.002" /><testcase classname="mitiq.pec.representations.tests.test_biased_noise" name="test_single_qubit_representation_norm[gate2-1000-0.7]" time="0.004" /><testcase classname="mitiq.pec.representations.tests.test_biased_noise" name="test_single_qubit_representation_norm[gate3-0-0]" time="0.002" /><testcase classname="mitiq.pec.representations.tests.test_biased_noise" name="test_single_qubit_representation_norm[gate3-0-0.1]" time="0.002" /><testcase classname="mitiq.pec.representations.tests.test_biased_noise" name="test_single_qubit_representation_norm[gate3-0-0.7]" time="0.002" /><testcase classname="mitiq.pec.representations.tests.test_biased_noise" name="test_single_qubit_representation_norm[gate3-1-0]" time="0.004" /><testcase classname="mitiq.pec.representations.tests.test_biased_noise" name="test_single_qubit_representation_norm[gate3-1-0.1]" time="0.004" /><testcase classname="mitiq.pec.representations.tests.test_biased_noise" name="test_single_qubit_representation_norm[gate3-1-0.7]" time="0.003" /><testcase classname="mitiq.pec.representations.tests.test_biased_noise" name="test_single_qubit_representation_norm[gate3-1000-0]" time="0.002" /><testcase classname="mitiq.pec.representations.tests.test_biased_noise" name="test_single_qubit_representation_norm[gate3-1000-0.1]" time="0.002" /><testcase classname="mitiq.pec.representations.tests.test_biased_noise" name="test_single_qubit_representation_norm[gate3-1000-0.7]" time="0.003" /><testcase classname="mitiq.pec.representations.tests.test_biased_noise" name="test_two_qubit_representation_norm[gate0-0-0]" time="0.011" /><testcase classname="mitiq.pec.representations.tests.test_biased_noise" name="test_two_qubit_representation_norm[gate0-0-0.1]" time="0.008" /><testcase classname="mitiq.pec.representations.tests.test_biased_noise" name="test_two_qubit_representation_norm[gate0-0-0.7]" time="0.007" /><testcase classname="mitiq.pec.representations.tests.test_biased_noise" name="test_two_qubit_representation_norm[gate0-1-0]" time="0.020" /><testcase classname="mitiq.cdr.tests.test_cdr" name="test_mitigated_execute_with_cdr[2-kwargs0-linear_fit_function-braket]" time="1.178" /><testcase classname="mitiq.pec.representations.tests.test_biased_noise" name="test_two_qubit_representation_norm[gate0-1-0.1]" time="0.019" /><testcase classname="mitiq.pec.representations.tests.test_biased_noise" name="test_two_qubit_representation_norm[gate0-1-0.7]" time="0.011" /><testcase classname="mitiq.pec.representations.tests.test_biased_noise" name="test_two_qubit_representation_norm[gate0-1000-0]" time="0.007" /><testcase classname="mitiq.pec.representations.tests.test_biased_noise" name="test_two_qubit_representation_norm[gate0-1000-0.1]" time="0.006" /><testcase classname="mitiq.pec.representations.tests.test_biased_noise" name="test_two_qubit_representation_norm[gate0-1000-0.7]" time="0.014" /><testcase classname="mitiq.pec.representations.tests.test_biased_noise" name="test_two_qubit_representation_norm[gate1-0-0]" time="0.006" /><testcase classname="mitiq.pec.representations.tests.test_biased_noise" name="test_two_qubit_representation_norm[gate1-0-0.1]" time="0.016" /><testcase classname="mitiq.pec.representations.tests.test_biased_noise" name="test_two_qubit_representation_norm[gate1-0-0.7]" time="0.009" /><testcase classname="mitiq.calibration.tests.test_calibration" name="test_double_run" time="36.150" /><testcase classname="mitiq.pec.representations.tests.test_biased_noise" name="test_two_qubit_representation_norm[gate1-1-0]" time="0.014" /><testcase classname="mitiq.pec.representations.tests.test_biased_noise" name="test_two_qubit_representation_norm[gate1-1-0.1]" time="0.020" /><testcase classname="mitiq.pec.representations.tests.test_biased_noise" name="test_two_qubit_representation_norm[gate1-1-0.7]" time="0.006" /><testcase classname="mitiq.pec.representations.tests.test_biased_noise" name="test_two_qubit_representation_norm[gate1-1000-0]" time="0.023" /><testcase classname="mitiq.pec.representations.tests.test_biased_noise" name="test_two_qubit_representation_norm[gate1-1000-0.1]" time="0.009" /><testcase classname="mitiq.pec.representations.tests.test_biased_noise" name="test_two_qubit_representation_norm[gate1-1000-0.7]" time="0.016" /><testcase classname="mitiq.pec.representations.tests.test_biased_noise" name="test_two_qubit_representation_norm[gate2-0-0]" time="0.010" /><testcase classname="mitiq.pec.representations.tests.test_biased_noise" name="test_two_qubit_representation_norm[gate2-0-0.1]" time="0.007" /><testcase classname="mitiq.pec.representations.tests.test_biased_noise" name="test_two_qubit_representation_norm[gate2-0-0.7]" time="0.007" /><testcase classname="mitiq.pec.representations.tests.test_biased_noise" name="test_two_qubit_representation_norm[gate2-1-0]" time="0.008" /><testcase classname="mitiq.pec.representations.tests.test_biased_noise" name="test_two_qubit_representation_norm[gate2-1-0.1]" time="0.006" /><testcase classname="mitiq.pec.representations.tests.test_biased_noise" name="test_two_qubit_representation_norm[gate2-1-0.7]" time="0.006" /><testcase classname="mitiq.pec.representations.tests.test_biased_noise" name="test_two_qubit_representation_norm[gate2-1000-0]" time="0.013" /><testcase classname="mitiq.pec.representations.tests.test_biased_noise" name="test_two_qubit_representation_norm[gate2-1000-0.1]" time="0.009" /><testcase classname="mitiq.pec.representations.tests.test_biased_noise" name="test_two_qubit_representation_norm[gate2-1000-0.7]" time="0.010" /><testcase classname="mitiq.pec.representations.tests.test_biased_noise" name="test_two_qubit_representation_norm[gate3-0-0]" time="0.006" /><testcase classname="mitiq.pec.representations.tests.test_biased_noise" name="test_two_qubit_representation_norm[gate3-0-0.1]" time="0.009" /><testcase classname="mitiq.pec.representations.tests.test_biased_noise" name="test_two_qubit_representation_norm[gate3-0-0.7]" time="0.006" /><testcase classname="mitiq.pec.representations.tests.test_biased_noise" name="test_two_qubit_representation_norm[gate3-1-0]" time="0.006" /><testcase classname="mitiq.pec.representations.tests.test_biased_noise" name="test_two_qubit_representation_norm[gate3-1-0.1]" time="0.022" /><testcase classname="mitiq.pec.representations.tests.test_biased_noise" name="test_two_qubit_representation_norm[gate3-1-0.7]" time="0.006" /><testcase classname="mitiq.pec.representations.tests.test_biased_noise" name="test_two_qubit_representation_norm[gate3-1000-0]" time="0.006" /><testcase classname="mitiq.pec.representations.tests.test_biased_noise" name="test_two_qubit_representation_norm[gate3-1000-0.1]" time="0.014" /><testcase classname="mitiq.pec.representations.tests.test_biased_noise" name="test_two_qubit_representation_norm[gate3-1000-0.7]" time="0.008" /><testcase classname="mitiq.pec.representations.tests.test_biased_noise" name="test_three_qubit_biased_noise_representation_error" time="0.001" /><testcase classname="mitiq.pec.representations.tests.test_biased_noise" name="test_biased_noise_representation_with_choi[gate0-0-0]" time="0.023" /><testcase classname="mitiq.pec.representations.tests.test_biased_noise" name="test_biased_noise_representation_with_choi[gate0-0-0.1]" time="0.020" /><testcase classname="mitiq.pec.representations.tests.test_biased_noise" name="test_biased_noise_representation_with_choi[gate0-0-0.7]" time="0.018" /><testcase classname="mitiq.pec.representations.tests.test_biased_noise" name="test_biased_noise_representation_with_choi[gate0-1-0]" time="0.015" /><testcase classname="mitiq.pec.representations.tests.test_biased_noise" name="test_biased_noise_representation_with_choi[gate0-1-0.1]" time="0.020" /><testcase classname="mitiq.pec.representations.tests.test_biased_noise" name="test_biased_noise_representation_with_choi[gate0-1-0.7]" time="0.018" /><testcase classname="mitiq.pec.representations.tests.test_biased_noise" name="test_biased_noise_representation_with_choi[gate0-1000-0]" time="0.021" /><testcase classname="mitiq.pec.representations.tests.test_biased_noise" name="test_biased_noise_representation_with_choi[gate0-1000-0.1]" time="0.026" /><testcase classname="mitiq.pec.representations.tests.test_biased_noise" name="test_biased_noise_representation_with_choi[gate0-1000-0.7]" time="0.027" /><testcase classname="mitiq.pec.representations.tests.test_biased_noise" name="test_biased_noise_representation_with_choi[gate1-0-0]" time="0.024" /><testcase classname="mitiq.pec.representations.tests.test_biased_noise" name="test_biased_noise_representation_with_choi[gate1-0-0.1]" time="0.012" /><testcase classname="mitiq.pec.representations.tests.test_biased_noise" name="test_biased_noise_representation_with_choi[gate1-0-0.7]" time="0.025" /><testcase classname="mitiq.pec.representations.tests.test_biased_noise" name="test_biased_noise_representation_with_choi[gate1-1-0]" time="0.020" /><testcase classname="mitiq.pec.representations.tests.test_biased_noise" name="test_biased_noise_representation_with_choi[gate1-1-0.1]" time="0.023" /><testcase classname="mitiq.pec.representations.tests.test_biased_noise" name="test_biased_noise_representation_with_choi[gate1-1-0.7]" time="0.014" /><testcase classname="mitiq.pec.representations.tests.test_biased_noise" name="test_biased_noise_representation_with_choi[gate1-1000-0]" time="0.022" /><testcase classname="mitiq.pec.representations.tests.test_biased_noise" name="test_biased_noise_representation_with_choi[gate1-1000-0.1]" time="0.014" /><testcase classname="mitiq.pec.representations.tests.test_biased_noise" name="test_biased_noise_representation_with_choi[gate1-1000-0.7]" time="0.020" /><testcase classname="mitiq.pec.representations.tests.test_biased_noise" name="test_biased_noise_representation_with_choi[gate2-0-0]" time="0.021" /><testcase classname="mitiq.pec.representations.tests.test_biased_noise" name="test_biased_noise_representation_with_choi[gate2-0-0.1]" time="0.019" /><testcase classname="mitiq.pec.representations.tests.test_biased_noise" name="test_biased_noise_representation_with_choi[gate2-0-0.7]" time="0.015" /><testcase classname="mitiq.pec.representations.tests.test_biased_noise" name="test_biased_noise_representation_with_choi[gate2-1-0]" time="0.027" /><testcase classname="mitiq.pec.representations.tests.test_biased_noise" name="test_biased_noise_representation_with_choi[gate2-1-0.1]" time="0.015" /><testcase classname="mitiq.pec.representations.tests.test_biased_noise" name="test_biased_noise_representation_with_choi[gate2-1-0.7]" time="0.023" /><testcase classname="mitiq.pec.representations.tests.test_biased_noise" name="test_biased_noise_representation_with_choi[gate2-1000-0]" time="0.022" /><testcase classname="mitiq.pec.representations.tests.test_biased_noise" name="test_biased_noise_representation_with_choi[gate2-1000-0.1]" time="0.021" /><testcase classname="mitiq.pec.representations.tests.test_biased_noise" name="test_biased_noise_representation_with_choi[gate2-1000-0.7]" time="0.020" /><testcase classname="mitiq.pec.representations.tests.test_biased_noise" name="test_biased_noise_representation_with_choi[gate3-0-0]" time="0.019" /><testcase classname="mitiq.pec.representations.tests.test_biased_noise" name="test_biased_noise_representation_with_choi[gate3-0-0.1]" time="0.020" /><testcase classname="mitiq.pec.representations.tests.test_biased_noise" name="test_biased_noise_representation_with_choi[gate3-0-0.7]" time="0.016" /><testcase classname="mitiq.pec.representations.tests.test_biased_noise" name="test_biased_noise_representation_with_choi[gate3-1-0]" time="0.025" /><testcase classname="mitiq.pec.representations.tests.test_biased_noise" name="test_biased_noise_representation_with_choi[gate3-1-0.1]" time="0.034" /><testcase classname="mitiq.pec.representations.tests.test_biased_noise" name="test_biased_noise_representation_with_choi[gate3-1-0.7]" time="0.024" /><testcase classname="mitiq.pec.representations.tests.test_biased_noise" name="test_biased_noise_representation_with_choi[gate3-1000-0]" time="0.019" /><testcase classname="mitiq.cdr.tests.test_cdr" name="test_mitigated_execute_with_cdr[2-kwargs0-linear_fit_function-pennylane]" time="32.405" /><testcase classname="mitiq.pec.representations.tests.test_biased_noise" name="test_biased_noise_representation_with_choi[gate3-1000-0.1]" time="0.021" /><testcase classname="mitiq.pec.representations.tests.test_biased_noise" name="test_biased_noise_representation_with_choi[gate3-1000-0.7]" time="0.022" /><testcase classname="mitiq.pec.representations.tests.test_biased_noise" name="test_biased_noise_representation_with_choi[gate4-0-0]" time="0.128" /><testcase classname="mitiq.pec.representations.tests.test_biased_noise" name="test_biased_noise_representation_with_choi[gate4-0-0.1]" time="0.112" /><testcase classname="mitiq.pec.representations.tests.test_biased_noise" name="test_biased_noise_representation_with_choi[gate4-0-0.7]" time="0.110" /><testcase classname="mitiq.pec.representations.tests.test_biased_noise" name="test_biased_noise_representation_with_choi[gate4-1-0]" time="0.103" /><testcase classname="mitiq.pec.representations.tests.test_biased_noise" name="test_biased_noise_representation_with_choi[gate4-1-0.1]" time="0.114" /><testcase classname="mitiq.pec.representations.tests.test_biased_noise" name="test_biased_noise_representation_with_choi[gate4-1-0.7]" time="0.112" /><testcase classname="mitiq.cdr.tests.test_cdr" name="test_execute_with_cdr[4-kwargs0-linear_fit_function_no_intercept-braket]" time="0.243" /><testcase classname="mitiq.pec.representations.tests.test_biased_noise" name="test_biased_noise_representation_with_choi[gate4-1000-0]" time="0.114" /><testcase classname="mitiq.pec.representations.tests.test_biased_noise" name="test_biased_noise_representation_with_choi[gate4-1000-0.1]" time="0.101" /><testcase classname="mitiq.cdr.tests.test_cdr" name="test_execute_with_cdr[4-kwargs0-linear_fit_function_no_intercept-pennylane]" time="7.934" /><testcase classname="mitiq.pec.representations.tests.test_biased_noise" name="test_biased_noise_representation_with_choi[gate4-1000-0.7]" time="0.117" /><testcase classname="mitiq.pec.representations.tests.test_biased_noise" name="test_biased_noise_representation_with_choi[gate5-0-0]" time="0.113" /><testcase classname="mitiq.pec.representations.tests.test_biased_noise" name="test_biased_noise_representation_with_choi[gate5-0-0.1]" time="0.118" /><testcase classname="mitiq.pec.representations.tests.test_biased_noise" name="test_biased_noise_representation_with_choi[gate5-0-0.7]" time="0.094" /><testcase classname="mitiq.pec.representations.tests.test_biased_noise" name="test_biased_noise_representation_with_choi[gate5-1-0]" time="0.128" /><testcase classname="mitiq.pec.representations.tests.test_biased_noise" name="test_biased_noise_representation_with_choi[gate5-1-0.1]" time="0.117" /><testcase classname="mitiq.pec.representations.tests.test_biased_noise" name="test_biased_noise_representation_with_choi[gate5-1-0.7]" time="0.115" /><testcase classname="mitiq.cdr.tests.test_cdr" name="test_decorator_execute_with_cdr[2-kwargs0-linear_fit_function_no_intercept-cirq]" time="0.152" /><testcase classname="mitiq.pec.representations.tests.test_biased_noise" name="test_biased_noise_representation_with_choi[gate5-1000-0]" time="0.112" /><testcase classname="mitiq.pec.representations.tests.test_biased_noise" name="test_biased_noise_representation_with_choi[gate5-1000-0.1]" time="0.119" /><testcase classname="mitiq.cdr.tests.test_cdr" name="test_decorator_execute_with_cdr[2-kwargs0-linear_fit_function_no_intercept-pyquil]" time="0.459" /><testcase classname="mitiq.pec.representations.tests.test_biased_noise" name="test_biased_noise_representation_with_choi[gate5-1000-0.7]" time="0.125" /><testcase classname="mitiq.pec.representations.tests.test_biased_noise" name="test_biased_noise_representation_with_choi[gate6-0-0]" time="0.105" /><testcase classname="mitiq.pec.representations.tests.test_biased_noise" name="test_biased_noise_representation_with_choi[gate6-0-0.1]" time="0.120" /><testcase classname="mitiq.pec.representations.tests.test_biased_noise" name="test_biased_noise_representation_with_choi[gate6-0-0.7]" time="0.126" /><testcase classname="mitiq.cdr.tests.test_cdr" name="test_decorator_execute_with_cdr[2-kwargs0-linear_fit_function_no_intercept-qiskit]" time="8.275" /><testcase classname="mitiq.pec.representations.tests.test_biased_noise" name="test_biased_noise_representation_with_choi[gate6-1-0]" time="0.123" /><testcase classname="mitiq.pec.representations.tests.test_biased_noise" name="test_biased_noise_representation_with_choi[gate6-1-0.1]" time="0.115" /><testcase classname="mitiq.pec.representations.tests.test_biased_noise" name="test_biased_noise_representation_with_choi[gate6-1-0.7]" time="0.100" /><testcase classname="mitiq.pec.representations.tests.test_biased_noise" name="test_biased_noise_representation_with_choi[gate6-1000-0]" time="0.127" /><testcase classname="mitiq.pec.representations.tests.test_biased_noise" name="test_biased_noise_representation_with_choi[gate6-1000-0.1]" time="0.116" /><testcase classname="mitiq.pec.representations.tests.test_biased_noise" name="test_biased_noise_representation_with_choi[gate6-1000-0.7]" time="0.119" /><testcase classname="mitiq.pec.representations.tests.test_biased_noise" name="test_biased_noise_representation_with_choi[gate7-0-0]" time="0.122" /><testcase classname="mitiq.pec.representations.tests.test_biased_noise" name="test_biased_noise_representation_with_choi[gate7-0-0.1]" time="0.101" /><testcase classname="mitiq.pec.representations.tests.test_biased_noise" name="test_biased_noise_representation_with_choi[gate7-0-0.7]" time="0.114" /><testcase classname="mitiq.pec.representations.tests.test_biased_noise" name="test_biased_noise_representation_with_choi[gate7-1-0]" time="0.110" /><testcase classname="mitiq.pec.representations.tests.test_biased_noise" name="test_biased_noise_representation_with_choi[gate7-1-0.1]" time="0.116" /><testcase classname="mitiq.pec.representations.tests.test_biased_noise" name="test_biased_noise_representation_with_choi[gate7-1-0.7]" time="0.124" /><testcase classname="mitiq.pec.representations.tests.test_biased_noise" name="test_biased_noise_representation_with_choi[gate7-1000-0]" time="0.107" /><testcase classname="mitiq.cdr.tests.test_cdr" name="test_execute_with_cdr[1-kwargs1-linear_fit_function_no_intercept-cirq]" time="0.174" /><testcase classname="mitiq.pec.representations.tests.test_biased_noise" name="test_biased_noise_representation_with_choi[gate7-1000-0.1]" time="0.106" /><testcase classname="mitiq.pec.representations.tests.test_biased_noise" name="test_biased_noise_representation_with_choi[gate7-1000-0.7]" time="0.097" /><testcase classname="mitiq.cdr.tests.test_cdr" name="test_execute_with_cdr[1-kwargs1-linear_fit_function_no_intercept-pyquil]" time="0.418" /><testcase classname="mitiq.pec.representations.tests.test_damping" name="test_single_qubit_representation_norm[gate0-0]" time="0.002" /><testcase classname="mitiq.pec.representations.tests.test_damping" name="test_single_qubit_representation_norm[gate0-0.1]" time="0.001" /><testcase classname="mitiq.pec.representations.tests.test_damping" name="test_single_qubit_representation_norm[gate0-0.7]" time="0.005" /><testcase classname="mitiq.pec.representations.tests.test_damping" name="test_single_qubit_representation_norm[gate1-0]" time="0.004" /><testcase classname="mitiq.pec.representations.tests.test_damping" name="test_single_qubit_representation_norm[gate1-0.1]" time="0.002" /><testcase classname="mitiq.pec.representations.tests.test_damping" name="test_single_qubit_representation_norm[gate1-0.7]" time="0.001" /><testcase classname="mitiq.pec.representations.tests.test_damping" name="test_single_qubit_representation_norm[gate2-0]" time="0.001" /><testcase classname="mitiq.pec.representations.tests.test_damping" name="test_single_qubit_representation_norm[gate2-0.1]" time="0.001" /><testcase classname="mitiq.pec.representations.tests.test_damping" name="test_single_qubit_representation_norm[gate2-0.7]" time="0.001" /><testcase classname="mitiq.pec.representations.tests.test_damping" name="test_single_qubit_representation_norm[gate3-0]" time="0.001" /><testcase classname="mitiq.pec.representations.tests.test_damping" name="test_single_qubit_representation_norm[gate3-0.1]" time="0.002" /><testcase classname="mitiq.pec.representations.tests.test_damping" name="test_single_qubit_representation_norm[gate3-0.7]" time="0.004" /><testcase classname="mitiq.pec.representations.tests.test_damping" name="test_amplitude_damping_representation_with_choi[gate0-0-cirq]" time="0.017" /><testcase classname="mitiq.pec.representations.tests.test_damping" name="test_amplitude_damping_representation_with_choi[gate0-0.1-cirq]" time="0.018" /><testcase classname="mitiq.pec.representations.tests.test_damping" name="test_amplitude_damping_representation_with_choi[gate0-0.7-cirq]" time="0.019" /><testcase classname="mitiq.pec.representations.tests.test_damping" name="test_amplitude_damping_representation_with_choi[gate1-0-cirq]" time="0.018" /><testcase classname="mitiq.pec.representations.tests.test_damping" name="test_amplitude_damping_representation_with_choi[gate1-0.1-cirq]" time="0.011" /><testcase classname="mitiq.pec.representations.tests.test_damping" name="test_amplitude_damping_representation_with_choi[gate1-0.7-cirq]" time="0.015" /><testcase classname="mitiq.pec.representations.tests.test_damping" name="test_amplitude_damping_representation_with_choi[gate2-0-cirq]" time="0.018" /><testcase classname="mitiq.pec.representations.tests.test_damping" name="test_amplitude_damping_representation_with_choi[gate2-0.1-cirq]" time="0.015" /><testcase classname="mitiq.pec.representations.tests.test_damping" name="test_amplitude_damping_representation_with_choi[gate2-0.7-cirq]" time="0.011" /><testcase classname="mitiq.pec.representations.tests.test_damping" name="test_amplitude_damping_representation_with_choi[gate3-0-cirq]" time="0.014" /><testcase classname="mitiq.pec.representations.tests.test_damping" name="test_amplitude_damping_representation_with_choi[gate3-0.1-cirq]" time="0.013" /><testcase classname="mitiq.pec.representations.tests.test_damping" name="test_amplitude_damping_representation_with_choi[gate3-0.7-cirq]" time="0.011" /><testcase classname="mitiq.pec.representations.tests.test_damping" name="test_damping_kraus" time="0.009" /><testcase classname="mitiq.pec.representations.tests.test_depolarizing" name="test_single_qubit_representation_norm[gate0-0]" time="0.002" /><testcase classname="mitiq.pec.representations.tests.test_depolarizing" name="test_single_qubit_representation_norm[gate0-0.1]" time="0.002" /><testcase classname="mitiq.pec.representations.tests.test_depolarizing" name="test_single_qubit_representation_norm[gate0-0.7]" time="0.005" /><testcase classname="mitiq.pec.representations.tests.test_depolarizing" name="test_single_qubit_representation_norm[gate1-0]" time="0.002" /><testcase classname="mitiq.pec.representations.tests.test_depolarizing" name="test_single_qubit_representation_norm[gate1-0.1]" time="0.002" /><testcase classname="mitiq.pec.representations.tests.test_depolarizing" name="test_single_qubit_representation_norm[gate1-0.7]" time="0.005" /><testcase classname="mitiq.pec.representations.tests.test_depolarizing" name="test_single_qubit_representation_norm[gate2-0]" time="0.002" /><testcase classname="mitiq.pec.representations.tests.test_depolarizing" name="test_single_qubit_representation_norm[gate2-0.1]" time="0.004" /><testcase classname="mitiq.pec.representations.tests.test_depolarizing" name="test_single_qubit_representation_norm[gate2-0.7]" time="0.002" /><testcase classname="mitiq.pec.representations.tests.test_depolarizing" name="test_single_qubit_representation_norm[gate3-0]" time="0.009" /><testcase classname="mitiq.pec.representations.tests.test_depolarizing" name="test_single_qubit_representation_norm[gate3-0.1]" time="0.002" /><testcase classname="mitiq.pec.representations.tests.test_depolarizing" name="test_single_qubit_representation_norm[gate3-0.7]" time="0.002" /><testcase classname="mitiq.pec.representations.tests.test_depolarizing" name="test_two_qubit_representation_norm[gate0-0]" time="0.011" /><testcase classname="mitiq.cdr.tests.test_cdr" name="test_execute_with_cdr[1-kwargs1-linear_fit_function_no_intercept-qiskit]" time="7.354" /><testcase classname="mitiq.pec.representations.tests.test_depolarizing" name="test_two_qubit_representation_norm[gate0-0.1]" time="0.009" /><testcase classname="mitiq.pec.representations.tests.test_depolarizing" name="test_two_qubit_representation_norm[gate0-0.7]" time="0.014" /><testcase classname="mitiq.pec.representations.tests.test_depolarizing" name="test_two_qubit_representation_norm[gate1-0]" time="0.014" /><testcase classname="mitiq.pec.representations.tests.test_depolarizing" name="test_two_qubit_representation_norm[gate1-0.1]" time="0.006" /><testcase classname="mitiq.pec.representations.tests.test_depolarizing" name="test_two_qubit_representation_norm[gate1-0.7]" time="0.006" /><testcase classname="mitiq.pec.representations.tests.test_depolarizing" name="test_two_qubit_representation_norm[gate2-0]" time="0.015" /><testcase classname="mitiq.pec.representations.tests.test_depolarizing" name="test_two_qubit_representation_norm[gate2-0.1]" time="0.014" /><testcase classname="mitiq.pec.representations.tests.test_depolarizing" name="test_two_qubit_representation_norm[gate2-0.7]" time="0.006" /><testcase classname="mitiq.pec.representations.tests.test_depolarizing" name="test_two_qubit_representation_norm[gate3-0]" time="0.010" /><testcase classname="mitiq.pec.representations.tests.test_depolarizing" name="test_two_qubit_representation_norm[gate3-0.1]" time="0.008" /><testcase classname="mitiq.pec.representations.tests.test_depolarizing" name="test_two_qubit_representation_norm[gate3-0.7]" time="0.014" /><testcase classname="mitiq.pec.representations.tests.test_depolarizing" name="test_three_qubit_depolarizing_representation_error" time="0.003" /><testcase classname="mitiq.pec.representations.tests.test_depolarizing" name="test_depolarizing_representation_with_choi[gate0-0]" time="0.013" /><testcase classname="mitiq.pec.representations.tests.test_depolarizing" name="test_depolarizing_representation_with_choi[gate0-0.1]" time="0.033" /><testcase classname="mitiq.pec.representations.tests.test_depolarizing" name="test_depolarizing_representation_with_choi[gate0-0.7]" time="0.042" /><testcase classname="mitiq.pec.representations.tests.test_depolarizing" name="test_depolarizing_representation_with_choi[gate1-0]" time="0.021" /><testcase classname="mitiq.pec.representations.tests.test_depolarizing" name="test_depolarizing_representation_with_choi[gate1-0.1]" time="0.016" /><testcase classname="mitiq.pec.representations.tests.test_depolarizing" name="test_depolarizing_representation_with_choi[gate1-0.7]" time="0.024" /><testcase classname="mitiq.pec.representations.tests.test_depolarizing" name="test_depolarizing_representation_with_choi[gate2-0]" time="0.022" /><testcase classname="mitiq.pec.representations.tests.test_depolarizing" name="test_depolarizing_representation_with_choi[gate2-0.1]" time="0.023" /><testcase classname="mitiq.pec.representations.tests.test_depolarizing" name="test_depolarizing_representation_with_choi[gate2-0.7]" time="0.021" /><testcase classname="mitiq.pec.representations.tests.test_depolarizing" name="test_depolarizing_representation_with_choi[gate3-0]" time="0.015" /><testcase classname="mitiq.pec.representations.tests.test_depolarizing" name="test_depolarizing_representation_with_choi[gate3-0.1]" time="0.024" /><testcase classname="mitiq.pec.representations.tests.test_depolarizing" name="test_depolarizing_representation_with_choi[gate3-0.7]" time="0.017" /><testcase classname="mitiq.cdr.tests.test_cdr" name="test_decorator_execute_with_cdr[5-kwargs0-linear_fit_function-braket]" time="0.268" /><testcase classname="mitiq.pec.representations.tests.test_depolarizing" name="test_depolarizing_representation_with_choi[gate4-0]" time="0.167" /><testcase classname="mitiq.pec.representations.tests.test_depolarizing" name="test_depolarizing_representation_with_choi[gate4-0.1]" time="0.182" /><testcase classname="mitiq.cdr.tests.test_cdr" name="test_decorator_execute_with_cdr[5-kwargs0-linear_fit_function-pennylane]" time="7.791" /><testcase classname="mitiq.pec.representations.tests.test_depolarizing" name="test_depolarizing_representation_with_choi[gate4-0.7]" time="0.172" /><testcase classname="mitiq.pec.representations.tests.test_depolarizing" name="test_depolarizing_representation_with_choi[gate5-0]" time="0.144" /><testcase classname="mitiq.pec.representations.tests.test_depolarizing" name="test_depolarizing_representation_with_choi[gate5-0.1]" time="0.187" /><testcase classname="mitiq.pec.representations.tests.test_depolarizing" name="test_depolarizing_representation_with_choi[gate5-0.7]" time="0.167" /><testcase classname="mitiq.pec.representations.tests.test_depolarizing" name="test_depolarizing_representation_with_choi[gate6-0]" time="0.180" /><testcase classname="mitiq.pec.representations.tests.test_depolarizing" name="test_depolarizing_representation_with_choi[gate6-0.1]" time="0.154" /><testcase classname="mitiq.pec.representations.tests.test_depolarizing" name="test_depolarizing_representation_with_choi[gate6-0.7]" time="0.170" /><testcase classname="mitiq.pec.representations.tests.test_depolarizing" name="test_depolarizing_representation_with_choi[gate7-0]" time="0.176" /><testcase classname="mitiq.pec.representations.tests.test_depolarizing" name="test_depolarizing_representation_with_choi[gate7-0.1]" time="0.120" /><testcase classname="mitiq.pec.representations.tests.test_depolarizing" name="test_depolarizing_representation_with_choi[gate7-0.7]" time="0.168" /><testcase classname="mitiq.pec.representations.tests.test_depolarizing" name="test_local_depolarizing_representation_with_choi[gate0-0]" time="0.013" /><testcase classname="mitiq.pec.representations.tests.test_depolarizing" name="test_local_depolarizing_representation_with_choi[gate0-0.1]" time="0.022" /><testcase classname="mitiq.pec.representations.tests.test_depolarizing" name="test_local_depolarizing_representation_with_choi[gate0-0.7]" time="0.029" /><testcase classname="mitiq.pec.representations.tests.test_depolarizing" name="test_local_depolarizing_representation_with_choi[gate1-0]" time="0.030" /><testcase classname="mitiq.pec.representations.tests.test_depolarizing" name="test_local_depolarizing_representation_with_choi[gate1-0.1]" time="0.013" /><testcase classname="mitiq.pec.representations.tests.test_depolarizing" name="test_local_depolarizing_representation_with_choi[gate1-0.7]" time="0.020" /><testcase classname="mitiq.pec.representations.tests.test_depolarizing" name="test_local_depolarizing_representation_with_choi[gate2-0]" time="0.013" /><testcase classname="mitiq.pec.representations.tests.test_depolarizing" name="test_local_depolarizing_representation_with_choi[gate2-0.1]" time="0.019" /><testcase classname="mitiq.pec.representations.tests.test_depolarizing" name="test_local_depolarizing_representation_with_choi[gate2-0.7]" time="0.013" /><testcase classname="mitiq.pec.representations.tests.test_depolarizing" name="test_local_depolarizing_representation_with_choi[gate3-0]" time="0.013" /><testcase classname="mitiq.pec.representations.tests.test_depolarizing" name="test_local_depolarizing_representation_with_choi[gate3-0.1]" time="0.028" /><testcase classname="mitiq.pec.representations.tests.test_depolarizing" name="test_local_depolarizing_representation_with_choi[gate3-0.7]" time="0.021" /><testcase classname="mitiq.pec.representations.tests.test_depolarizing" name="test_local_depolarizing_representation_with_choi[gate4-0]" time="0.141" /><testcase classname="mitiq.pec.representations.tests.test_depolarizing" name="test_local_depolarizing_representation_with_choi[gate4-0.1]" time="0.126" /><testcase classname="mitiq.pec.representations.tests.test_depolarizing" name="test_local_depolarizing_representation_with_choi[gate4-0.7]" time="0.126" /><testcase classname="mitiq.pec.representations.tests.test_depolarizing" name="test_local_depolarizing_representation_with_choi[gate5-0]" time="0.121" /><testcase classname="mitiq.pec.representations.tests.test_depolarizing" name="test_local_depolarizing_representation_with_choi[gate5-0.1]" time="0.137" /><testcase classname="mitiq.pec.representations.tests.test_depolarizing" name="test_local_depolarizing_representation_with_choi[gate5-0.7]" time="0.121" /><testcase classname="mitiq.pec.representations.tests.test_depolarizing" name="test_local_depolarizing_representation_with_choi[gate6-0]" time="0.119" /><testcase classname="mitiq.pec.representations.tests.test_depolarizing" name="test_local_depolarizing_representation_with_choi[gate6-0.1]" time="0.140" /><testcase classname="mitiq.pec.representations.tests.test_depolarizing" name="test_local_depolarizing_representation_with_choi[gate6-0.7]" time="0.166" /><testcase classname="mitiq.pec.representations.tests.test_depolarizing" name="test_local_depolarizing_representation_with_choi[gate7-0]" time="0.128" /><testcase classname="mitiq.pec.representations.tests.test_depolarizing" name="test_local_depolarizing_representation_with_choi[gate7-0.1]" time="0.129" /><testcase classname="mitiq.pec.representations.tests.test_depolarizing" name="test_local_depolarizing_representation_with_choi[gate7-0.7]" time="0.127" /><testcase classname="mitiq.cdr.tests.test_cdr" name="test_execute_with_cdr[4-kwargs1-linear_fit_function-cirq]" time="0.178" /><testcase classname="mitiq.pec.representations.tests.test_depolarizing" name="test_three_qubit_local_depolarizing_representation_error" time="0.002" /><testcase classname="mitiq.pec.representations.tests.test_depolarizing" name="test_represent_operations_in_circuit_global[cirq]" time="0.031" /><testcase classname="mitiq.pec.representations.tests.test_depolarizing" name="test_represent_operations_in_circuit_global[qiskit]" time="0.180" /><testcase classname="mitiq.cdr.tests.test_cdr" name="test_execute_with_cdr[4-kwargs1-linear_fit_function-pyquil]" time="0.407" /><testcase classname="mitiq.pec.representations.tests.test_depolarizing" name="test_represent_operations_in_circuit_global[pyquil]" time="0.017" /><testcase classname="mitiq.pec.representations.tests.test_depolarizing" name="test_represent_operations_in_circuit_local[cirq]" time="0.022" /><testcase classname="mitiq.pec.representations.tests.test_depolarizing" name="test_represent_operations_in_circuit_local[qiskit]" time="0.175" /><testcase classname="mitiq.pec.representations.tests.test_depolarizing" name="test_represent_operations_in_circuit_local[pyquil]" time="0.022" /><testcase classname="mitiq.pec.representations.tests.test_depolarizing" name="test_represent_operations_in_circuit_with_measurements[cirq-represent_operations_in_circuit_with_local_depolarizing_noise]" time="0.011" /><testcase classname="mitiq.pec.representations.tests.test_depolarizing" name="test_represent_operations_in_circuit_with_measurements[cirq-represent_operations_in_circuit_with_global_depolarizing_noise]" time="0.003" /><testcase classname="mitiq.pec.representations.tests.test_depolarizing" name="test_represent_operations_in_circuit_with_measurements[qiskit-represent_operations_in_circuit_with_local_depolarizing_noise]" time="0.145" /><testcase classname="mitiq.cdr.tests.test_cdr" name="test_execute_with_cdr[4-kwargs1-linear_fit_function-qiskit]" time="6.631" /><testcase classname="mitiq.pec.representations.tests.test_depolarizing" name="test_represent_operations_in_circuit_with_measurements[qiskit-represent_operations_in_circuit_with_global_depolarizing_noise]" time="0.141" /><testcase classname="mitiq.pec.representations.tests.test_depolarizing" name="test_represent_operations_in_circuit_with_measurements[pyquil-represent_operations_in_circuit_with_local_depolarizing_noise]" time="0.006" /><testcase classname="mitiq.pec.representations.tests.test_depolarizing" name="test_represent_operations_in_circuit_with_measurements[pyquil-represent_operations_in_circuit_with_global_depolarizing_noise]" time="0.016" /><testcase classname="mitiq.pec.representations.tests.test_depolarizing" name="test_depolarizing_kraus[global_depolarizing_kraus]" time="0.036" /><testcase classname="mitiq.pec.representations.tests.test_depolarizing" name="test_depolarizing_kraus[local_depolarizing_kraus]" time="0.017" /><testcase classname="mitiq.pec.representations.tests.test_learning" name="test_depolarizing_noise_loss_function[operations0-0.05]" time="0.810" /><testcase classname="mitiq.pec.representations.tests.test_learning" name="test_depolarizing_noise_loss_function[operations0-0.1]" time="0.766" /><testcase classname="mitiq.cdr.tests.test_cdr" name="test_decorator_execute_with_cdr[2-kwargs0-linear_fit_function_no_intercept-braket]" time="0.272" /><testcase classname="mitiq.cdr.tests.test_cdr" name="test_decorator_execute_with_cdr[2-kwargs0-linear_fit_function_no_intercept-pennylane]" time="8.361" /><testcase classname="mitiq.pec.representations.tests.test_learning" name="test_depolarizing_noise_loss_function[operations1-0.05]" time="0.793" /><testcase classname="mitiq.cdr.tests.test_cdr" name="test_execute_with_cdr[1-kwargs1-linear_fit_function_no_intercept-braket]" time="0.292" /><testcase classname="mitiq.pec.representations.tests.test_learning" name="test_depolarizing_noise_loss_function[operations1-0.1]" time="0.750" /><testcase classname="mitiq.cdr.tests.test_cdr" name="test_execute_with_cdr[1-kwargs1-linear_fit_function_no_intercept-pennylane]" time="7.188" /><testcase classname="mitiq.pec.representations.tests.test_learning" name="test_biased_noise_loss_function[operations0-0-0]" time="0.613" /><testcase classname="mitiq.cdr.tests.test_cdr" name="test_decorator_execute_with_cdr[5-kwargs0-linear_fit_function_no_intercept-cirq]" time="0.118" /><testcase classname="mitiq.cdr.tests.test_cdr" name="test_decorator_execute_with_cdr[5-kwargs0-linear_fit_function_no_intercept-pyquil]" time="0.363" /><testcase classname="mitiq.pec.representations.tests.test_learning" name="test_biased_noise_loss_function[operations0-0-0.7]" time="0.648" /><testcase classname="mitiq.cdr.tests.test_cdr" name="test_decorator_execute_with_cdr[5-kwargs0-linear_fit_function_no_intercept-qiskit]" time="7.085" /><testcase classname="mitiq.pec.representations.tests.test_learning" name="test_biased_noise_loss_function[operations0-0-1]" time="0.669" /><testcase classname="mitiq.pec.representations.tests.test_learning" name="test_biased_noise_loss_function[operations0-1-0]" time="0.558" /><testcase classname="mitiq.pec.representations.tests.test_learning" name="test_biased_noise_loss_function[operations0-1-0.7]" time="0.669" /><testcase classname="mitiq.pec.representations.tests.test_learning" name="test_biased_noise_loss_function[operations0-1-1]" time="0.699" /><testcase classname="mitiq.cdr.tests.test_cdr" name="test_execute_with_cdr[4-kwargs1-linear_fit_function-braket]" time="0.261" /><testcase classname="mitiq.cdr.tests.test_cdr" name="test_execute_with_cdr[4-kwargs1-linear_fit_function-pennylane]" time="7.007" /><testcase classname="mitiq.pec.representations.tests.test_learning" name="test_biased_noise_loss_function[operations1-0-0]" time="0.727" /><testcase classname="mitiq.pec.representations.tests.test_learning" name="test_biased_noise_loss_function[operations1-0-0.7]" time="0.569" /><testcase classname="mitiq.pec.representations.tests.test_learning" name="test_biased_noise_loss_function[operations1-0-1]" time="0.552" /><testcase classname="mitiq.pec.representations.tests.test_learning" name="test_biased_noise_loss_function[operations1-1-0]" time="0.547" /><testcase classname="mitiq.pec.representations.tests.test_learning" name="test_biased_noise_loss_function[operations1-1-0.7]" time="0.599" /><testcase classname="mitiq.cdr.tests.test_cdr" name="test_decorator_execute_with_cdr[2-kwargs1-linear_fit_function-cirq]" time="0.192" /><testcase classname="mitiq.cdr.tests.test_cdr" name="test_execute_with_cdr[2-kwargs0-linear_fit_function-cirq]" time="0.143" /><testcase classname="mitiq.cdr.tests.test_cdr" name="test_decorator_execute_with_cdr[2-kwargs1-linear_fit_function-pyquil]" time="0.444" /><testcase classname="mitiq.cdr.tests.test_cdr" name="test_execute_with_cdr[2-kwargs0-linear_fit_function-pyquil]" time="0.399" /><testcase classname="mitiq.pec.representations.tests.test_learning" name="test_biased_noise_loss_function[operations1-1-1]" time="0.553" /><testcase classname="mitiq.cdr.tests.test_cdr" name="test_execute_with_cdr[2-kwargs0-linear_fit_function-qiskit]" time="7.697" /><testcase classname="mitiq.cdr.tests.test_cdr" name="test_decorator_execute_with_cdr[2-kwargs1-linear_fit_function-qiskit]" time="6.983" /><testcase classname="mitiq.pec.representations.tests.test_learning" name="test_biased_noise_loss_compare_ideal[operations0]" time="0.540" /><testcase classname="mitiq.cdr.tests.test_cdr" name="test_decorator_execute_with_cdr[5-kwargs0-linear_fit_function_no_intercept-braket]" time="0.229" /><testcase classname="mitiq.pec.representations.tests.test_learning" name="test_biased_noise_loss_compare_ideal[operations1]" time="0.563" /><testcase classname="mitiq.cdr.tests.test_cdr" name="test_decorator_execute_with_cdr[5-kwargs0-linear_fit_function_no_intercept-pennylane]" time="7.471" /><testcase classname="mitiq.pec.representations.tests.test_learning" name="test_biased_noise_loss_function_qiskit[operations0]" time="12.218" /><testcase classname="mitiq.cdr.tests.test_cdr" name="test_mitigated_execute_with_cdr[5-kwargs0-linear_fit_function-braket]" time="0.975" /><testcase classname="mitiq.cdr.tests.test_cdr" name="test_mitigated_execute_with_cdr[5-kwargs0-linear_fit_function-pennylane]" time="28.199" /><testcase classname="mitiq.cdr.tests.test_cdr" name="test_execute_with_cdr[4-kwargs1-linear_fit_function_no_intercept-cirq]" time="0.144" /><testcase classname="mitiq.cdr.tests.test_cdr" name="test_execute_with_cdr[4-kwargs1-linear_fit_function_no_intercept-pyquil]" time="0.349" /><testcase classname="mitiq.cdr.tests.test_cdr" name="test_execute_with_cdr[4-kwargs1-linear_fit_function_no_intercept-qiskit]" time="6.603" /><testcase classname="mitiq.cdr.tests.test_cdr" name="test_decorator_execute_with_cdr[2-kwargs1-linear_fit_function-braket]" time="0.297" /><testcase classname="mitiq.cdr.tests.test_cdr" name="test_decorator_execute_with_cdr[2-kwargs1-linear_fit_function-pennylane]" time="7.310" /><testcase classname="mitiq.cdr.tests.test_cdr" name="test_execute_with_cdr[2-kwargs0-linear_fit_function-braket]" time="0.261" /><testcase classname="mitiq.cdr.tests.test_cdr" name="test_execute_with_cdr[2-kwargs0-linear_fit_function-pennylane]" time="8.192" /><testcase classname="mitiq.cdr.tests.test_cdr" name="test_decorator_execute_with_cdr[5-kwargs1-linear_fit_function-cirq]" time="0.182" /><testcase classname="mitiq.cdr.tests.test_cdr" name="test_decorator_execute_with_cdr[5-kwargs1-linear_fit_function-pyquil]" time="0.443" /><testcase classname="mitiq.cdr.tests.test_cdr" name="test_decorator_execute_with_cdr[5-kwargs1-linear_fit_function-qiskit]" time="6.981" /><testcase classname="mitiq.cdr.tests.test_cdr" name="test_execute_with_cdr[4-kwargs1-linear_fit_function_no_intercept-braket]" time="0.247" /><testcase classname="mitiq.cdr.tests.test_cdr" name="test_execute_with_cdr[4-kwargs1-linear_fit_function_no_intercept-pennylane]" time="7.155" /><testcase classname="mitiq.cdr.tests.test_cdr" name="test_mitigated_execute_with_cdr[2-kwargs0-linear_fit_function_no_intercept-cirq]" time="0.530" /><testcase classname="mitiq.cdr.tests.test_cdr" name="test_mitigated_execute_with_cdr[2-kwargs0-linear_fit_function_no_intercept-pyquil]" time="1.497" /><testcase classname="mitiq.pec.representations.tests.test_learning" name="test_biased_noise_loss_function_qiskit[operations1]" time="10.051" /><testcase classname="mitiq.cdr.tests.test_cdr" name="test_mitigated_execute_with_cdr[2-kwargs0-linear_fit_function_no_intercept-qiskit]" time="30.086" /><testcase classname="mitiq.cdr.tests.test_cdr" name="test_decorator_execute_with_cdr[2-kwargs1-linear_fit_function_no_intercept-cirq]" time="0.189" /><testcase classname="mitiq.cdr.tests.test_cdr" name="test_decorator_execute_with_cdr[2-kwargs1-linear_fit_function_no_intercept-pyquil]" time="0.438" /><testcase classname="mitiq.calibration.tests.test_calibration" name="test_ExtrapolationResults_add_result" time="0.000" /><testcase classname="mitiq.calibration.tests.test_calibration" name="test_ExtrapolationResults_errors" time="0.000" /><testcase classname="mitiq.calibration.tests.test_calibration" name="test_ExtrapolationResults_best_strategy" time="0.002" /><testcase classname="mitiq.ddd.rules.tests.test_rules" name="test_general_for_incomplete_rule[gates2-1]" time="0.001" /><testcase classname="mitiq.ddd.rules.tests.test_rules" name="test_general_for_incomplete_rule[gates2-2]" time="0.001" /><testcase classname="mitiq.ddd.rules.tests.test_rules" name="test_general_for_incomplete_rule[gates2-3]" time="0.000" /><testcase classname="mitiq.ddd.rules.tests.test_rules" name="test_general_for_incomplete_rule[gates2-5]" time="0.000" /><testcase classname="mitiq.ddd.rules.tests.test_rules" name="test_general_for_multi_qubit_gate[gates0-3]" time="0.001" /><testcase classname="mitiq.ddd.rules.tests.test_rules" name="test_general_for_multi_qubit_gate[gates0-5]" time="0.001" /><testcase classname="mitiq.ddd.rules.tests.test_rules" name="test_repeated_sequences[gates0-4]" time="0.005" /><testcase classname="mitiq.ddd.rules.tests.test_rules" name="test_repeated_sequences[gates0-5]" time="0.004" /><testcase classname="mitiq.ddd.rules.tests.test_rules" name="test_repeated_sequences[gates0-8]" time="0.002" /><testcase classname="mitiq.ddd.rules.tests.test_rules" name="test_repeated_sequences[gates0-13]" time="0.002" /><testcase classname="mitiq.ddd.rules.tests.test_rules" name="test_repeated_sequences[gates0-21]" time="0.006" /><testcase classname="mitiq.ddd.rules.tests.test_rules" name="test_repeated_sequences[gates0-34]" time="0.021" /><testcase classname="mitiq.ddd.rules.tests.test_rules" name="test_repeated_sequences[gates1-4]" time="0.003" /><testcase classname="mitiq.ddd.rules.tests.test_rules" name="test_repeated_sequences[gates1-5]" time="0.004" /><testcase classname="mitiq.ddd.rules.tests.test_rules" name="test_repeated_sequences[gates1-8]" time="0.003" /><testcase classname="mitiq.ddd.rules.tests.test_rules" name="test_repeated_sequences[gates1-13]" time="0.008" /><testcase classname="mitiq.ddd.rules.tests.test_rules" name="test_repeated_sequences[gates1-21]" time="0.006" /><testcase classname="mitiq.cdr.tests.test_cdr" name="test_decorator_execute_with_cdr[2-kwargs1-linear_fit_function_no_intercept-qiskit]" time="7.269" /><testcase classname="mitiq.ddd.rules.tests.test_rules" name="test_repeated_sequences[gates1-34]" time="0.011" /><testcase classname="mitiq.ddd.rules.tests.test_rules" name="test_repeated_sequences[gates2-4]" time="0.002" /><testcase classname="mitiq.ddd.rules.tests.test_rules" name="test_repeated_sequences[gates2-5]" time="0.002" /><testcase classname="mitiq.ddd.rules.tests.test_rules" name="test_repeated_sequences[gates2-8]" time="0.004" /><testcase classname="mitiq.ddd.rules.tests.test_rules" name="test_repeated_sequences[gates2-13]" time="0.003" /><testcase classname="mitiq.ddd.rules.tests.test_rules" name="test_repeated_sequences[gates2-21]" time="0.005" /><testcase classname="mitiq.ddd.rules.tests.test_rules" name="test_repeated_sequences[gates2-34]" time="0.015" /><testcase classname="mitiq.ddd.rules.tests.test_rules" name="test_repeated_sequences[gates3-4]" time="0.006" /><testcase classname="mitiq.ddd.rules.tests.test_rules" name="test_repeated_sequences[gates3-5]" time="0.006" /><testcase classname="mitiq.ddd.rules.tests.test_rules" name="test_repeated_sequences[gates3-8]" time="0.006" /><testcase classname="mitiq.ddd.rules.tests.test_rules" name="test_repeated_sequences[gates3-13]" time="0.003" /><testcase classname="mitiq.ddd.rules.tests.test_rules" name="test_repeated_sequences[gates3-21]" time="0.007" /><testcase classname="mitiq.ddd.rules.tests.test_rules" name="test_repeated_sequences[gates3-34]" time="0.052" /><testcase classname="mitiq.ddd.rules.tests.test_rules" name="test_short_repeated_sequences[gates0-2]" time="0.002" /><testcase classname="mitiq.ddd.rules.tests.test_rules" name="test_short_repeated_sequences[gates0-3]" time="0.002" /><testcase classname="mitiq.ddd.rules.tests.test_rules" name="test_short_repeated_sequences[gates1-2]" time="0.002" /><testcase classname="mitiq.ddd.rules.tests.test_rules" name="test_short_repeated_sequences[gates1-3]" time="0.001" /><testcase classname="mitiq.ddd.rules.tests.test_rules" name="test_not_unitary[gates0]" time="0.008" /><testcase classname="mitiq.ddd.rules.tests.test_rules" name="test_not_unitary[gates1]" time="0.007" /><testcase classname="mitiq.ddd.tests.test_ddd" name="test_execute_with_ddd_without_noise[xx-circuit0-cirq]" time="0.048" /><testcase classname="mitiq.ddd.tests.test_ddd" name="test_execute_with_ddd_without_noise[xx-circuit0-pyquil]" time="0.114" /><testcase classname="mitiq.ddd.tests.test_ddd" name="test_execute_with_ddd_without_noise[xx-circuit0-qiskit]" time="0.387" /><testcase classname="mitiq.ddd.tests.test_ddd" name="test_execute_with_ddd_without_noise[xx-circuit0-braket]" time="0.077" /><testcase classname="mitiq.cdr.tests.test_cdr" name="test_decorator_execute_with_cdr[5-kwargs1-linear_fit_function-braket]" time="0.308" /><testcase classname="mitiq.ddd.tests.test_ddd" name="test_execute_with_ddd_without_noise[xx-circuit0-pennylane]" time="0.431" /><testcase classname="mitiq.cdr.tests.test_cdr" name="test_execute_with_cdr[2-kwargs0-linear_fit_function_no_intercept-cirq]" time="0.132" /><testcase classname="mitiq.cdr.tests.test_cdr" name="test_execute_with_cdr[2-kwargs0-linear_fit_function_no_intercept-pyquil]" time="0.423" /><testcase classname="mitiq.cdr.tests.test_cdr" name="test_decorator_execute_with_cdr[5-kwargs1-linear_fit_function-pennylane]" time="7.291" /><testcase classname="mitiq.ddd.tests.test_ddd" name="test_execute_with_ddd_without_noise[xx-circuit1-cirq]" time="0.056" /><testcase classname="mitiq.ddd.tests.test_ddd" name="test_execute_with_ddd_without_noise[xx-circuit1-pyquil]" time="0.110" /><testcase classname="mitiq.ddd.tests.test_ddd" name="test_execute_with_ddd_without_noise[xx-circuit1-qiskit]" time="0.332" /><testcase classname="mitiq.cdr.tests.test_cdr" name="test_execute_with_cdr[2-kwargs0-linear_fit_function_no_intercept-qiskit]" time="7.864" /><testcase classname="mitiq.ddd.tests.test_ddd" name="test_execute_with_ddd_without_noise[xx-circuit1-braket]" time="0.063" /><testcase classname="mitiq.pec.representations.tests.test_optimal" name="test_minimize_one_norm_with_amp_damp_choi" time="0.038" /><testcase classname="mitiq.pec.representations.tests.test_optimal" name="test_minimize_one_norm_with_amp_damp_superoperators" time="0.011" /><testcase classname="mitiq.pec.representations.tests.test_optimal" name="test_minimize_one_norm_tolerance" time="0.014" /><testcase classname="mitiq.pec.representations.tests.test_optimal" name="test_find_optimal_representation_depolarizing_two_qubit_gates[cirq]" time="0.572" /><testcase classname="mitiq.pec.representations.tests.test_optimal" name="test_find_optimal_representation_depolarizing_two_qubit_gates[qiskit]" time="17.383" /><testcase classname="mitiq.cdr.tests.test_cdr" name="test_execute_with_cdr[5-kwargs0-linear_fit_function-cirq]" time="0.162" /><testcase classname="mitiq.cdr.tests.test_cdr" name="test_execute_with_cdr[5-kwargs0-linear_fit_function-pyquil]" time="0.379" /><testcase classname="mitiq.cdr.tests.test_cdr" name="test_execute_with_cdr[5-kwargs0-linear_fit_function-qiskit]" time="7.115" /><testcase classname="mitiq.cdr.tests.test_cdr" name="test_decorator_execute_with_cdr[2-kwargs1-linear_fit_function_no_intercept-braket]" time="0.270" /><testcase classname="mitiq.cdr.tests.test_cdr" name="test_decorator_execute_with_cdr[2-kwargs1-linear_fit_function_no_intercept-pennylane]" time="7.435" /><testcase classname="mitiq.cdr.tests.test_cdr" name="test_decorator_execute_with_cdr[5-kwargs1-linear_fit_function_no_intercept-cirq]" time="0.165" /><testcase classname="mitiq.pec.representations.tests.test_learning" name="test_biased_noise_loss_function_qiskit[operations2]" time="10.997" /><testcase classname="mitiq.cdr.tests.test_cdr" name="test_decorator_execute_with_cdr[5-kwargs1-linear_fit_function_no_intercept-pyquil]" time="0.446" /><testcase classname="mitiq.cdr.tests.test_cdr" name="test_decorator_execute_with_cdr[5-kwargs1-linear_fit_function_no_intercept-qiskit]" time="6.944" /><testcase classname="mitiq.cdr.tests.test_cdr" name="test_execute_with_cdr[2-kwargs0-linear_fit_function_no_intercept-braket]" time="0.277" /><testcase classname="mitiq.cdr.tests.test_cdr" name="test_execute_with_cdr[2-kwargs0-linear_fit_function_no_intercept-pennylane]" time="8.344" /><testcase classname="mitiq.cdr.tests.test_cdr" name="test_execute_with_cdr[5-kwargs0-linear_fit_function-braket]" time="0.265" /><testcase classname="mitiq.cdr.tests.test_cdr" name="test_execute_with_cdr[5-kwargs0-linear_fit_function-pennylane]" time="7.241" /><testcase classname="mitiq.cdr.tests.test_cdr" name="test_decorator_execute_with_cdr[3-kwargs0-linear_fit_function-cirq]" time="0.128" /><testcase classname="mitiq.cdr.tests.test_cdr" name="test_decorator_execute_with_cdr[3-kwargs0-linear_fit_function-pyquil]" time="0.330" /><testcase classname="mitiq.cdr.tests.test_cdr" name="test_decorator_execute_with_cdr[3-kwargs0-linear_fit_function-qiskit]" time="6.931" /><testcase classname="mitiq.cdr.tests.test_cdr" name="test_mitigated_execute_with_cdr[5-kwargs0-linear_fit_function_no_intercept-cirq]" time="0.448" /><testcase classname="mitiq.cdr.tests.test_cdr" name="test_mitigated_execute_with_cdr[5-kwargs0-linear_fit_function_no_intercept-pyquil]" time="1.343" /><testcase classname="mitiq.cdr.tests.test_cdr" name="test_decorator_execute_with_cdr[5-kwargs1-linear_fit_function_no_intercept-braket]" time="0.286" /><testcase classname="mitiq.cdr.tests.test_cdr" name="test_decorator_execute_with_cdr[5-kwargs1-linear_fit_function_no_intercept-pennylane]" time="7.654" /><testcase classname="mitiq.cdr.tests.test_cdr" name="test_mitigated_execute_with_cdr[5-kwargs0-linear_fit_function_no_intercept-qiskit]" time="27.469" /><testcase classname="mitiq.cdr.tests.test_cdr" name="test_execute_with_cdr[5-kwargs0-linear_fit_function_no_intercept-cirq]" time="0.109" /><testcase classname="mitiq.cdr.tests.test_cdr" name="test_execute_with_cdr[5-kwargs0-linear_fit_function_no_intercept-pyquil]" time="0.362" /><testcase classname="mitiq.cdr.tests.test_cdr" name="test_execute_with_cdr[2-kwargs1-linear_fit_function-cirq]" time="0.168" /><testcase classname="mitiq.cdr.tests.test_cdr" name="test_execute_with_cdr[2-kwargs1-linear_fit_function-pyquil]" time="0.420" /><testcase classname="mitiq.cdr.tests.test_cdr" name="test_execute_with_cdr[5-kwargs0-linear_fit_function_no_intercept-qiskit]" time="7.512" /><testcase classname="mitiq.cdr.tests.test_cdr" name="test_execute_with_cdr[2-kwargs1-linear_fit_function-qiskit]" time="7.078" /><testcase classname="mitiq.pec.representations.tests.test_learning" name="test_learn_depolarizing_noise_parameter[0.05]" time="0.015" /><testcase classname="mitiq.pec.representations.tests.test_learning" name="test_learn_depolarizing_noise_parameter[0.1]" time="0.020" /><testcase classname="mitiq.pec.representations.tests.test_learning" name="test_learn_biased_noise_parameters[1-0.05]" time="0.032" /><testcase classname="mitiq.pec.representations.tests.test_learning" name="test_learn_biased_noise_parameters[1-0.1]" time="0.032" /><testcase classname="mitiq.pec.representations.tests.test_learning" name="test_learn_biased_noise_parameters[2-0.05]" time="0.026" /><testcase classname="mitiq.pec.representations.tests.test_learning" name="test_learn_biased_noise_parameters[2-0.1]" time="0.041" /><testcase classname="mitiq.pec.representations.tests.test_learning" name="test_empty_learning_kwargs" time="0.002" /><testcase classname="mitiq.pec.representations.tests.test_optimal" name="test_minimize_one_norm_failure_error" time="0.002" /><testcase classname="mitiq.pec.representations.tests.test_optimal" name="test_minimize_one_norm_with_depolarized_choi" time="0.070" /><testcase classname="mitiq.pec.representations.tests.test_optimal" name="test_minimize_one_norm_with_depolarized_superoperators" time="0.017" /><testcase classname="mitiq.pec.tests.test_channels" name="test_super_to_choi" time="0.014" /><testcase classname="mitiq.pec.tests.test_channels" name="test_choi_to_super" time="0.003" /><testcase classname="mitiq.pec.tests.test_channels" name="test_kraus_to_choi" time="0.004" /><testcase classname="mitiq.pec.tests.test_channels" name="test_tensor_product" time="0.001" /><testcase classname="mitiq.pec.tests.test_pec" name="test_execute_with_pec_cirq_trivial_decomposition" time="0.032" /><testcase classname="mitiq.pec.tests.test_pec" name="test_execute_with_pec_pyquil_trivial_decomposition" time="0.037" /><testcase classname="mitiq.pec.tests.test_pec" name="test_execute_with_pec_qiskit_trivial_decomposition" time="1.753" /><testcase classname="mitiq.pec.representations.tests.test_optimal" name="test_find_optimal_representation_depolarizing_two_qubit_gates[pyquil]" time="0.796" /><testcase classname="mitiq.pec.representations.tests.test_optimal" name="test_find_optimal_representation_depolarizing_two_qubit_gates[braket]" time="0.612" /><testcase classname="mitiq.pec.representations.tests.test_optimal" name="test_find_optimal_representation_single_qubit_depolarizing[cirq]" time="0.156" /><testcase classname="mitiq.pec.representations.tests.test_optimal" name="test_find_optimal_representation_single_qubit_depolarizing[qiskit]" time="7.732" /><testcase classname="mitiq.pec.tests.test_pec" name="test_execute_with_pec_cirq_noiseless_decomposition[circuit0]" time="0.025" /><testcase classname="mitiq.pec.tests.test_pec" name="test_execute_with_pec_cirq_noiseless_decomposition[circuit1]" time="0.045" /><testcase classname="mitiq.pec.tests.test_pec" name="test_pyquil_noiseless_decomposition_multiqubit[1]" time="0.978" /><testcase classname="mitiq.cdr.tests.test_cdr" name="test_decorator_execute_with_cdr[3-kwargs0-linear_fit_function-braket]" time="0.226" /><testcase classname="mitiq.cdr.tests.test_cdr" name="test_decorator_execute_with_cdr[3-kwargs0-linear_fit_function-pennylane]" time="7.699" /><testcase classname="mitiq.pec.tests.test_pec" name="test_pyquil_noiseless_decomposition_multiqubit[2]" time="1.619" /><testcase classname="mitiq.cdr.tests.test_cdr" name="test_mitigated_execute_with_cdr[1-kwargs0-linear_fit_function-cirq]" time="0.466" /><testcase classname="mitiq.pec.tests.test_pec" name="test_qiskit_noiseless_decomposition_multiqubit[1]" time="72.722" /><testcase classname="mitiq.cdr.tests.test_cdr" name="test_mitigated_execute_with_cdr[1-kwargs0-linear_fit_function-pyquil]" time="1.451" /><testcase classname="mitiq.cdr.tests.test_cdr" name="test_execute_with_cdr[2-kwargs1-linear_fit_function-braket]" time="0.275" /><testcase classname="mitiq.cdr.tests.test_cdr" name="test_mitigated_execute_with_cdr[1-kwargs0-linear_fit_function-qiskit]" time="26.928" /><testcase classname="mitiq.cdr.tests.test_cdr" name="test_execute_with_cdr[5-kwargs0-linear_fit_function_no_intercept-braket]" time="0.264" /><testcase classname="mitiq.cdr.tests.test_cdr" name="test_execute_with_cdr[2-kwargs1-linear_fit_function-pennylane]" time="7.662" /><testcase classname="mitiq.cdr.tests.test_cdr" name="test_execute_with_cdr[5-kwargs0-linear_fit_function_no_intercept-pennylane]" time="7.521" /><testcase classname="mitiq.pec.representations.tests.test_optimal" name="test_find_optimal_representation_single_qubit_depolarizing[pyquil]" time="0.186" /><testcase classname="mitiq.cdr.tests.test_cdr" name="test_mitigated_execute_with_cdr[2-kwargs0-linear_fit_function_no_intercept-braket]" time="1.158" /><testcase classname="mitiq.pec.representations.tests.test_optimal" name="test_find_optimal_representation_single_qubit_depolarizing[braket]" time="0.169" /><testcase classname="mitiq.pec.representations.tests.test_optimal" name="test_find_optimal_representation_single_qubit_amp_damping[cirq]" time="0.093" /><testcase classname="mitiq.pec.representations.tests.test_optimal" name="test_find_optimal_representation_no_superoperator_error" time="0.003" /><testcase classname="mitiq.pec.representations.tests.test_optimal" name="test_initial_guess_in_minimize_one_norm" time="0.013" /><testcase classname="mitiq.pec.tests.test_channels" name="test_max_ent_state_circuit" time="0.003" /><testcase classname="mitiq.pec.tests.test_channels" name="test_max_ent_state_circuit_error" time="0.001" /><testcase classname="mitiq.pec.tests.test_channels" name="test_operation_to_choi" time="0.005" /><testcase classname="mitiq.pec.tests.test_channels" name="test_circuit_to_choi" time="0.019" /><testcase classname="mitiq.pec.tests.test_channels" name="test_matrix_to_vector" time="0.001" /><testcase classname="mitiq.pec.tests.test_channels" name="test_vector_to_matrix" time="0.004" /><testcase classname="mitiq.pec.tests.test_channels" name="test_non_squared_dimension" time="0.001" /><testcase classname="mitiq.pec.tests.test_channels" name="test_kraus_to_super" time="0.070" /><testcase classname="mitiq.pec.tests.test_pec" name="test_execute_with_pec_mitigates_noise[pennylane-serial_executor-circuit1]" time="0.306" /><testcase classname="mitiq.pec.tests.test_pec" name="test_execute_with_pec_mitigates_noise[pennylane-batched_executor-circuit0]" time="0.260" /><testcase classname="mitiq.cdr.tests.test_cdr" name="test_decorator_execute_with_cdr[3-kwargs0-linear_fit_function_no_intercept-cirq]" time="0.114" /><testcase classname="mitiq.pec.tests.test_pec" name="test_execute_with_pec_mitigates_noise[pennylane-batched_executor-circuit1]" time="0.313" /><testcase classname="mitiq.cdr.tests.test_cdr" name="test_decorator_execute_with_cdr[3-kwargs0-linear_fit_function_no_intercept-pyquil]" time="0.357" /><testcase classname="mitiq.cdr.tests.test_cdr" name="test_mitigated_execute_with_cdr[2-kwargs0-linear_fit_function_no_intercept-pennylane]" time="32.462" /><testcase classname="mitiq.pec.tests.test_pec" name="test_execute_with_pec_with_observable" time="0.184" /><testcase classname="mitiq.cdr.tests.test_cdr" name="test_decorator_execute_with_cdr[3-kwargs0-linear_fit_function_no_intercept-qiskit]" time="7.474" /><testcase classname="mitiq.pec.tests.test_pec" name="test_execute_with_pec_partial_representations" time="0.111" /><testcase classname="mitiq.pec.tests.test_pec" name="test_execute_with_pec_with_different_samples[2-circuit0]" time="0.363" /><testcase classname="mitiq.pec.tests.test_pec" name="test_execute_with_pec_with_different_samples[2-circuit1]" time="1.031" /><testcase classname="mitiq.pec.tests.test_pec" name="test_execute_with_pec_with_different_samples[3-circuit0]" time="0.442" /><testcase classname="mitiq.pec.tests.test_pec" name="test_execute_with_pec_with_different_samples[3-circuit1]" time="1.071" /><testcase classname="mitiq.cdr.tests.test_cdr" name="test_execute_with_cdr[2-kwargs1-linear_fit_function_no_intercept-cirq]" time="0.188" /><testcase classname="mitiq.cdr.tests.test_cdr" name="test_execute_with_cdr[5-kwargs1-linear_fit_function-cirq]" time="0.185" /><testcase classname="mitiq.cdr.tests.test_cdr" name="test_execute_with_cdr[2-kwargs1-linear_fit_function_no_intercept-pyquil]" time="0.420" /><testcase classname="mitiq.cdr.tests.test_cdr" name="test_execute_with_cdr[5-kwargs1-linear_fit_function-pyquil]" time="0.466" /><testcase classname="mitiq.pec.tests.test_pec" name="test_execute_with_pec_error_scaling[100]" time="0.058" /><testcase classname="mitiq.pec.tests.test_pec" name="test_execute_with_pec_error_scaling[500]" time="0.214" /><testcase classname="mitiq.pec.tests.test_pec" name="test_precision_option_in_execute_with_pec[0.2]" time="0.027" /><testcase classname="mitiq.pec.tests.test_pec" name="test_precision_option_in_execute_with_pec[0.1]" time="0.083" /><testcase classname="mitiq.cdr.tests.test_cdr" name="test_execute_with_cdr[2-kwargs1-linear_fit_function_no_intercept-qiskit]" time="7.566" /><testcase classname="mitiq.pec.tests.test_pec" name="test_bad_precision_argument[0]" time="0.001" /><testcase classname="mitiq.pec.tests.test_pec" name="test_bad_precision_argument[-1]" time="0.001" /><testcase classname="mitiq.pec.tests.test_pec" name="test_bad_precision_argument[2]" time="0.001" /><testcase classname="mitiq.pec.tests.test_pec" name="test_large_sample_size_warning" time="0.002" /><testcase classname="mitiq.pec.tests.test_pec" name="test_pec_data_with_full_output" time="0.115" /><testcase classname="mitiq.cdr.tests.test_cdr" name="test_execute_with_cdr[5-kwargs1-linear_fit_function-qiskit]" time="7.519" /><testcase classname="mitiq.pec.tests.test_pec" name="test_mitigate_executor_qiskit" time="6.827" /><testcase classname="mitiq.cdr.tests.test_cdr" name="test_decorator_execute_with_cdr[3-kwargs0-linear_fit_function_no_intercept-braket]" time="0.265" /><testcase classname="mitiq.cdr.tests.test_cdr" name="test_decorator_execute_with_cdr[3-kwargs0-linear_fit_function_no_intercept-pennylane]" time="7.311" /><testcase classname="mitiq.pec.tests.test_pec" name="test_pec_decorator_qiskit" time="158.776" /><testcase classname="mitiq.cdr.tests.test_cdr" name="test_execute_with_cdr[2-kwargs1-linear_fit_function_no_intercept-braket]" time="0.274" /><testcase classname="mitiq.cdr.tests.test_cdr" name="test_execute_with_cdr[5-kwargs1-linear_fit_function-braket]" time="0.303" /><testcase classname="mitiq.cdr.tests.test_cdr" name="test_execute_with_cdr[2-kwargs1-linear_fit_function_no_intercept-pennylane]" time="7.490" /><testcase classname="mitiq.cdr.tests.test_cdr" name="test_execute_with_cdr[5-kwargs1-linear_fit_function-pennylane]" time="7.518" /><testcase classname="mitiq.cdr.tests.test_cdr" name="test_mitigated_execute_with_cdr[5-kwargs0-linear_fit_function_no_intercept-braket]" time="0.920" /><testcase classname="mitiq.cdr.tests.test_cdr" name="test_mitigated_execute_with_cdr[5-kwargs0-linear_fit_function_no_intercept-pennylane]" time="28.609" /><testcase classname="mitiq.cdr.tests.test_cdr" name="test_decorator_execute_with_cdr[3-kwargs1-linear_fit_function-cirq]" time="0.164" /><testcase classname="mitiq.cdr.tests.test_cdr" name="test_decorator_execute_with_cdr[3-kwargs1-linear_fit_function-pyquil]" time="0.393" /><testcase classname="mitiq.cdr.tests.test_cdr" name="test_decorator_execute_with_cdr[3-kwargs1-linear_fit_function-qiskit]" time="7.140" /><testcase classname="mitiq.cdr.tests.test_cdr" name="test_execute_with_cdr[3-kwargs0-linear_fit_function-cirq]" time="0.107" /><testcase classname="mitiq.cdr.tests.test_cdr" name="test_execute_with_cdr[5-kwargs1-linear_fit_function_no_intercept-cirq]" time="0.161" /><testcase classname="mitiq.cdr.tests.test_cdr" name="test_execute_with_cdr[3-kwargs0-linear_fit_function-pyquil]" time="0.349" /><testcase classname="mitiq.cdr.tests.test_cdr" name="test_execute_with_cdr[5-kwargs1-linear_fit_function_no_intercept-pyquil]" time="0.440" /><testcase classname="mitiq.cdr.tests.test_cdr" name="test_execute_with_cdr[3-kwargs0-linear_fit_function-qiskit]" time="7.139" /><testcase classname="mitiq.cdr.tests.test_cdr" name="test_execute_with_cdr[5-kwargs1-linear_fit_function_no_intercept-qiskit]" time="7.221" /><testcase classname="mitiq.cdr.tests.test_cdr" name="test_mitigated_execute_with_cdr[1-kwargs0-linear_fit_function-braket]" time="0.866" /><testcase classname="mitiq.cdr.tests.test_cdr" name="test_decorator_execute_with_cdr[3-kwargs1-linear_fit_function-braket]" time="0.323" /><testcase classname="mitiq.cdr.tests.test_cdr" name="test_mitigated_execute_with_cdr[1-kwargs0-linear_fit_function-pennylane]" time="28.354" /><testcase classname="mitiq.cdr.tests.test_cdr" name="test_decorator_execute_with_cdr[3-kwargs1-linear_fit_function-pennylane]" time="7.745" /><testcase classname="mitiq.cdr.tests.test_cdr" name="test_execute_with_cdr[3-kwargs0-linear_fit_function-braket]" time="0.241" /><testcase classname="mitiq.cdr.tests.test_cdr" name="test_execute_with_cdr[3-kwargs0-linear_fit_function-pennylane]" time="7.544" /><testcase classname="mitiq.cdr.tests.test_cdr" name="test_execute_with_cdr[5-kwargs1-linear_fit_function_no_intercept-braket]" time="0.316" /><testcase classname="mitiq.cdr.tests.test_cdr" name="test_execute_with_cdr[5-kwargs1-linear_fit_function_no_intercept-pennylane]" time="7.636" /><testcase classname="mitiq.cdr.tests.test_cdr" name="test_decorator_execute_with_cdr[3-kwargs1-linear_fit_function_no_intercept-cirq]" time="0.163" /><testcase classname="mitiq.cdr.tests.test_cdr" name="test_decorator_execute_with_cdr[3-kwargs1-linear_fit_function_no_intercept-pyquil]" time="0.375" /><testcase classname="mitiq.cdr.tests.test_cdr" name="test_decorator_execute_with_cdr[3-kwargs1-linear_fit_function_no_intercept-qiskit]" time="7.087" /><testcase classname="mitiq.cdr.tests.test_cdr" name="test_mitigated_execute_with_cdr[2-kwargs1-linear_fit_function-cirq]" time="0.653" /><testcase classname="mitiq.cdr.tests.test_cdr" name="test_mitigated_execute_with_cdr[2-kwargs1-linear_fit_function-pyquil]" time="1.568" /><testcase classname="mitiq.cdr.tests.test_cdr" name="test_execute_with_cdr[3-kwargs0-linear_fit_function_no_intercept-cirq]" time="0.118" /><testcase classname="mitiq.cdr.tests.test_cdr" name="test_execute_with_cdr[3-kwargs0-linear_fit_function_no_intercept-pyquil]" time="0.352" /><testcase classname="mitiq.cdr.tests.test_cdr" name="test_mitigated_execute_with_cdr[2-kwargs1-linear_fit_function-qiskit]" time="28.197" /><testcase classname="mitiq.cdr.tests.test_cdr" name="test_execute_with_cdr[3-kwargs0-linear_fit_function_no_intercept-qiskit]" time="6.771" /><testcase classname="mitiq.cdr.tests.test_cdr" name="test_decorator_execute_with_cdr[1-kwargs0-linear_fit_function-cirq]" time="0.142" /><testcase classname="mitiq.cdr.tests.test_cdr" name="test_decorator_execute_with_cdr[1-kwargs0-linear_fit_function-pyquil]" time="0.373" /><testcase classname="mitiq.cdr.tests.test_cdr" name="test_decorator_execute_with_cdr[1-kwargs0-linear_fit_function-qiskit]" time="7.196" /><testcase classname="mitiq.cdr.tests.test_cdr" name="test_decorator_execute_with_cdr[3-kwargs1-linear_fit_function_no_intercept-braket]" time="0.274" /><testcase classname="mitiq.cdr.tests.test_cdr" name="test_decorator_execute_with_cdr[3-kwargs1-linear_fit_function_no_intercept-pennylane]" time="7.299" /><testcase classname="mitiq.pec.tests.test_pec_sampling" name="test_sample_sequence_choi[gate0]" time="2.080" /><testcase classname="mitiq.cdr.tests.test_cdr" name="test_decorator_execute_with_cdr[1-kwargs0-linear_fit_function-braket]" time="0.293" /><testcase classname="mitiq.cdr.tests.test_cdr" name="test_decorator_execute_with_cdr[1-kwargs0-linear_fit_function-pennylane]" time="7.457" /><testcase classname="mitiq.pec.tests.test_pec_sampling" name="test_sample_sequence_choi[gate1]" time="3.360" /><testcase classname="mitiq.cdr.tests.test_cdr" name="test_mitigated_execute_with_cdr[5-kwargs1-linear_fit_function-cirq]" time="0.641" /><testcase classname="mitiq.cdr.tests.test_cdr" name="test_mitigated_execute_with_cdr[5-kwargs1-linear_fit_function-pyquil]" time="1.599" /><testcase classname="mitiq.cdr.tests.test_cdr" name="test_mitigated_execute_with_cdr[5-kwargs1-linear_fit_function-qiskit]" time="31.244" /><testcase classname="mitiq.cdr.tests.test_cdr" name="test_decorator_execute_with_cdr[4-kwargs0-linear_fit_function-cirq]" time="0.121" /><testcase classname="mitiq.cdr.tests.test_cdr" name="test_decorator_execute_with_cdr[4-kwargs0-linear_fit_function-pyquil]" time="0.338" /><testcase classname="mitiq.rem.tests.test_rem" name="test_mitigate_executor[0-0-0]" time="0.689" /><testcase classname="mitiq.pec.tests.test_pec_sampling" name="test_sample_circuit_choi" time="6.418" /><testcase classname="mitiq.rem.tests.test_rem" name="test_mitigate_executor[1-1-0]" time="0.452" /><testcase classname="mitiq.rem.tests.test_rem" name="test_mitigate_executor[1-0-2.1]" time="0.490" /><testcase classname="mitiq.rem.tests.test_rem" name="test_mitigate_executor[0-1-0]" time="0.452" /><testcase classname="mitiq.rem.tests.test_rem" name="test_mitigate_executor[0.3-0.1-0]" time="0.478" /><testcase classname="mitiq.rem.tests.test_rem" name="test_mitigate_executor[0.1-0.3-0]" time="0.646" /><testcase classname="mitiq.rem.tests.test_rem" name="test_mitigate_executor[0.001-0.001-0.001]" time="0.488" /><testcase classname="mitiq.pec.types.tests.test_types" name="test_operation_representation_warnings" time="0.001" /><testcase classname="mitiq.pec.types.tests.test_types" name="test_different_qubits_error" time="0.006" /><testcase classname="mitiq.pec.types.tests.test_types" name="test_different_length_error" time="0.002" /><testcase classname="mitiq.raw.tests.test_raw" name="test_raw" time="0.004" /><testcase classname="mitiq.rem.tests.test_inverse_confusion_matrix" name="test_sample_probability_vector_single_qubit" time="0.012" /><testcase classname="mitiq.rem.tests.test_inverse_confusion_matrix" name="test_sample_probability_vector_two_qubits" time="0.005" /><testcase classname="mitiq.rem.tests.test_inverse_confusion_matrix" name="test_bitstrings_to_probability_vector" time="0.002" /><testcase classname="mitiq.rem.tests.test_inverse_confusion_matrix" name="test_probability_vector_roundtrip" time="0.120" /><testcase classname="mitiq.rem.tests.test_rem" name="test_mitigate_executor[0.02-0.04-0]" time="0.477" /><testcase classname="mitiq.rem.tests.test_inverse_confusion_matrix" name="test_generate_inverse_confusion_matrix" time="0.002" /><testcase classname="mitiq.rem.tests.test_inverse_confusion_matrix" name="test_generate_tensored_inverse_confusion_matrix[2-confusion_matrices0-expected0]" time="0.002" /><testcase classname="mitiq.rem.tests.test_inverse_confusion_matrix" name="test_generate_tensored_inverse_confusion_matrix[2-confusion_matrices1-expected1]" time="0.002" /><testcase classname="mitiq.rem.tests.test_inverse_confusion_matrix" name="test_generate_tensored_inverse_confusion_matrix[3-confusion_matrices2-expected2]" time="0.001" /><testcase classname="mitiq.rem.tests.test_inverse_confusion_matrix" name="test_generate_tensored_inverse_confusion_matrix[2-confusion_matrices3-expected3]" time="0.002" /><testcase classname="mitiq.rem.tests.test_inverse_confusion_matrix" name="test_generate_tensored_inverse_confusion_matrix[3-confusion_matrices4-expected4]" time="0.001" /><testcase classname="mitiq.rem.tests.test_inverse_confusion_matrix" name="test_generate_tensored_inverse_confusion_matrix[3-confusion_matrices5-ValueError]" time="0.001" /><testcase classname="mitiq.rem.tests.test_inverse_confusion_matrix" name="test_generate_tensored_inverse_confusion_matrix[3-confusion_matrices6-expected6]" time="0.001" /><testcase classname="mitiq.rem.tests.test_inverse_confusion_matrix" name="test_mitigate_measurements" time="0.011" /><testcase classname="mitiq.rem.tests.test_inverse_confusion_matrix" name="test_closest_positive_distribution" time="0.005" /><testcase classname="mitiq.rem.tests.test_inverse_confusion_matrix" name="test_closest_positive_distribution_error" time="0.111" /><testcase classname="mitiq.rem.tests.test_post_select" name="test_post_select" time="0.000" /><testcase classname="mitiq.rem.tests.test_post_select" name="test_post_select_inverted" time="0.000" /><testcase classname="mitiq.rem.tests.test_post_select" name="test_post_select_empty_measurement_result[True]" time="0.000" /><testcase classname="mitiq.rem.tests.test_post_select" name="test_post_select_empty_measurement_result[False]" time="0.000" /><testcase classname="mitiq.rem.tests.test_post_select" name="test_post_select_hamming_weight_less_than" time="0.000" /><testcase classname="mitiq.rem.tests.test_post_select" name="test_post_select_hamming_weight_specific_bit" time="0.000" /><testcase classname="mitiq.rem.tests.test_post_select" name="test_post_select_edge_cases" time="0.000" /><testcase classname="mitiq.rem.tests.test_rem" name="test_rem_invalid_executor" time="0.002" /><testcase classname="mitiq.rem.tests.test_rem" name="test_rem_identity" time="0.492" /><testcase classname="mitiq.rem.tests.test_rem" name="test_mitigate_executor[0.3-0.7-0]" time="0.458" /><testcase classname="mitiq.rem.tests.test_rem" name="test_rem_with_matrix" time="0.480" /><testcase classname="mitiq.rem.tests.test_rem" name="test_rem_decorator" time="0.466" /><testcase classname="mitiq.cdr.tests.test_cdr" name="test_mitigated_execute_with_cdr[1-kwargs0-linear_fit_function_no_intercept-cirq]" time="0.427" /><testcase classname="mitiq.rem.tests.test_rem" name="test_rem_with_invalid_matrix" time="0.067" /><testcase classname="mitiq.rem.tests.test_rem" name="test_doc_is_preserved" time="0.001" /><testcase classname="mitiq.tests.test_conversions" name="test_accept_any_qprogram_as_input[braket-circuit_and_expected1]" time="0.003" /><testcase classname="mitiq.tests.test_conversions" name="test_accept_any_qprogram_as_input[pennylane-circuit_and_expected0]" time="0.103" /><testcase classname="mitiq.cdr.tests.test_cdr" name="test_mitigated_execute_with_cdr[1-kwargs0-linear_fit_function_no_intercept-pyquil]" time="1.538" /><testcase classname="mitiq.tests.test_conversions" name="test_accept_any_qprogram_as_input[pennylane-circuit_and_expected1]" time="0.135" /><testcase classname="mitiq.rem.tests.test_rem" name="test_rem_decorator_batched" time="1.125" /><testcase classname="mitiq.tests.test_conversions" name="test_converter[circuit_and_type0]" time="0.122" /><testcase classname="mitiq.tests.test_conversions" name="test_converter[circuit_and_type1]" time="0.006" /><testcase classname="mitiq.tests.test_conversions" name="test_converter[circuit_and_type2]" time="0.002" /><testcase classname="mitiq.tests.test_conversions" name="test_converter_keeps_register_structure_qiskit[True-1]" time="0.103" /><testcase classname="mitiq.tests.test_conversions" name="test_converter_keeps_register_structure_qiskit[True-10]" time="0.124" /><testcase classname="mitiq.tests.test_conversions" name="test_converter_keeps_register_structure_qiskit[False-1]" time="0.132" /><testcase classname="mitiq.tests.test_conversions" name="test_converter_keeps_register_structure_qiskit[False-10]" time="0.116" /><testcase classname="mitiq.tests.test_conversions" name="test_atomic_one_to_many_converter[cirq]" time="0.001" /><testcase classname="mitiq.tests.test_conversions" name="test_atomic_one_to_many_converter[pyquil]" time="0.004" /><testcase classname="mitiq.tests.test_conversions" name="test_atomic_one_to_many_converter[qiskit]" time="0.717" /><testcase classname="mitiq.tests.test_conversions" name="test_to_mitiq[circuit0]" time="0.014" /><testcase classname="mitiq.tests.test_conversions" name="test_to_mitiq[circuit1]" time="0.001" /><testcase classname="mitiq.tests.test_conversions" name="test_to_mitiq[circuit2]" time="0.001" /><testcase classname="mitiq.tests.test_conversions" name="test_to_mitiq_bad_types[circuit]" time="0.003" /><testcase classname="mitiq.tests.test_conversions" name="test_to_mitiq_bad_types[1]" time="0.001" /><testcase classname="mitiq.tests.test_conversions" name="test_to_mitiq_bad_types[None]" time="0.001" /><testcase classname="mitiq.tests.test_conversions" name="test_from_mitiq[cirq]" time="0.001" /><testcase classname="mitiq.tests.test_conversions" name="test_from_mitiq[pyquil]" time="0.002" /><testcase classname="mitiq.tests.test_conversions" name="test_from_mitiq[qiskit]" time="0.143" /><testcase classname="mitiq.tests.test_conversions" name="test_from_mitiq[braket]" time="0.003" /><testcase classname="mitiq.tests.test_conversions" name="test_from_mitiq[pennylane]" time="0.087" /><testcase classname="mitiq.tests.test_conversions" name="test_accept_any_qprogram_as_input[cirq-circuit_and_expected0]" time="0.004" /><testcase classname="mitiq.tests.test_conversions" name="test_accept_any_qprogram_as_input[cirq-circuit_and_expected1]" time="0.004" /><testcase classname="mitiq.tests.test_conversions" name="test_accept_any_qprogram_as_input[pyquil-circuit_and_expected0]" time="0.002" /><testcase classname="mitiq.tests.test_conversions" name="test_accept_any_qprogram_as_input[pyquil-circuit_and_expected1]" time="0.002" /><testcase classname="mitiq.tests.test_conversions" name="test_accept_any_qprogram_as_input[qiskit-circuit_and_expected0]" time="0.097" /><testcase classname="mitiq.tests.test_conversions" name="test_atomic_one_to_many_converter[braket]" time="0.002" /><testcase classname="mitiq.tests.test_conversions" name="test_atomic_one_to_many_converter[pennylane]" time="0.622" /><testcase classname="mitiq.tests.test_conversions" name="test_accept_any_qprogram_as_input[qiskit-circuit_and_expected1]" time="0.124" /><testcase classname="mitiq.cdr.tests.test_cdr" name="test_mitigated_execute_with_cdr[1-kwargs0-linear_fit_function_no_intercept-qiskit]" time="32.282" /><testcase classname="mitiq.tests.test_conversions" name="test_accept_any_qprogram_as_input[braket-circuit_and_expected0]" time="0.008" /><testcase classname="mitiq.pec.types.tests.test_types" name="test_init_with_cirq_circuit" time="0.005" /><testcase classname="mitiq.tests.test_utils" name="test_circuit_equality_identical_qubits[True]" time="0.005" /><testcase classname="mitiq.pec.types.tests.test_types" name="test_init_with_different_qubits[qubit0]" time="0.004" /><testcase classname="mitiq.tests.test_utils" name="test_circuit_equality_identical_qubits[False]" time="0.002" /><testcase classname="mitiq.tests.test_utils" name="test_circuit_equality_nonidentical_but_equal_qubits[True]" time="0.001" /><testcase classname="mitiq.tests.test_utils" name="test_circuit_equality_nonidentical_but_equal_qubits[False]" time="0.002" /><testcase classname="mitiq.tests.test_utils" name="test_circuit_equality_linequbit_gridqubit_equal_indices" time="0.006" /><testcase classname="mitiq.pec.types.tests.test_types" name="test_init_with_different_qubits[qubit1]" time="0.005" /><testcase classname="mitiq.tests.test_utils" name="test_circuit_equality_linequbit_gridqubit_unequal_indices" time="0.009" /><testcase classname="mitiq.pec.types.tests.test_types" name="test_init_with_different_qubits[qubit2]" time="0.002" /><testcase classname="mitiq.pec.types.tests.test_types" name="test_init_with_cirq_input" time="0.001" /><testcase classname="mitiq.pec.types.tests.test_types" name="test_init_with_qiskit_circuit" time="0.022" /><testcase classname="mitiq.tests.test_utils" name="test_circuit_equality_linequbit_namedqubit_equal_indices" time="0.007" /><testcase classname="mitiq.tests.test_utils" name="test_circuit_equality_linequbit_namedqubit_unequal_indices" time="0.012" /><testcase classname="mitiq.pec.types.tests.test_types" name="test_init_with_gates_raises_error[gate0]" time="0.003" /><testcase classname="mitiq.tests.test_utils" name="test_circuit_equality_gridqubit_namedqubit_equal_indices" time="0.003" /><testcase classname="mitiq.pec.types.tests.test_types" name="test_init_with_gates_raises_error[gate1]" time="0.003" /><testcase classname="mitiq.tests.test_utils" name="test_circuit_equality_gridqubit_namedqubit_unequal_indices" time="0.002" /><testcase classname="mitiq.tests.test_utils" name="test_circuit_equality_unequal_measurement_keys_terminal_measurements" time="0.033" /><testcase classname="mitiq.pec.types.tests.test_types" name="test_init_with_gates_raises_error[HGate]" time="0.003" /><testcase classname="mitiq.pec.types.tests.test_types" name="test_init_with_gates_raises_error[CHGate]" time="0.002" /><testcase classname="mitiq.pec.types.tests.test_types" name="test_init_with_gates_raises_error[H]" time="0.002" /><testcase classname="mitiq.pec.types.tests.test_types" name="test_init_with_pyquil_program" time="0.002" /><testcase classname="mitiq.pec.types.tests.test_types" name="test_init_dimension_mismatch_error" time="0.002" /><testcase classname="mitiq.pec.types.tests.test_types" name="test_unknown_channel_matrix" time="0.045" /><testcase classname="mitiq.tests.test_utils" name="test_circuit_equality_equal_measurement_keys_terminal_measurements[True]" time="0.012" /><testcase classname="mitiq.tests.test_utils" name="test_circuit_equality_equal_measurement_keys_terminal_measurements[False]" time="0.018" /><testcase classname="mitiq.tests.test_utils" name="test_circuit_equality_unequal_measurement_keys_nonterminal_measurements" time="0.027" /><testcase classname="mitiq.pec.types.tests.test_types" name="test_add_simple" time="0.008" /><testcase classname="mitiq.pec.types.tests.test_types" name="test_add_pyquil_noisy_operations" time="0.006" /><testcase classname="mitiq.pec.types.tests.test_types" name="test_add_qiskit_noisy_operations" time="0.045" /><testcase classname="mitiq.tests.test_utils" name="test_circuit_equality_equal_measurement_keys_nonterminal_measurements[True]" time="0.017" /><testcase classname="mitiq.tests.test_utils" name="test_circuit_equality_equal_measurement_keys_nonterminal_measurements[False]" time="0.014" /><testcase classname="mitiq.tests.test_utils" name="test_is_measurement" time="0.001" /><testcase classname="mitiq.tests.test_utils" name="test_pop_measurements_and_add_measurements" time="0.005" /><testcase classname="mitiq.pec.types.tests.test_types" name="test_add_bad_type" time="0.001" /><testcase classname="mitiq.pec.types.tests.test_types" name="test_add_noisy_operation_no_channel_matrix" time="0.001" /><testcase classname="mitiq.pec.types.tests.test_types" name="test_noisy_operation_str" time="0.001" /><testcase classname="mitiq.pec.types.tests.test_types" name="test_noisy_basis_deprecation_error" time="0.001" /><testcase classname="mitiq.tests.test_utils" name="test_simplify_gate_exponent[gate0]" time="0.002" /><testcase classname="mitiq.tests.test_utils" name="test_simplify_gate_exponent[gate1]" time="0.001" /><testcase classname="mitiq.pec.types.tests.test_types" name="test_representation_simple" time="0.009" /><testcase classname="mitiq.tests.test_utils" name="test_simplify_gate_exponent[gate2]" time="0.001" /><testcase classname="mitiq.tests.test_utils" name="test_simplify_gate_exponent[gate3]" time="0.001" /><testcase classname="mitiq.tests.test_utils" name="test_simplify_gate_exponent_with_gates_that_cannot_be_simplified[gate0]" time="0.001" /><testcase classname="mitiq.pec.types.tests.test_types" name="test_representation_bad_type" time="0.003" /><testcase classname="mitiq.pec.types.tests.test_types" name="test_representation_sample" time="0.001" /><testcase classname="mitiq.pec.types.tests.test_types" name="test_representation_sample_seed" time="0.002" /><testcase classname="mitiq.pec.types.tests.test_types" name="test_representation_sample_bad_seed_type" time="0.001" /><testcase classname="mitiq.pec.types.tests.test_types" name="test_representation_sample_zero_coefficient" time="0.213" /><testcase classname="mitiq.tests.test_utils" name="test_simplify_gate_exponent_with_gates_that_cannot_be_simplified[gate1]" time="0.000" /><testcase classname="mitiq.tests.test_utils" name="test_simplify_gate_exponent_with_gates_that_cannot_be_simplified[gate2]" time="0.000" /><testcase classname="mitiq.tests.test_utils" name="test_simplify_circuit_exponents_controlled_gate" time="0.001" /><testcase classname="mitiq.tests.test_utils" name="test_simplify_circuit_exponents" time="0.004" /><testcase classname="mitiq.tests.test_utils" name="test_simplify_circuit_exponents_with_non_self_inverse_gates" time="0.001" /><testcase classname="mitiq.tests.test_utils" name="test_are_close_dict" time="0.003" /><testcase classname="mitiq.tests.test_utils" name="test_max_ent_state_circuit" time="0.008" /><testcase classname="mitiq.tests.test_utils" name="test_circuit_to_choi_and_operation_to_choi" time="0.025" /><testcase classname="mitiq.tests.test_without_third_party_packages" name="test_import" time="0.001" /><testcase classname="mitiq.zne.scaling.tests.test_folding" name="test_squash_moments_two_qubits" time="0.001" /><testcase classname="mitiq.zne.scaling.tests.test_folding" name="test_squash_moments_returns_new_circuit_and_doesnt_modify_input_circuit" time="0.001" /><testcase classname="mitiq.zne.scaling.tests.test_folding" name="test_squash_moments_never_increases_moments" time="0.116" /><testcase classname="mitiq.zne.scaling.tests.test_folding" name="test_fold_all[True-1]" time="0.004" /><testcase classname="mitiq.zne.scaling.tests.test_folding" name="test_fold_all[True-3]" time="0.013" /><testcase classname="mitiq.zne.scaling.tests.test_folding" name="test_fold_all[True-5]" time="0.007" /><testcase classname="mitiq.zne.scaling.tests.test_folding" name="test_fold_all[False-1]" time="0.009" /><testcase classname="mitiq.tests.test_conversions" name="test_noise_scaling_converter_with_qiskit_idle_qubits_and_barriers" time="0.141" /><testcase classname="mitiq.pec.types.tests.test_types" name="test_print_cirq_operation_representation" time="0.004" /><testcase classname="mitiq.zne.scaling.tests.test_folding" name="test_fold_all[False-3]" time="0.010" /><testcase classname="mitiq.pec.types.tests.test_types" name="test_print_operation_representation_two_qubits" time="0.004" /><testcase classname="mitiq.pec.types.tests.test_types" name="test_print_operation_representation_two_qubits_neg" time="0.005" /><testcase classname="mitiq.zne.scaling.tests.test_folding" name="test_fold_all[False-5]" time="0.006" /><testcase classname="mitiq.pec.types.tests.test_types" name="test_equal_method_of_representations" time="0.053" /><testcase classname="mitiq.zne.scaling.tests.test_folding" name="test_fold_all_exclude_with_gates" time="0.008" /><testcase classname="mitiq.zne.scaling.tests.test_folding" name="test_fold_all_exclude_with_strings" time="0.017" /><testcase classname="mitiq.zne.scaling.tests.test_folding" name="test_fold_with_intermediate_measurements_raises_error[fold_gates_from_left]" time="0.006" /><testcase classname="mitiq.zne.scaling.tests.test_folding" name="test_fold_with_intermediate_measurements_raises_error[fold_gates_from_right]" time="0.003" /><testcase classname="mitiq.zne.scaling.tests.test_folding" name="test_fold_with_intermediate_measurements_raises_error[fold_gates_at_random]" time="0.001" /><testcase classname="mitiq.zne.scaling.tests.test_folding" name="test_fold_with_intermediate_measurements_raises_error[fold_global]" time="0.001" /><testcase classname="mitiq.zne.scaling.tests.test_folding" name="test_fold_with_channels_raises_error[fold_gates_from_left]" time="0.001" /><testcase classname="mitiq.zne.scaling.tests.test_folding" name="test_fold_with_channels_raises_error[fold_gates_from_right]" time="0.001" /><testcase classname="mitiq.zne.scaling.tests.test_folding" name="test_fold_with_channels_raises_error[fold_gates_at_random]" time="0.002" /><testcase classname="mitiq.zne.scaling.tests.test_folding" name="test_fold_all_skip_moments[skip0]" time="0.010" /><testcase classname="mitiq.zne.scaling.tests.test_folding" name="test_fold_with_channels_raises_error[fold_global]" time="0.004" /><testcase classname="mitiq.zne.scaling.tests.test_folding" name="test_parametrized_circuit_folding[fold_gates_from_left]" time="0.058" /><testcase classname="mitiq.zne.scaling.tests.test_folding" name="test_fold_all_skip_moments[skip1]" time="0.014" /><testcase classname="mitiq.zne.scaling.tests.test_folding" name="test_folding_with_bad_scale_factor" time="0.001" /><testcase classname="mitiq.zne.scaling.tests.test_folding" name="test_create_mask_with_bad_scale_factor" time="0.000" /><testcase classname="mitiq.zne.scaling.tests.test_folding" name="test_create_mask_with_bad_folding_method" time="0.002" /><testcase classname="mitiq.zne.scaling.tests.test_folding" name="test_fold_all_bad_exclude" time="0.004" /><testcase classname="mitiq.zne.scaling.tests.test_folding" name="test_fold_from_left_two_qubits" time="0.025" /><testcase classname="mitiq.tests.test_measurement_result" name="test_measurement_result[qubit_indices0-True]" time="0.001" /><testcase classname="mitiq.zne.scaling.tests.test_folding" name="test_parametrized_circuit_folding[fold_gates_from_right]" time="0.002" /><testcase classname="mitiq.tests.test_measurement_result" name="test_measurement_result[qubit_indices0-False]" time="0.001" /><testcase classname="mitiq.zne.scaling.tests.test_folding" name="test_fold_from_left_three_qubits" time="0.010" /><testcase classname="mitiq.tests.test_measurement_result" name="test_measurement_result[qubit_indices1-True]" time="0.001" /><testcase classname="mitiq.tests.test_measurement_result" name="test_measurement_result[qubit_indices1-False]" time="0.001" /><testcase classname="mitiq.zne.scaling.tests.test_folding" name="test_parametrized_circuit_folding[fold_gates_at_random]" time="0.005" /><testcase classname="mitiq.tests.test_measurement_result" name="test_measurement_result_bad_qubit_indices" time="0.001" /><testcase classname="mitiq.tests.test_measurement_result" name="test_measurement_result_not_bits" time="0.001" /><testcase classname="mitiq.zne.scaling.tests.test_folding" name="test_parametrized_circuit_folding[fold_global]" time="0.002" /><testcase classname="mitiq.tests.test_measurement_result" name="test_filter_qubits" time="0.001" /><testcase classname="mitiq.zne.scaling.tests.test_folding" name="test_fold_from_left_no_stretch" time="0.009" /><testcase classname="mitiq.tests.test_measurement_result" name="test_empty" time="0.000" /><testcase classname="mitiq.tests.test_measurement_result" name="test_convert_to_array" time="0.000" /><testcase classname="mitiq.zne.scaling.tests.test_folding" name="test_parametrized_circuit_folding_terminal_measurement[fold_gates_from_left]" time="0.003" /><testcase classname="mitiq.tests.test_measurement_result" name="test_measurement_result_with_strings[qubit_indices0]" time="0.000" /><testcase classname="mitiq.tests.test_measurement_result" name="test_measurement_result_with_strings[qubit_indices1]" time="0.001" /><testcase classname="mitiq.zne.scaling.tests.test_folding" name="test_parametrized_circuit_folding_terminal_measurement[fold_gates_from_right]" time="0.006" /><testcase classname="mitiq.tests.test_measurement_result" name="test_measurement_result_from_counts[qubit_indices0]" time="0.001" /><testcase classname="mitiq.zne.scaling.tests.test_folding" name="test_fold_from_left_scale_factor_larger_than_three" time="0.005" /><testcase classname="mitiq.zne.scaling.tests.test_folding" name="test_parametrized_circuit_folding_terminal_measurement[fold_gates_at_random]" time="0.004" /><testcase classname="mitiq.tests.test_measurement_result" name="test_measurement_result_from_counts[qubit_indices1]" time="0.001" /><testcase classname="mitiq.zne.scaling.tests.test_folding" name="test_parametrized_circuit_folding_terminal_measurement[fold_global]" time="0.003" /><testcase classname="mitiq.tests.test_measurement_result" name="test_measurement_result_get_counts" time="0.001" /><testcase classname="mitiq.tests.test_measurement_result" name="test_measurement_result_to_from_dictionary" time="0.001" /><testcase classname="mitiq.zne.scaling.tests.test_folding" name="test_errors_raised_parametrized_circuits[fold_gates_from_left]" time="0.002" /><testcase classname="mitiq.zne.scaling.tests.test_folding" name="test_fold_from_right_scale_factor_larger_than_three" time="0.016" /><testcase classname="mitiq.tests.test_measurement_result" name="test_measurement_repr_" time="0.004" /><testcase classname="mitiq.zne.scaling.tests.test_folding" name="test_errors_raised_parametrized_circuits[fold_gates_from_right]" time="0.004" /><testcase classname="mitiq.tests.test_measurement_result" name="test_measurement_result_prob_distribution" time="0.001" /><testcase classname="mitiq.zne.scaling.tests.test_folding" name="test_global_fold_stretch_factor_of_three_with_terminal_measurements" time="0.009" /><testcase classname="mitiq.zne.scaling.tests.test_folding" name="test_fold_from_left_with_terminal_measurements_min_stretch" time="0.012" /><testcase classname="mitiq.zne.scaling.tests.test_folding" name="test_errors_raised_parametrized_circuits[fold_gates_at_random]" time="0.003" /><testcase classname="mitiq.zne.scaling.tests.test_folding" name="test_errors_raised_parametrized_circuits[fold_global]" time="0.001" /><testcase classname="mitiq.zne.scaling.tests.test_folding" name="test_fold_from_right_basic" time="0.010" /><testcase classname="mitiq.zne.scaling.tests.test_folding" name="test_global_fold_stretch_factor_nine_with_terminal_measurements" time="0.020" /><testcase classname="mitiq.zne.scaling.tests.test_folding" name="test_fold_from_left_with_terminal_measurements_max_stretch" time="0.007" /><testcase classname="mitiq.zne.scaling.tests.test_folding" name="test_fold_from_right_max_stretch" time="0.013" /><testcase classname="mitiq.zne.scaling.tests.test_folding" name="test_local_folding_methods_match_on_odd_scale_factors" time="0.073" /><testcase classname="mitiq.zne.scaling.tests.test_folding" name="test_global_fold_stretch_factor_eight_terminal_measurements" time="0.008" /><testcase classname="mitiq.zne.scaling.tests.test_folding" name="test_fold_from_right_with_terminal_measurements_min_stretch" time="0.006" /><testcase classname="mitiq.zne.scaling.tests.test_folding" name="test_fold_from_right_with_terminal_measurements_max_stretch" time="0.014" /><testcase classname="mitiq.zne.scaling.tests.test_folding" name="test_global_fold_moment_structure_maintained_full_scale_factors" time="0.018" /><testcase classname="mitiq.zne.scaling.tests.test_folding" name="test_fold_right_retains_terminal_measurements_in_input_circuit" time="0.002" /><testcase classname="mitiq.zne.scaling.tests.test_folding" name="test_fold_and_squash_max_stretch[fold_gates_from_left]" time="0.010" /><testcase classname="mitiq.zne.scaling.tests.test_folding" name="test_global_fold_moment_structure_maintained_partial_scale_factors" time="0.014" /><testcase classname="mitiq.zne.scaling.tests.test_folding" name="test_fold_and_squash_max_stretch[fold_gates_from_right]" time="0.016" /><testcase classname="mitiq.zne.scaling.tests.test_folding" name="test_convert_to_from_mitiq_qiskit" time="0.109" /><testcase classname="mitiq.zne.scaling.tests.test_folding" name="test_fold_and_squash_max_stretch[fold_gates_at_random]" time="0.011" /><testcase classname="mitiq.zne.scaling.tests.test_folding" name="test_fold_gates_at_random_no_stretch" time="0.007" /><testcase classname="mitiq.zne.scaling.tests.test_folding" name="test_fold_and_squash_random_circuits_random_stretches[fold_gates_from_left]" time="0.136" /><testcase classname="mitiq.zne.scaling.tests.test_folding" name="test_fold_gates_at_random_seed_one_qubit" time="0.016" /><testcase classname="mitiq.zne.scaling.tests.test_folding" name="test_fold_random_min_stretch" time="0.005" /><testcase classname="mitiq.zne.scaling.tests.test_folding" name="test_fold_random_max_stretch" time="0.005" /><testcase classname="mitiq.zne.scaling.tests.test_folding" name="test_fold_random_scale_factor_larger_than_three" time="0.008" /><testcase classname="mitiq.zne.scaling.tests.test_folding" name="test_fold_random_no_repeats" time="0.018" /><testcase classname="mitiq.zne.scaling.tests.test_folding" name="test_fold_random_with_terminal_measurements_min_stretch" time="0.004" /><testcase classname="mitiq.zne.scaling.tests.test_folding" name="test_fold_random_with_terminal_measurements_max_stretch" time="0.006" /><testcase classname="mitiq.zne.scaling.tests.test_folding" name="test_global_fold_min_stretch" time="0.003" /><testcase classname="mitiq.zne.scaling.tests.test_folding" name="test_global_fold_min_stretch_with_terminal_measurements" time="0.009" /><testcase classname="mitiq.zne.scaling.tests.test_folding" name="test_fold_from_left_with_qiskit_circuits" time="0.147" /><testcase classname="mitiq.zne.scaling.tests.test_folding" name="test_global_fold_stretch_factor_of_three" time="0.005" /><testcase classname="mitiq.zne.scaling.tests.test_folding" name="test_folding_circuit_conversion_error_qiskit[fold_gates_from_right]" time="0.051" /><testcase classname="mitiq.zne.scaling.tests.test_folding" name="test_fold_and_squash_random_circuits_random_stretches[fold_gates_from_right]" time="0.092" /><testcase classname="mitiq.zne.scaling.tests.test_folding" name="test_folding_circuit_conversion_error_qiskit[fold_gates_at_random]" time="0.022" /><testcase classname="mitiq.zne.scaling.tests.test_folding" name="test_folding_circuit_conversion_error_qiskit[fold_global]" time="0.014" /><testcase classname="mitiq.zne.scaling.tests.test_folding" name="test_folding_circuit_conversion_error_pyquil[fold_gates_from_left]" time="0.033" /><testcase classname="mitiq.zne.scaling.tests.test_folding" name="test_folding_circuit_conversion_error_pyquil[fold_gates_from_right]" time="0.001" /><testcase classname="mitiq.zne.scaling.tests.test_folding" name="test_fold_and_squash_random_circuits_random_stretches[fold_gates_at_random]" time="0.097" /><testcase classname="mitiq.zne.scaling.tests.test_folding" name="test_folding_circuit_conversion_error_pyquil[fold_gates_at_random]" time="0.001" /><testcase classname="mitiq.zne.scaling.tests.test_folding" name="test_folding_circuit_conversion_error_pyquil[fold_global]" time="0.001" /><testcase classname="mitiq.zne.scaling.tests.test_folding" name="test_fold_from_right_with_qiskit_circuits" time="0.152" /><testcase classname="mitiq.zne.scaling.tests.test_folding" name="test_fold_fidelity_large_scale_factor_only_twoq_gates[1-fold_gates_from_left]" time="0.006" /><testcase classname="mitiq.zne.scaling.tests.test_folding" name="test_fold_fidelity_large_scale_factor_only_twoq_gates[1-fold_gates_from_right]" time="0.002" /><testcase classname="mitiq.zne.scaling.tests.test_folding" name="test_fold_fidelity_large_scale_factor_only_twoq_gates[1-fold_gates_at_random]" time="0.003" /><testcase classname="mitiq.zne.scaling.tests.test_folding" name="test_fold_fidelity_large_scale_factor_only_twoq_gates[3-fold_gates_from_left]" time="0.005" /><testcase classname="mitiq.zne.scaling.tests.test_folding" name="test_fold_fidelity_large_scale_factor_only_twoq_gates[3-fold_gates_from_right]" time="0.002" /><testcase classname="mitiq.zne.scaling.tests.test_folding" name="test_fold_fidelity_large_scale_factor_only_twoq_gates[3-fold_gates_at_random]" time="0.002" /><testcase classname="mitiq.zne.scaling.tests.test_folding" name="test_fold_fidelity_large_scale_factor_only_twoq_gates[5-fold_gates_from_left]" time="0.003" /><testcase classname="mitiq.zne.scaling.tests.test_folding" name="test_fold_fidelity_large_scale_factor_only_twoq_gates[5-fold_gates_from_right]" time="0.002" /><testcase classname="mitiq.zne.scaling.tests.test_folding" name="test_fold_fidelity_large_scale_factor_only_twoq_gates[5-fold_gates_at_random]" time="0.002" /><testcase classname="mitiq.zne.scaling.tests.test_folding" name="test_fold_fidelity_large_scale_factor_only_twoq_gates[9-fold_gates_from_left]" time="0.009" /><testcase classname="mitiq.zne.scaling.tests.test_folding" name="test_fold_fidelity_large_scale_factor_only_twoq_gates[9-fold_gates_from_right]" time="0.011" /><testcase classname="mitiq.zne.scaling.tests.test_folding" name="test_fold_fidelity_large_scale_factor_only_twoq_gates[9-fold_gates_at_random]" time="0.014" /><testcase classname="mitiq.zne.scaling.tests.test_folding" name="test_folding_keeps_measurement_order_with_qiskit" time="0.070" /><testcase classname="mitiq.zne.scaling.tests.test_folding" name="test_default_weight" time="0.001" /><testcase classname="mitiq.zne.scaling.tests.test_folding" name="test_fold_local_with_fidelities[True-fold_gates_from_left]" time="0.218" /><testcase classname="mitiq.zne.scaling.tests.test_folding" name="test_fold_at_random_with_qiskit_circuits" time="0.370" /><testcase classname="mitiq.zne.scaling.tests.test_folding" name="test_create_weight_mask_with_fidelities" time="0.002" /><testcase classname="mitiq.zne.scaling.tests.test_folding" name="test_create_fold_mask_with_odd_scale_factors[at_random-1-weight_mask0]" time="0.001" /><testcase classname="mitiq.zne.scaling.tests.test_folding" name="test_create_fold_mask_with_odd_scale_factors[at_random-1-weight_mask1]" time="0.003" /><testcase classname="mitiq.zne.scaling.tests.test_folding" name="test_create_fold_mask_with_odd_scale_factors[at_random-1-weight_mask2]" time="0.001" /><testcase classname="mitiq.zne.scaling.tests.test_folding" name="test_create_fold_mask_with_odd_scale_factors[at_random-3-weight_mask0]" time="0.001" /><testcase classname="mitiq.zne.scaling.tests.test_folding" name="test_create_fold_mask_with_odd_scale_factors[at_random-3-weight_mask1]" time="0.001" /><testcase classname="mitiq.zne.scaling.tests.test_folding" name="test_create_fold_mask_with_odd_scale_factors[at_random-3-weight_mask2]" time="0.001" /><testcase classname="mitiq.zne.scaling.tests.test_folding" name="test_create_fold_mask_with_odd_scale_factors[at_random-5-weight_mask0]" time="0.001" /><testcase classname="mitiq.zne.scaling.tests.test_folding" name="test_create_fold_mask_with_odd_scale_factors[at_random-5-weight_mask1]" time="0.001" /><testcase classname="mitiq.zne.scaling.tests.test_folding" name="test_create_fold_mask_with_odd_scale_factors[at_random-5-weight_mask2]" time="0.003" /><testcase classname="mitiq.zne.scaling.tests.test_folding" name="test_create_fold_mask_with_odd_scale_factors[at_random-7-weight_mask0]" time="0.002" /><testcase classname="mitiq.zne.scaling.tests.test_folding" name="test_create_fold_mask_with_odd_scale_factors[at_random-7-weight_mask1]" time="0.001" /><testcase classname="mitiq.zne.scaling.tests.test_folding" name="test_create_fold_mask_with_odd_scale_factors[at_random-7-weight_mask2]" time="0.001" /><testcase classname="mitiq.zne.scaling.tests.test_folding" name="test_create_fold_mask_with_odd_scale_factors[at_random-9-weight_mask0]" time="0.002" /><testcase classname="mitiq.zne.scaling.tests.test_folding" name="test_create_fold_mask_with_odd_scale_factors[at_random-9-weight_mask1]" time="0.001" /><testcase classname="mitiq.zne.scaling.tests.test_folding" name="test_create_fold_mask_with_odd_scale_factors[at_random-9-weight_mask2]" time="0.001" /><testcase classname="mitiq.zne.scaling.tests.test_folding" name="test_create_fold_mask_with_odd_scale_factors[at_random-11-weight_mask0]" time="0.001" /><testcase classname="mitiq.zne.scaling.tests.test_folding" name="test_create_fold_mask_with_odd_scale_factors[at_random-11-weight_mask1]" time="0.002" /><testcase classname="mitiq.zne.scaling.tests.test_folding" name="test_create_fold_mask_with_odd_scale_factors[at_random-11-weight_mask2]" time="0.005" /><testcase classname="mitiq.zne.scaling.tests.test_folding" name="test_create_fold_mask_with_odd_scale_factors[from_left-1-weight_mask0]" time="0.002" /><testcase classname="mitiq.zne.scaling.tests.test_folding" name="test_create_fold_mask_with_odd_scale_factors[from_left-1-weight_mask1]" time="0.001" /><testcase classname="mitiq.zne.scaling.tests.test_folding" name="test_create_fold_mask_with_odd_scale_factors[from_left-1-weight_mask2]" time="0.001" /><testcase classname="mitiq.zne.scaling.tests.test_folding" name="test_create_fold_mask_with_odd_scale_factors[from_left-3-weight_mask0]" time="0.001" /><testcase classname="mitiq.zne.scaling.tests.test_folding" name="test_create_fold_mask_with_odd_scale_factors[from_left-3-weight_mask1]" time="0.001" /><testcase classname="mitiq.zne.scaling.tests.test_folding" name="test_create_fold_mask_with_odd_scale_factors[from_left-3-weight_mask2]" time="0.002" /><testcase classname="mitiq.zne.scaling.tests.test_folding" name="test_create_fold_mask_with_odd_scale_factors[from_left-5-weight_mask0]" time="0.003" /><testcase classname="mitiq.zne.scaling.tests.test_folding" name="test_create_fold_mask_with_odd_scale_factors[from_left-5-weight_mask1]" time="0.004" /><testcase classname="mitiq.zne.scaling.tests.test_folding" name="test_create_fold_mask_with_odd_scale_factors[from_left-5-weight_mask2]" time="0.003" /><testcase classname="mitiq.zne.scaling.tests.test_folding" name="test_create_fold_mask_with_odd_scale_factors[from_left-7-weight_mask0]" time="0.004" /><testcase classname="mitiq.zne.scaling.tests.test_folding" name="test_create_fold_mask_with_odd_scale_factors[from_left-7-weight_mask1]" time="0.003" /><testcase classname="mitiq.zne.scaling.tests.test_folding" name="test_create_fold_mask_with_odd_scale_factors[from_left-7-weight_mask2]" time="0.002" /><testcase classname="mitiq.zne.scaling.tests.test_folding" name="test_create_fold_mask_with_odd_scale_factors[from_left-9-weight_mask0]" time="0.001" /><testcase classname="mitiq.zne.scaling.tests.test_folding" name="test_create_fold_mask_with_odd_scale_factors[from_left-9-weight_mask1]" time="0.001" /><testcase classname="mitiq.zne.scaling.tests.test_folding" name="test_create_fold_mask_with_odd_scale_factors[from_left-9-weight_mask2]" time="0.001" /><testcase classname="mitiq.zne.scaling.tests.test_folding" name="test_create_fold_mask_with_odd_scale_factors[from_left-11-weight_mask0]" time="0.001" /><testcase classname="mitiq.zne.scaling.tests.test_folding" name="test_create_fold_mask_with_odd_scale_factors[from_left-11-weight_mask1]" time="0.001" /><testcase classname="mitiq.zne.scaling.tests.test_folding" name="test_create_fold_mask_with_odd_scale_factors[from_left-11-weight_mask2]" time="0.003" /><testcase classname="mitiq.zne.scaling.tests.test_folding" name="test_create_fold_mask_with_odd_scale_factors[from_right-1-weight_mask0]" time="0.002" /><testcase classname="mitiq.zne.scaling.tests.test_folding" name="test_create_fold_mask_with_odd_scale_factors[from_right-1-weight_mask1]" time="0.001" /><testcase classname="mitiq.zne.scaling.tests.test_folding" name="test_create_fold_mask_with_odd_scale_factors[from_right-1-weight_mask2]" time="0.002" /><testcase classname="mitiq.zne.scaling.tests.test_folding" name="test_create_fold_mask_with_odd_scale_factors[from_right-3-weight_mask0]" time="0.003" /><testcase classname="mitiq.zne.scaling.tests.test_folding" name="test_create_fold_mask_with_odd_scale_factors[from_right-3-weight_mask1]" time="0.001" /><testcase classname="mitiq.zne.scaling.tests.test_folding" name="test_create_fold_mask_with_odd_scale_factors[from_right-3-weight_mask2]" time="0.002" /><testcase classname="mitiq.zne.scaling.tests.test_folding" name="test_fold_local_with_fidelities[True-fold_gates_from_right]" time="0.260" /><testcase classname="mitiq.zne.scaling.tests.test_folding" name="test_create_fold_mask_with_odd_scale_factors[from_right-5-weight_mask0]" time="0.003" /><testcase classname="mitiq.zne.scaling.tests.test_folding" name="test_create_fold_mask_with_odd_scale_factors[from_right-5-weight_mask1]" time="0.001" /><testcase classname="mitiq.zne.scaling.tests.test_folding" name="test_create_fold_mask_with_odd_scale_factors[from_right-5-weight_mask2]" time="0.005" /><testcase classname="mitiq.zne.scaling.tests.test_folding" name="test_create_fold_mask_with_odd_scale_factors[from_right-7-weight_mask0]" time="0.002" /><testcase classname="mitiq.zne.scaling.tests.test_folding" name="test_create_fold_mask_with_odd_scale_factors[from_right-7-weight_mask1]" time="0.001" /><testcase classname="mitiq.zne.scaling.tests.test_folding" name="test_create_fold_mask_with_odd_scale_factors[from_right-7-weight_mask2]" time="0.001" /><testcase classname="mitiq.zne.scaling.tests.test_folding" name="test_create_fold_mask_with_odd_scale_factors[from_right-9-weight_mask0]" time="0.003" /><testcase classname="mitiq.zne.scaling.tests.test_folding" name="test_create_fold_mask_with_odd_scale_factors[from_right-9-weight_mask1]" time="0.001" /><testcase classname="mitiq.zne.scaling.tests.test_folding" name="test_create_fold_mask_with_odd_scale_factors[from_right-9-weight_mask2]" time="0.001" /><testcase classname="mitiq.zne.scaling.tests.test_folding" name="test_create_fold_mask_with_odd_scale_factors[from_right-11-weight_mask0]" time="0.001" /><testcase classname="mitiq.zne.scaling.tests.test_folding" name="test_create_fold_mask_with_odd_scale_factors[from_right-11-weight_mask1]" time="0.003" /><testcase classname="mitiq.zne.scaling.tests.test_folding" name="test_create_fold_mask_with_odd_scale_factors[from_right-11-weight_mask2]" time="0.001" /><testcase classname="mitiq.zne.scaling.tests.test_folding" name="test_create_fold_mask_with_real_scale_factors_from_left" time="0.001" /><testcase classname="mitiq.zne.scaling.tests.test_folding" name="test_create_fold_mask_with_real_scale_factors_from_right" time="0.003" /><testcase classname="mitiq.zne.scaling.tests.test_folding" name="test_create_fold_mask_with_real_scale_factors_at_random" time="0.007" /><testcase classname="mitiq.zne.scaling.tests.test_folding" name="test_create_fold_mask_approximates_well[at_random]" time="0.063" /><testcase classname="mitiq.zne.scaling.tests.test_folding" name="test_create_fold_mask_approximates_well[from_left]" time="0.070" /><testcase classname="mitiq.zne.scaling.tests.test_folding" name="test_create_fold_mask_approximates_well[from_right]" time="0.045" /><testcase classname="mitiq.zne.scaling.tests.test_folding" name="test_fold_global_with_qiskit_circuits" time="0.137" /><testcase classname="mitiq.zne.scaling.tests.test_folding" name="test_apply_fold_mask" time="0.047" /><testcase classname="mitiq.zne.scaling.tests.test_folding" name="test_fold_local_with_fidelities[True-fold_gates_at_random]" time="0.253" /><testcase classname="mitiq.zne.scaling.tests.test_folding" name="test_apply_fold_mask_wrong_size" time="0.001" /><testcase classname="mitiq.zne.scaling.tests.test_folding" name="test_apply_fold_mask_with_squash_moments_option" time="0.009" /><testcase classname="mitiq.zne.scaling.tests.test_folding" name="test_scaling_with_pyquil_retains_declarations[fold_gates_from_left]" time="0.031" /><testcase classname="mitiq.zne.scaling.tests.test_folding" name="test_fold_global_with_qiskit_circuits_and_idle_qubits" time="0.184" /><testcase classname="mitiq.zne.scaling.tests.test_folding" name="test_scaling_with_pyquil_retains_declarations[fold_gates_from_right]" time="0.003" /><testcase classname="mitiq.zne.scaling.tests.test_folding" name="test_scaling_with_pyquil_retains_declarations[fold_gates_at_random]" time="0.002" /><testcase classname="mitiq.zne.scaling.tests.test_folding" name="test_scaling_with_pyquil_retains_declarations[fold_global]" time="0.002" /><testcase classname="mitiq.zne.scaling.tests.test_identity_insertion" name="test_id_layers_whole_scale_factor[1]" time="0.006" /><testcase classname="mitiq.zne.scaling.tests.test_identity_insertion" name="test_id_layers_whole_scale_factor[2]" time="0.022" /><testcase classname="mitiq.zne.scaling.tests.test_identity_insertion" name="test_id_layers_whole_scale_factor[3]" time="0.003" /><testcase classname="mitiq.zne.scaling.tests.test_identity_insertion" name="test_id_layers_whole_scale_factor[4]" time="0.004" /><testcase classname="mitiq.zne.scaling.tests.test_identity_insertion" name="test_id_layers_whole_scale_factor[5]" time="0.009" /><testcase classname="mitiq.zne.scaling.tests.test_identity_insertion" name="test_id_layers_whole_scale_factor[6]" time="0.005" /><testcase classname="mitiq.zne.scaling.tests.test_identity_insertion" name="test_scale_with_intermediate_measurements_raises_error" time="0.001" /><testcase classname="mitiq.zne.scaling.tests.test_identity_insertion" name="test_scaling_with_terminal_measurement" time="0.002" /><testcase classname="mitiq.zne.scaling.tests.test_identity_insertion" name="test_calculate_id_layers_diff_scale_factor" time="0.001" /><testcase classname="mitiq.zne.scaling.tests.test_identity_insertion" name="test_compare_scale_factor[1]" time="0.001" /><testcase classname="mitiq.zne.scaling.tests.test_identity_insertion" name="test_compare_scale_factor[1.1]" time="0.002" /><testcase classname="mitiq.zne.scaling.tests.test_identity_insertion" name="test_compare_scale_factor[1.3]" time="0.003" /><testcase classname="mitiq.zne.scaling.tests.test_identity_insertion" name="test_compare_scale_factor[1.7]" time="0.002" /><testcase classname="mitiq.zne.scaling.tests.test_identity_insertion" name="test_compare_scale_factor[1.9]" time="0.002" /><testcase classname="mitiq.zne.scaling.tests.test_identity_insertion" name="test_compare_scale_factor[2]" time="0.003" /><testcase classname="mitiq.zne.scaling.tests.test_identity_insertion" name="test_compare_scale_factor[3.1]" time="0.003" /><testcase classname="mitiq.zne.scaling.tests.test_identity_insertion" name="test_compare_scale_factor[3.6]" time="0.003" /><testcase classname="mitiq.zne.scaling.tests.test_identity_insertion" name="test_compare_scale_factor[3.9]" time="0.002" /><testcase classname="mitiq.zne.scaling.tests.test_identity_insertion" name="test_compare_scale_factor[3]" time="0.003" /><testcase classname="mitiq.zne.scaling.tests.test_identity_insertion" name="test_compare_scale_factor[4]" time="0.004" /><testcase classname="mitiq.zne.scaling.tests.test_identity_insertion" name="test_compare_scale_factor[5]" time="0.001" /><testcase classname="mitiq.zne.scaling.tests.test_identity_insertion" name="test_compare_scale_factor[6]" time="0.001" /><testcase classname="mitiq.zne.scaling.tests.test_parameter" name="test_identity_scale_1q" time="0.002" /><testcase classname="mitiq.zne.scaling.tests.test_parameter" name="test_non_identity_scale_1q" time="0.001" /><testcase classname="mitiq.zne.scaling.tests.test_parameter" name="test_identity_scale_2q" time="0.001" /><testcase classname="mitiq.zne.scaling.tests.test_parameter" name="test_non_identity_scale_2q" time="0.001" /><testcase classname="mitiq.zne.scaling.tests.test_parameter" name="test_scale_with_measurement" time="0.005" /><testcase classname="mitiq.zne.scaling.tests.test_parameter" name="test_gate_type" time="0.001" /><testcase classname="mitiq.zne.scaling.tests.test_parameter" name="test_compute_parameter_variance" time="0.004" /><testcase classname="mitiq.zne.scaling.tests.test_parameter" name="test_generate_parameter_calibration_circuit" time="0.001" /><testcase classname="mitiq.zne.scaling.tests.test_folding" name="test_fold_local_with_fidelities[False-fold_gates_from_left]" time="0.004" /><testcase classname="mitiq.zne.scaling.tests.test_parameter" name="test_generate_parameter_calibration_circuit_failure" time="0.000" /><testcase classname="mitiq.zne.scaling.tests.test_folding" name="test_all_gates_folded_at_max_scale_with_fidelities[False-fold_gates_from_left]" time="0.006" /><testcase classname="mitiq.zne.tests.test_inference" name="test_noise_seeding[f_lin]" time="0.001" /><testcase classname="mitiq.zne.tests.test_inference" name="test_noise_seeding[f_non_lin]" time="0.001" /><testcase classname="mitiq.zne.tests.test_inference" name="test_get_scale_factors_static_factories[LinearFactory]" time="0.001" /><testcase classname="mitiq.zne.tests.test_inference" name="test_get_scale_factors_static_factories[RichardsonFactory]" time="0.001" /><testcase classname="mitiq.zne.scaling.tests.test_folding" name="test_all_gates_folded_at_max_scale_with_fidelities[False-fold_gates_from_right]" time="0.006" /><testcase classname="mitiq.zne.scaling.tests.test_folding" name="test_fold_left_squash_moments" time="0.019" /><testcase classname="mitiq.zne.tests.test_inference" name="test_get_scale_factors_static_factories[FakeNodesFactory]" time="0.003" /><testcase classname="mitiq.zne.tests.test_inference" name="test_get_scale_factors_static_factories[PolyFactory]" time="0.003" /><testcase classname="mitiq.zne.scaling.tests.test_folding" name="test_all_gates_folded_at_max_scale_with_fidelities[False-fold_gates_at_random]" time="0.005" /><testcase classname="mitiq.zne.scaling.tests.test_folding" name="test_fold_local_raises_error_with_bad_fidelities[fold_gates_from_left]" time="0.001" /><testcase classname="mitiq.zne.scaling.tests.test_folding" name="test_fold_local_raises_error_with_bad_fidelities[fold_gates_from_right]" time="0.002" /><testcase classname="mitiq.zne.scaling.tests.test_folding" name="test_fold_local_raises_error_with_bad_fidelities[fold_gates_at_random]" time="0.002" /><testcase classname="mitiq.zne.tests.test_inference" name="test_get_scale_factors_static_factories[ExpFactory]" time="0.001" /><testcase classname="mitiq.zne.tests.test_inference" name="test_get_scale_factors_static_factories[PolyExpFactory]" time="0.003" /><testcase classname="mitiq.zne.scaling.tests.test_folding" name="test_convert_from_mitiq_circuit_conversion_error[qiskit]" time="0.006" /><testcase classname="mitiq.zne.scaling.tests.test_folding" name="test_fold_local_with_fidelities[False-fold_gates_from_right]" time="0.004" /><testcase classname="mitiq.zne.scaling.tests.test_folding" name="test_fold_local_with_fidelities[False-fold_gates_at_random]" time="0.004" /><testcase classname="mitiq.zne.tests.test_inference" name="test_get_scale_factors_adaptive_factories[AdaExpFactory]" time="0.027" /><testcase classname="mitiq.zne.scaling.tests.test_folding" name="test_fold_local_with_single_qubit_gates_fidelity_one[True-fold_gates_from_left]" time="0.234" /><testcase classname="mitiq.zne.scaling.tests.test_folding" name="test_convert_from_mitiq_circuit_conversion_error[pyquil]" time="0.008" /><testcase classname="mitiq.zne.scaling.tests.test_folding" name="test_convert_qiskit_to_mitiq_circuit_conversion_error" time="0.258" /><testcase classname="mitiq.zne.tests.test_inference" name="test_get_expectation_values_static_factories[LinearFactory]" time="0.001" /><testcase classname="mitiq.zne.tests.test_inference" name="test_get_expectation_values_static_factories[RichardsonFactory]" time="0.001" /><testcase classname="mitiq.zne.tests.test_inference" name="test_get_expectation_values_static_factories[FakeNodesFactory]" time="0.001" /><testcase classname="mitiq.zne.tests.test_inference" name="test_get_expectation_values_static_factories[PolyFactory]" time="0.001" /><testcase classname="mitiq.zne.tests.test_inference" name="test_get_expectation_values_static_factories[ExpFactory]" time="0.004" /><testcase classname="mitiq.zne.tests.test_inference" name="test_get_expectation_values_static_factories[PolyExpFactory]" time="0.004" /><testcase classname="mitiq.zne.tests.test_inference" name="test_get_expectation_values_adaptive_factories[AdaExpFactory]" time="0.015" /><testcase classname="mitiq.zne.tests.test_inference" name="test_run_sequential_and_batched[True-LinearFactory]" time="0.001" /><testcase classname="mitiq.zne.tests.test_inference" name="test_run_sequential_and_batched[False-RichardsonFactory]" time="0.004" /><testcase classname="mitiq.zne.tests.test_inference" name="test_run_sequential_and_batched[False-FakeNodesFactory]" time="0.002" /><testcase classname="mitiq.zne.tests.test_inference" name="test_run_sequential_and_batched[False-PolyFactory]" time="0.001" /><testcase classname="mitiq.zne.tests.test_inference" name="test_run_sequential_and_batched[False-ExpFactory]" time="0.002" /><testcase classname="mitiq.zne.tests.test_inference" name="test_run_sequential_and_batched[False-PolyExpFactory]" time="0.003" /><testcase classname="mitiq.zne.tests.test_inference" name="test_richardson_extr[f_lin]" time="0.005" /><testcase classname="mitiq.zne.tests.test_inference" name="test_richardson_extr[f_non_lin]" time="0.005" /><testcase classname="mitiq.zne.tests.test_inference" name="test_fake_nodes_factory" time="0.011" /><testcase classname="mitiq.zne.tests.test_inference" name="test_fake_nodes_extrapolation" time="0.004" /><testcase classname="mitiq.zne.tests.test_inference" name="test_linear_extr" time="0.005" /><testcase classname="mitiq.zne.tests.test_inference" name="test_poly_extr" time="0.006" /><testcase classname="mitiq.zne.tests.test_inference" name="test_opt_params_poly_factory[2]" time="0.004" /><testcase classname="mitiq.zne.tests.test_inference" name="test_opt_params_poly_factory[3]" time="0.003" /><testcase classname="mitiq.zne.tests.test_inference" name="test_opt_params_poly_factory[4]" time="0.005" /><testcase classname="mitiq.zne.tests.test_inference" name="test_opt_params_poly_factory[5]" time="0.004" /><testcase classname="mitiq.zne.tests.test_inference" name="test_exp_factory_with_asympt[f_exp_down-False]" time="0.008" /><testcase classname="mitiq.zne.tests.test_inference" name="test_exp_factory_with_asympt[f_exp_down-True]" time="0.017" /><testcase classname="mitiq.zne.tests.test_inference" name="test_exp_factory_with_asympt[f_exp_up-False]" time="0.007" /><testcase classname="mitiq.zne.tests.test_inference" name="test_exp_factory_with_asympt[f_exp_up-True]" time="0.013" /><testcase classname="mitiq.zne.tests.test_inference" name="test_exp_factory_bad_asympt" time="0.001" /><testcase classname="mitiq.zne.tests.test_inference" name="test_exp_factory_no_asympt[f_exp_down]" time="0.022" /><testcase classname="mitiq.zne.scaling.tests.test_folding" name="test_fold_local_with_single_qubit_gates_fidelity_one[True-fold_gates_from_right]" time="0.193" /><testcase classname="mitiq.zne.tests.test_inference" name="test_exp_factory_no_asympt[f_exp_up]" time="0.023" /><testcase classname="mitiq.zne.tests.test_inference" name="test_poly_exp_factory_with_asympt[f_poly_exp_down-False]" time="0.007" /><testcase classname="mitiq.zne.tests.test_inference" name="test_poly_exp_factory_with_asympt[f_poly_exp_down-True]" time="0.018" /><testcase classname="mitiq.zne.scaling.tests.test_folding" name="test_convert_pyquil_to_mitiq_circuit_conversion_error" time="0.030" /><testcase classname="mitiq.zne.tests.test_inference" name="test_poly_exp_factory_with_asympt[f_poly_exp_up-False]" time="0.006" /><testcase classname="mitiq.zne.tests.test_inference" name="test_poly_exp_factory_with_asympt[f_poly_exp_up-True]" time="0.016" /><testcase classname="mitiq.zne.scaling.tests.test_folding" name="test_folding_circuit_conversion_error_qiskit[fold_gates_from_left]" time="0.018" /><testcase classname="mitiq.zne.tests.test_inference" name="test_poly_exp_factory_no_asympt[f_poly_exp_down]" time="0.033" /><testcase classname="mitiq.zne.tests.test_inference" name="test_run_sequential_and_batched[True-RichardsonFactory]" time="0.002" /><testcase classname="mitiq.zne.tests.test_inference" name="test_run_sequential_and_batched[True-FakeNodesFactory]" time="0.001" /><testcase classname="mitiq.zne.tests.test_inference" name="test_run_sequential_and_batched[True-PolyFactory]" time="0.001" /><testcase classname="mitiq.zne.tests.test_inference" name="test_run_sequential_and_batched[True-ExpFactory]" time="0.001" /><testcase classname="mitiq.zne.tests.test_inference" name="test_run_sequential_and_batched[True-PolyExpFactory]" time="0.001" /><testcase classname="mitiq.zne.tests.test_inference" name="test_run_sequential_and_batched[False-LinearFactory]" time="0.004" /><testcase classname="mitiq.zne.tests.test_inference" name="test_poly_exp_factory_no_asympt[f_poly_exp_up]" time="0.024" /><testcase classname="mitiq.zne.tests.test_inference" name="test_poly_exp_factory_converges_toward_asympt[exp_vals0-0.8]" time="0.008" /><testcase classname="mitiq.zne.tests.test_inference" name="test_poly_exp_factory_converges_toward_asympt[exp_vals0-1.0]" time="0.002" /><testcase classname="mitiq.zne.tests.test_inference" name="test_poly_exp_factory_converges_toward_asympt[exp_vals0-1.2]" time="0.002" /><testcase classname="mitiq.zne.tests.test_inference" name="test_poly_exp_factory_converges_toward_asympt[exp_vals1-0.0]" time="0.003" /><testcase classname="mitiq.zne.tests.test_inference" name="test_poly_exp_factory_converges_toward_asympt[exp_vals0-0.0]" time="0.004" /><testcase classname="mitiq.zne.tests.test_inference" name="test_poly_exp_factory_converges_toward_asympt[exp_vals1-0.2]" time="0.003" /><testcase classname="mitiq.zne.tests.test_inference" name="test_poly_exp_factory_converges_toward_asympt[exp_vals0-0.2]" time="0.003" /><testcase classname="mitiq.zne.tests.test_inference" name="test_poly_exp_factory_converges_toward_asympt[exp_vals1-0.4]" time="0.002" /><testcase classname="mitiq.zne.tests.test_inference" name="test_poly_exp_factory_converges_toward_asympt[exp_vals0-0.4]" time="0.008" /><testcase classname="mitiq.zne.tests.test_inference" name="test_poly_exp_factory_converges_toward_asympt[exp_vals1-0.6]" time="0.008" /><testcase classname="mitiq.zne.tests.test_inference" name="test_poly_exp_factory_converges_toward_asympt[exp_vals1-0.8]" time="0.007" /><testcase classname="mitiq.zne.tests.test_inference" name="test_poly_exp_factory_converges_toward_asympt[exp_vals0-0.6]" time="0.005" /><testcase classname="mitiq.zne.tests.test_inference" name="test_poly_exp_factory_converges_toward_asympt[exp_vals1-1.0]" time="0.004" /><testcase classname="mitiq.zne.tests.test_inference" name="test_ada_exp_factory_with_asympt[f_exp_down-False]" time="0.005" /><testcase classname="mitiq.zne.tests.test_inference" name="test_poly_exp_factory_converges_toward_asympt[exp_vals1-1.2]" time="0.003" /><testcase classname="mitiq.zne.tests.test_inference" name="test_ada_exp_factory_with_asympt[f_exp_down-True]" time="0.013" /><testcase classname="mitiq.zne.tests.test_inference" name="test_ada_exp_fac_with_asympt_more_steps[f_exp_down-False]" time="0.006" /><testcase classname="mitiq.zne.tests.test_inference" name="test_ada_exp_fac_with_asympt_more_steps[f_exp_down-True]" time="0.022" /><testcase classname="mitiq.zne.tests.test_inference" name="test_ada_exp_factory_with_asympt[f_exp_up-False]" time="0.009" /><testcase classname="mitiq.zne.scaling.tests.test_folding" name="test_fold_local_with_single_qubit_gates_fidelity_one[True-fold_gates_at_random]" time="0.238" /><testcase classname="mitiq.zne.tests.test_inference" name="test_ada_exp_factory_with_asympt[f_exp_up-True]" time="0.008" /><testcase classname="mitiq.zne.tests.test_inference" name="test_ada_exp_fac_with_asympt_more_steps[f_exp_up-False]" time="0.009" /><testcase classname="mitiq.zne.tests.test_inference" name="test_ada_exp_factory_no_asympt[f_exp_down]" time="0.008" /><testcase classname="mitiq.zne.tests.test_inference" name="test_ada_exp_factory_no_asympt[f_exp_up]" time="0.009" /><testcase classname="mitiq.zne.tests.test_inference" name="test_ada_exp_fac_with_asympt_more_steps[f_exp_up-True]" time="0.024" /><testcase classname="mitiq.zne.tests.test_inference" name="test_ada_exp_factory_no_asympt_more_steps[f_exp_down]" time="0.032" /><testcase classname="mitiq.zne.tests.test_inference" name="test_ada_exp_factory_bad_arguments" time="0.001" /><testcase classname="mitiq.zne.tests.test_inference" name="test_avoid_log_keyword" time="0.005" /><testcase classname="mitiq.zne.tests.test_inference" name="test_too_few_scale_factors[LinearFactory]" time="0.001" /><testcase classname="mitiq.zne.tests.test_inference" name="test_too_few_scale_factors[RichardsonFactory]" time="0.002" /><testcase classname="mitiq.zne.tests.test_inference" name="test_too_few_scale_factors[FakeNodesFactory]" time="0.002" /><testcase classname="mitiq.zne.tests.test_inference" name="test_order_is_too_high_for_scale_factors" time="0.001" /><testcase classname="mitiq.zne.tests.test_inference" name="test_ada_exp_factory_no_asympt_more_steps[f_exp_up]" time="0.031" /><testcase classname="mitiq.zne.tests.test_inference" name="test_too_few_points_for_polyfit_warning" time="0.005" /><testcase classname="mitiq.zne.tests.test_inference" name="test_failing_fit_error" time="0.051" /><testcase classname="mitiq.zne.tests.test_inference" name="test_failing_fit_warnings[fac0]" time="0.001" /><testcase classname="mitiq.zne.tests.test_inference" name="test_failing_fit_warnings[fac1]" time="0.002" /><testcase classname="mitiq.zne.tests.test_inference" name="test_adaptive_factory_max_iteration_warnings" time="0.001" /><testcase classname="mitiq.zne.tests.test_inference" name="test_iterate_with_shot_list[LinearFactory]" time="0.005" /><testcase classname="mitiq.zne.tests.test_inference" name="test_full_output_keyword_cov_std" time="0.003" /><testcase classname="mitiq.zne.tests.test_inference" name="test_params_cov_and_zne_std" time="0.003" /><testcase classname="mitiq.zne.tests.test_inference" name="test_execute_with_zne_fit_fail[LinearFactory]" time="0.001" /><testcase classname="mitiq.zne.tests.test_inference" name="test_iterate_with_shot_list[RichardsonFactory]" time="0.004" /><testcase classname="mitiq.zne.tests.test_inference" name="test_execute_with_zne_fit_fail[RichardsonFactory]" time="0.001" /><testcase classname="mitiq.zne.tests.test_inference" name="test_execute_with_zne_fit_fail[FakeNodesFactory]" time="0.001" /><testcase classname="mitiq.zne.tests.test_inference" name="test_get_methods_of_factories" time="0.003" /><testcase classname="mitiq.zne.tests.test_inference" name="test_shot_list_errors" time="0.003" /><testcase classname="mitiq.zne.tests.test_inference" name="test_push_after_already_reduced_warning" time="0.005" /><testcase classname="mitiq.zne.tests.test_inference" name="test_plot_data[LinearFactory]" time="0.227" /><testcase classname="mitiq.zne.tests.test_inference" name="test_full_output_keyword" time="0.004" /><testcase classname="mitiq.zne.tests.test_inference" name="test_plot_data_exp_factory[PolyExpFactory]" time="0.212" /><testcase classname="mitiq.zne.scaling.tests.test_folding" name="test_fold_local_with_single_qubit_gates_fidelity_one[False-fold_gates_from_left]" time="0.008" /><testcase classname="mitiq.zne.scaling.tests.test_folding" name="test_fold_local_with_single_qubit_gates_fidelity_one[False-fold_gates_from_right]" time="0.004" /><testcase classname="mitiq.zne.scaling.tests.test_folding" name="test_fold_local_with_single_qubit_gates_fidelity_one[False-fold_gates_at_random]" time="0.005" /><testcase classname="mitiq.zne.scaling.tests.test_folding" name="test_all_gates_folded_at_max_scale_with_fidelities[True-fold_gates_from_left]" time="0.282" /><testcase classname="mitiq.zne.tests.test_inference" name="test_plot_fit[LinearFactory]" time="0.032" /><testcase classname="mitiq.zne.tests.test_inference" name="test_plot_data[RichardsonFactory]" time="0.031" /><testcase classname="mitiq.zne.tests.test_inference" name="test_plot_data[PolyFactory]" time="0.031" /><testcase classname="mitiq.zne.tests.test_inference" name="test_plot_fit[RichardsonFactory]" time="0.030" /><testcase classname="mitiq.zne.tests.test_inference" name="test_plot_fit[PolyFactory]" time="0.033" /><testcase classname="mitiq.zne.tests.test_inference" name="test_plot_data_exp_factory[ExpFactory]" time="0.028" /><testcase classname="mitiq.zne.tests.test_inference" name="test_fakenodes_scale_factors_equally_spaced" time="0.001" /><testcase classname="mitiq.zne.tests.test_inference" name="test_plot_fit_exp_factory[ExpFactory]" time="0.036" /><testcase classname="mitiq.zne.tests.test_inference" name="test_map_to_fakenodes" time="0.000" /><testcase classname="mitiq.zne.tests.test_inference" name="test_short_circuit_warning[LinearFactory]" time="0.002" /><testcase classname="mitiq.zne.tests.test_inference" name="test_short_circuit_warning[RichardsonFactory]" time="0.001" /><testcase classname="mitiq.zne.tests.test_inference" name="test_short_circuit_warning[FakeNodesFactory]" time="0.001" /><testcase classname="mitiq.zne.tests.test_inference" name="test_short_circuit_warning[PolyFactory]" time="0.001" /><testcase classname="mitiq.zne.tests.test_inference" name="test_short_circuit_warning[ExpFactory]" time="0.001" /><testcase classname="mitiq.zne.tests.test_inference" name="test_short_circuit_warning[PolyExpFactory]" time="0.001" /><testcase classname="mitiq.zne.tests.test_inference" name="test_short_circuit_warning[AdaExpFactory]" time="0.006" /><testcase classname="mitiq.zne.tests.test_inference" name="test_extrapolate_raises_error_on_complex_expectation_values" time="0.001"><skipped type="pytest.xfail" message="cannot extrapolate complex values" /></testcase><testcase classname="mitiq.zne.tests.test_inference" name="test_plot_fit_exp_factory[PolyExpFactory]" time="0.042" /><testcase classname="mitiq.zne.scaling.tests.test_folding" name="test_all_gates_folded_at_max_scale_with_fidelities[True-fold_gates_from_right]" time="0.418" /><testcase classname="mitiq.zne.tests.test_zne" name="test_with_observable_adaptive_factory[sample_bitstrings]" time="17.189" /><testcase classname="mitiq.zne.scaling.tests.test_folding" name="test_all_gates_folded_at_max_scale_with_fidelities[True-fold_gates_at_random]" time="0.534" /><testcase classname="mitiq.zne.tests.test_zne" name="test_with_observable_batched_factory[sample_bitstrings]" time="21.230" /><testcase classname="mitiq.zne.tests.test_zne" name="test_with_observable_two_qubits[sample_bitstrings]" time="125.614" /><testcase classname="mitiq.cdr.tests.test_cdr" name="test_mitigated_execute_with_cdr[2-kwargs1-linear_fit_function-braket]" time="1.340" /><testcase classname="mitiq.cdr.tests.test_cdr" name="test_mitigated_execute_with_cdr[2-kwargs1-linear_fit_function-pennylane]" time="33.612" /><testcase classname="mitiq.pec.tests.test_pec" name="test_qiskit_noiseless_decomposition_multiqubit[2]" time="85.311" /><testcase classname="mitiq.zne.tests.test_zne" name="test_with_observable_adaptive_factory[compute_density_matrix]" time="3.556" /><testcase classname="mitiq.zne.tests.test_zne" name="test_execute_with_zne_no_noise[1-LinearFactory-fold_gates_from_left]" time="0.011" /><testcase classname="mitiq.zne.tests.test_zne" name="test_execute_with_zne_no_noise[1-LinearFactory-fold_gates_from_right]" time="0.010" /><testcase classname="mitiq.zne.tests.test_zne" name="test_execute_with_zne_no_noise[1-LinearFactory-fold_gates_at_random]" time="0.011" /><testcase classname="mitiq.zne.tests.test_zne" name="test_execute_with_zne_no_noise[1-LinearFactory-insert_id_layers]" time="0.007" /><testcase classname="mitiq.zne.tests.test_zne" name="test_execute_with_zne_no_noise[1-RichardsonFactory-fold_gates_from_left]" time="0.008" /><testcase classname="mitiq.zne.tests.test_zne" name="test_execute_with_zne_no_noise[1-RichardsonFactory-fold_gates_from_right]" time="0.009" /><testcase classname="mitiq.zne.tests.test_zne" name="test_execute_with_zne_no_noise[1-RichardsonFactory-fold_gates_at_random]" time="0.010" /><testcase classname="mitiq.zne.tests.test_zne" name="test_execute_with_zne_no_noise[1-RichardsonFactory-insert_id_layers]" time="0.007" /><testcase classname="mitiq.cdr.tests.test_cdr" name="test_mitigated_execute_with_cdr[5-kwargs1-linear_fit_function-braket]" time="1.454" /><testcase classname="mitiq.zne.tests.test_zne" name="test_execute_with_zne_no_noise[2-LinearFactory-fold_gates_from_left]" time="0.014" /><testcase classname="mitiq.zne.tests.test_zne" name="test_execute_with_zne_no_noise[2-LinearFactory-fold_gates_from_right]" time="0.014" /><testcase classname="mitiq.zne.tests.test_zne" name="test_execute_with_zne_no_noise[2-LinearFactory-fold_gates_at_random]" time="0.014" /><testcase classname="mitiq.zne.tests.test_zne" name="test_execute_with_zne_no_noise[2-LinearFactory-insert_id_layers]" time="0.010" /><testcase classname="mitiq.zne.tests.test_zne" name="test_execute_with_zne_no_noise[2-RichardsonFactory-fold_gates_from_left]" time="0.015" /><testcase classname="mitiq.zne.tests.test_zne" name="test_execute_with_zne_no_noise[2-RichardsonFactory-fold_gates_from_right]" time="0.013" /><testcase classname="mitiq.zne.tests.test_zne" name="test_execute_with_zne_no_noise[2-RichardsonFactory-fold_gates_at_random]" time="0.014" /><testcase classname="mitiq.zne.tests.test_zne" name="test_execute_with_zne_no_noise[2-RichardsonFactory-insert_id_layers]" time="0.012" /><testcase classname="mitiq.zne.tests.test_zne" name="test_execute_with_zne_no_noise[5-LinearFactory-fold_gates_from_left]" time="0.030" /><testcase classname="mitiq.zne.tests.test_zne" name="test_execute_with_zne_no_noise[5-LinearFactory-fold_gates_from_right]" time="0.029" /><testcase classname="mitiq.zne.tests.test_zne" name="test_execute_with_zne_no_noise[5-LinearFactory-fold_gates_at_random]" time="0.031" /><testcase classname="mitiq.zne.tests.test_zne" name="test_execute_with_zne_no_noise[5-LinearFactory-insert_id_layers]" time="0.022" /><testcase classname="mitiq.zne.tests.test_zne" name="test_execute_with_zne_no_noise[5-RichardsonFactory-fold_gates_from_left]" time="0.030" /><testcase classname="mitiq.zne.tests.test_zne" name="test_execute_with_zne_no_noise[5-RichardsonFactory-fold_gates_from_right]" time="0.029" /><testcase classname="mitiq.zne.tests.test_zne" name="test_execute_with_zne_no_noise[5-RichardsonFactory-fold_gates_at_random]" time="0.031" /><testcase classname="mitiq.zne.tests.test_zne" name="test_execute_with_zne_no_noise[5-RichardsonFactory-insert_id_layers]" time="0.022" /><testcase classname="mitiq.zne.tests.test_zne" name="test_averaging_improves_zne_value_with_fake_noise[fold_gates_from_left-LinearFactory]" time="0.334" /><testcase classname="mitiq.zne.tests.test_zne" name="test_averaging_improves_zne_value_with_fake_noise[fold_gates_from_left-RichardsonFactory]" time="0.331" /><testcase classname="mitiq.zne.tests.test_zne" name="test_with_observable_batched_factory[compute_density_matrix]" time="3.529" /><testcase classname="mitiq.zne.tests.test_zne" name="test_averaging_improves_zne_value_with_fake_noise[fold_gates_from_right-LinearFactory]" time="0.326" /><testcase classname="mitiq.zne.tests.test_zne" name="test_averaging_improves_zne_value_with_fake_noise[fold_gates_at_random-LinearFactory]" time="0.340" /><testcase classname="mitiq.cdr.tests.test_cdr" name="test_mitigated_execute_with_cdr[5-kwargs1-linear_fit_function-pennylane]" time="29.800" /><testcase classname="mitiq.zne.tests.test_zne" name="test_averaging_improves_zne_value_with_fake_noise[fold_gates_at_random-RichardsonFactory]" time="0.333" /><testcase classname="mitiq.zne.tests.test_zne" name="test_averaging_improves_zne_value_with_fake_noise[insert_id_layers-LinearFactory]" time="0.237" /><testcase classname="mitiq.zne.tests.test_zne" name="test_averaging_improves_zne_value_with_fake_noise[insert_id_layers-RichardsonFactory]" time="0.238" /><testcase classname="mitiq.zne.tests.test_zne" name="test_execute_with_zne_bad_arguments" time="0.001" /><testcase classname="mitiq.zne.tests.test_zne" name="test_error_zne_decorator" time="0.001" /><testcase classname="mitiq.zne.tests.test_zne" name="test_doc_is_preserved" time="0.001" /><testcase classname="mitiq.zne.tests.test_zne" name="test_qiskit_execute_with_zne" time="23.943" /><testcase classname="mitiq.zne.tests.test_zne" name="test_averaging_improves_zne_value_with_fake_noise[fold_gates_from_right-RichardsonFactory]" time="0.420" /><testcase classname="mitiq.zne.tests.test_zne" name="test_qiskit_zne_decorator" time="23.754" /><testcase classname="mitiq.cdr.tests.test_cdr" name="test_mitigated_execute_with_cdr[1-kwargs0-linear_fit_function_no_intercept-braket]" time="1.042" /><testcase classname="mitiq.cdr.tests.test_cdr" name="test_mitigated_execute_with_cdr[1-kwargs0-linear_fit_function_no_intercept-pennylane]" time="28.091" /><testcase classname="mitiq.cdr.tests.test_cdr" name="test_mitigated_execute_with_cdr[2-kwargs1-linear_fit_function_no_intercept-cirq]" time="0.668" /><testcase classname="mitiq.cdr.tests.test_cdr" name="test_mitigated_execute_with_cdr[2-kwargs1-linear_fit_function_no_intercept-pyquil]" time="1.609" /><testcase classname="mitiq.cdr.tests.test_cdr" name="test_mitigated_execute_with_cdr[2-kwargs1-linear_fit_function_no_intercept-qiskit]" time="26.715" /><testcase classname="mitiq.zne.tests.test_zne" name="test_qiskit_mitigate_executor" time="83.620" /><testcase classname="mitiq.zne.tests.test_zne" name="test_qiskit_run_factory_with_number_of_shots" time="39.821" /><testcase classname="mitiq.cdr.tests.test_cdr" name="test_mitigated_execute_with_cdr[5-kwargs1-linear_fit_function_no_intercept-cirq]" time="0.616" /><testcase classname="mitiq.cdr.tests.test_cdr" name="test_mitigated_execute_with_cdr[5-kwargs1-linear_fit_function_no_intercept-pyquil]" time="1.621" /><testcase classname="mitiq.cdr.tests.test_cdr" name="test_mitigated_execute_with_cdr[5-kwargs1-linear_fit_function_no_intercept-qiskit]" time="26.663" /><testcase classname="mitiq.cdr.tests.test_cdr" name="test_mitigated_execute_with_cdr[1-kwargs1-linear_fit_function-cirq]" time="0.576" /><testcase classname="mitiq.cdr.tests.test_cdr" name="test_mitigated_execute_with_cdr[1-kwargs1-linear_fit_function-pyquil]" time="1.427" /><testcase classname="mitiq.cdr.tests.test_cdr" name="test_mitigated_execute_with_cdr[1-kwargs1-linear_fit_function-qiskit]" time="26.097" /><testcase classname="mitiq.cdr.tests.test_cdr" name="test_mitigated_execute_with_cdr[2-kwargs1-linear_fit_function_no_intercept-braket]" time="1.010" /><testcase classname="mitiq.cdr.tests.test_cdr" name="test_mitigated_execute_with_cdr[2-kwargs1-linear_fit_function_no_intercept-pennylane]" time="28.654" /><testcase classname="mitiq.cdr.tests.test_cdr" name="test_mitigated_execute_with_cdr[5-kwargs1-linear_fit_function_no_intercept-braket]" time="1.159" /><testcase classname="mitiq.cdr.tests.test_cdr" name="test_mitigated_execute_with_cdr[5-kwargs1-linear_fit_function_no_intercept-pennylane]" time="25.986" /><testcase classname="mitiq.cdr.tests.test_cdr" name="test_mitigated_execute_with_cdr[1-kwargs1-linear_fit_function-braket]" time="0.927" /><testcase classname="mitiq.cdr.tests.test_cdr" name="test_mitigated_execute_with_cdr[1-kwargs1-linear_fit_function-pennylane]" time="24.325" /><testcase classname="mitiq.zne.tests.test_zne" name="test_qiskit_measurement_order_is_preserved_single_register[order0]" time="0.085" /><testcase classname="mitiq.zne.tests.test_zne" name="test_qiskit_measurement_order_is_preserved_single_register[order1]" time="0.082" /><testcase classname="mitiq.zne.tests.test_zne" name="test_qiskit_measurement_order_is_preserved_single_register[order2]" time="0.083" /><testcase classname="mitiq.zne.tests.test_zne" name="test_qiskit_measurement_order_is_preserved_single_register[order3]" time="0.083" /><testcase classname="mitiq.zne.tests.test_zne" name="test_qiskit_measurement_order_is_preserved_two_registers" time="0.087" /><testcase classname="mitiq.zne.tests.test_zne" name="test_execute_with_zne_with_supported_circuits[cirq]" time="0.078" /><testcase classname="mitiq.zne.tests.test_zne" name="test_execute_with_zne_with_supported_circuits[pyquil]" time="0.155" /><testcase classname="mitiq.zne.tests.test_zne" name="test_execute_with_zne_with_supported_circuits[qiskit]" time="0.569" /><testcase classname="mitiq.zne.tests.test_zne" name="test_execute_with_zne_with_supported_circuits[braket]" time="0.090" /><testcase classname="mitiq.zne.tests.test_zne" name="test_execute_with_zne_with_supported_circuits[pennylane]" time="0.456" /><testcase classname="mitiq.zne.tests.test_zne" name="test_execute_with_zne_transpiled_qiskit_circuit" time="1.031" /><testcase classname="mitiq.pec.tests.test_pec" name="test_execute_with_pec_mitigates_noise[cirq-serial_executor-circuit0]" time="0.095" /><testcase classname="mitiq.pec.tests.test_pec" name="test_execute_with_pec_mitigates_noise[cirq-serial_executor-circuit1]" time="0.137" /><testcase classname="mitiq.pec.tests.test_pec" name="test_execute_with_pec_mitigates_noise[cirq-batched_executor-circuit0]" time="0.058" /><testcase classname="mitiq.pec.tests.test_pec" name="test_execute_with_pec_mitigates_noise[cirq-batched_executor-circuit1]" time="0.139" /><testcase classname="mitiq.pec.tests.test_pec" name="test_execute_with_pec_mitigates_noise[pyquil-serial_executor-circuit0]" time="0.158" /><testcase classname="mitiq.pec.tests.test_pec" name="test_execute_with_pec_mitigates_noise[pyquil-serial_executor-circuit1]" time="0.289" /><testcase classname="mitiq.pec.tests.test_pec" name="test_execute_with_pec_mitigates_noise[pyquil-batched_executor-circuit0]" time="0.181" /><testcase classname="mitiq.pec.tests.test_pec" name="test_execute_with_pec_mitigates_noise[pyquil-batched_executor-circuit1]" time="0.291" /><testcase classname="mitiq.pec.tests.test_pec" name="test_execute_with_pec_mitigates_noise[qiskit-serial_executor-circuit0]" time="0.212" /><testcase classname="mitiq.pec.tests.test_pec" name="test_execute_with_pec_mitigates_noise[qiskit-serial_executor-circuit1]" time="0.449" /><testcase classname="mitiq.pec.tests.test_pec" name="test_execute_with_pec_mitigates_noise[qiskit-batched_executor-circuit0]" time="0.191" /><testcase classname="mitiq.pec.tests.test_pec" name="test_execute_with_pec_mitigates_noise[qiskit-batched_executor-circuit1]" time="0.277" /><testcase classname="mitiq.pec.tests.test_pec" name="test_execute_with_pec_mitigates_noise[braket-serial_executor-circuit0]" time="0.103" /><testcase classname="mitiq.pec.tests.test_pec" name="test_execute_with_pec_mitigates_noise[braket-serial_executor-circuit1]" time="0.236" /><testcase classname="mitiq.pec.tests.test_pec" name="test_execute_with_pec_mitigates_noise[braket-batched_executor-circuit0]" time="0.116" /><testcase classname="mitiq.pec.tests.test_pec" name="test_execute_with_pec_mitigates_noise[braket-batched_executor-circuit1]" time="0.201" /><testcase classname="mitiq.pec.tests.test_pec" name="test_execute_with_pec_mitigates_noise[pennylane-serial_executor-circuit0]" time="0.207" /><testcase classname="mitiq.cdr.tests.test_cdr" name="test_mitigated_execute_with_cdr[3-kwargs0-linear_fit_function-cirq]" time="0.341" /><testcase classname="mitiq.cdr.tests.test_cdr" name="test_mitigated_execute_with_cdr[3-kwargs0-linear_fit_function-pyquil]" time="1.053" /><testcase classname="mitiq.cdr.tests.test_cdr" name="test_mitigated_execute_with_cdr[3-kwargs0-linear_fit_function-qiskit]" time="21.514" /><testcase classname="mitiq.cdr.tests.test_cdr" name="test_execute_with_variable_noise_cdr[cirq]" time="0.155" /><testcase classname="mitiq.cdr.tests.test_cdr" name="test_execute_with_variable_noise_cdr[pyquil]" time="0.434" /><testcase classname="mitiq.cdr.tests.test_cdr" name="test_execute_with_variable_noise_cdr[qiskit]" time="5.346" /><testcase classname="mitiq.cdr.tests.test_cdr" name="test_mitigated_execute_with_cdr[1-kwargs1-linear_fit_function_no_intercept-cirq]" time="0.462" /><testcase classname="mitiq.cdr.tests.test_cdr" name="test_mitigated_execute_with_cdr[1-kwargs1-linear_fit_function_no_intercept-pyquil]" time="1.136" /><testcase classname="mitiq.pec.tests.test_pec" name="test_mitigate_executor_cirq" time="0.032" /><testcase classname="mitiq.pec.tests.test_pec" name="test_pec_decorator_cirq" time="2.014" /><testcase classname="mitiq.cdr.tests.test_cdr" name="test_mitigated_execute_with_cdr[1-kwargs1-linear_fit_function_no_intercept-qiskit]" time="19.509" /><testcase classname="mitiq.cdr.tests.test_cdr" name="test_execute_with_variable_noise_cdr[braket]" time="0.289" /><testcase classname="mitiq.cdr.tests.test_cdr" name="test_execute_with_variable_noise_cdr[pennylane]" time="5.784" /><testcase classname="mitiq.pec.tests.test_pec" name="test_mitigate_executor_pyquil" time="0.034" /><testcase classname="mitiq.pec.tests.test_pec" name="test_pec_decorator_pyquil" time="2.789" /><testcase classname="mitiq.pec.tests.test_pec" name="test_doc_is_preserved" time="0.021" /><testcase classname="mitiq.pec.tests.test_pec" name="test_executed_circuits_have_the_expected_type[cirq]" time="0.005" /><testcase classname="mitiq.pec.tests.test_pec" name="test_executed_circuits_have_the_expected_type[pyquil]" time="0.007" /><testcase classname="mitiq.pec.tests.test_pec" name="test_executed_circuits_have_the_expected_type[qiskit]" time="0.267" /><testcase classname="mitiq.pec.tests.test_pec" name="test_executed_circuits_have_the_expected_type[braket]" time="0.005" /><testcase classname="mitiq.pec.tests.test_pec" name="test_executed_circuits_have_the_expected_type[pennylane]" time="0.432" /><testcase classname="mitiq.pec.tests.test_pec_sampling" name="test_sample_sequence_cirq" time="0.008" /><testcase classname="mitiq.pec.tests.test_pec_sampling" name="test_sample_sequence_qiskit" time="0.129" /><testcase classname="mitiq.pec.tests.test_pec_sampling" name="test_sample_sequence_pyquil" time="0.023" /><testcase classname="mitiq.pec.tests.test_pec_sampling" name="test_sample_sequence_cirq_random_state[1]" time="0.023" /><testcase classname="mitiq.pec.tests.test_pec_sampling" name="test_sample_sequence_cirq_random_state[2]" time="0.024" /><testcase classname="mitiq.pec.tests.test_pec_sampling" name="test_sample_sequence_cirq_random_state[3]" time="0.022" /><testcase classname="mitiq.pec.tests.test_pec_sampling" name="test_sample_sequence_cirq_random_state[5]" time="0.023" /><testcase classname="mitiq.pec.tests.test_pec_sampling" name="test_qubit_independent_representation_cirq" time="0.008" /><testcase classname="mitiq.pec.tests.test_pec_sampling" name="test_qubit_independent_representation_qiskit" time="0.502" /><testcase classname="mitiq.pec.tests.test_pec_sampling" name="test_qubit_independent_representation_pyquil" time="0.042" /><testcase classname="mitiq.pec.tests.test_pec_sampling" name="test_sample_sequence_no_representation[reps0]" time="0.003" /><testcase classname="mitiq.pec.tests.test_pec_sampling" name="test_sample_sequence_no_representation[reps1]" time="0.003" /><testcase classname="mitiq.pec.tests.test_pec_sampling" name="test_sample_circuit_cirq[True]" time="0.086" /><testcase classname="mitiq.pec.tests.test_pec_sampling" name="test_sample_circuit_cirq[False]" time="0.070" /><testcase classname="mitiq.pec.tests.test_pec_sampling" name="test_sample_circuit_partial_representations" time="0.013" /><testcase classname="mitiq.pec.tests.test_pec_sampling" name="test_sample_circuit_pyquil" time="0.144" /><testcase classname="mitiq.pec.tests.test_pec_sampling" name="test_sample_circuit_with_seed" time="0.082" /><testcase classname="mitiq.pec.tests.test_pec_sampling" name="test_sample_circuit_trivial_decomposition" time="0.003" /><testcase classname="mitiq.cdr.tests.test_cdr" name="test_mitigate_executor_with_variable_noise_cdr[cirq]" time="0.160" /><testcase classname="mitiq.cdr.tests.test_cdr" name="test_mitigate_executor_with_variable_noise_cdr[pyquil]" time="0.386" /><testcase classname="mitiq.cdr.tests.test_cdr" name="test_mitigate_executor_with_variable_noise_cdr[qiskit]" time="4.792" /><testcase classname="mitiq.cdr.tests.test_cdr" name="test_mitigated_execute_with_cdr[3-kwargs0-linear_fit_function-braket]" time="0.599" /><testcase classname="mitiq.cdr.tests.test_cdr" name="test_mitigated_execute_with_cdr[3-kwargs0-linear_fit_function-pennylane]" time="18.941" /><testcase classname="mitiq.cdr.tests.test_cdr" name="test_mitigate_executor_with_variable_noise_cdr[braket]" time="0.255" /><testcase classname="mitiq.cdr.tests.test_cdr" name="test_mitigate_executor_with_variable_noise_cdr[pennylane]" time="5.401" /><testcase classname="mitiq.zne.tests.test_zne" name="test_with_observable_two_qubits[compute_density_matrix]" time="12.967" /><testcase classname="mitiq.zne.tests.test_zne" name="test_qiskit_mitigate_executor_with_shot_list" time="25.844" /><testcase classname="mitiq.cdr.tests.test_cdr" name="test_no_num_fit_parameters_with_custom_fit_raises_error" time="0.003" /><testcase classname="mitiq.cdr.tests.test_cdr" name="test_no_num_fit_parameters_mitigate_executor_raises_error" time="0.002" /><testcase classname="mitiq.cdr.tests.test_cdr" name="test_execute_with_cdr_using_clifford_circuit" time="0.005" /><testcase classname="mitiq.cdr.tests.test_cdr" name="test_mitigate_executor_with_cdr_using_clifford_circuit" time="0.004" /><testcase classname="mitiq.cdr.tests.test_clifford_training_data" name="test_generate_training_circuits" time="0.008" /><testcase classname="mitiq.cdr.tests.test_clifford_training_data" name="test_generate_training_circuits_any_qprogram[cirq]" time="0.007" /><testcase classname="mitiq.cdr.tests.test_clifford_training_data" name="test_generate_training_circuits_any_qprogram[pyquil]" time="0.012" /><testcase classname="mitiq.cdr.tests.test_clifford_training_data" name="test_generate_training_circuits_any_qprogram[qiskit]" time="0.176" /><testcase classname="mitiq.cdr.tests.test_clifford_training_data" name="test_generate_training_circuits_any_qprogram[braket]" time="0.014" /><testcase classname="mitiq.cdr.tests.test_clifford_training_data" name="test_generate_training_circuits_any_qprogram[pennylane]" time="0.178" /><testcase classname="mitiq.cdr.tests.test_clifford_training_data" name="test_select_all[uniform]" time="0.001" /><testcase classname="mitiq.cdr.tests.test_clifford_training_data" name="test_select_all[gaussian]" time="0.002" /><testcase classname="mitiq.cdr.tests.test_clifford_training_data" name="test_select_some[uniform]" time="0.001" /><testcase classname="mitiq.cdr.tests.test_clifford_training_data" name="test_select_some[gaussian]" time="0.003" /><testcase classname="mitiq.cdr.tests.test_clifford_training_data" name="test_select_bad_method" time="0.001" /><testcase classname="mitiq.cdr.tests.test_clifford_training_data" name="test_replace[closest]" time="0.001" /><testcase classname="mitiq.cdr.tests.test_clifford_training_data" name="test_replace[uniform]" time="0.003" /><testcase classname="mitiq.cdr.tests.test_clifford_training_data" name="test_replace[gaussian]" time="0.002" /><testcase classname="mitiq.cdr.tests.test_clifford_training_data" name="test_map_to_near_clifford" time="0.001" /><testcase classname="mitiq.cdr.tests.test_clifford_training_data" name="test_generate_training_circuits_bad_methods" time="0.002" /><testcase classname="mitiq.cdr.tests.test_clifford_training_data" name="test_generate_training_circuits_with_clifford_circuit" time="0.001" /><testcase classname="mitiq.cdr.tests.test_clifford_training_data" name="test_generate_training_circuits_mega[kwargs0-uniform-uniform]" time="0.024" /><testcase classname="mitiq.cdr.tests.test_clifford_training_data" name="test_generate_training_circuits_mega[kwargs0-uniform-gaussian]" time="0.072" /><testcase classname="mitiq.cdr.tests.test_cdr" name="test_mitigated_execute_with_cdr[1-kwargs1-linear_fit_function_no_intercept-braket]" time="0.584" /><testcase classname="mitiq.cdr.tests.test_cdr" name="test_mitigated_execute_with_cdr[3-kwargs0-linear_fit_function_no_intercept-cirq]" time="0.236" /><testcase classname="mitiq.cdr.tests.test_cdr" name="test_mitigated_execute_with_cdr[3-kwargs0-linear_fit_function_no_intercept-pyquil]" time="0.752" /><testcase classname="mitiq.cdr.tests.test_cdr" name="test_mitigated_execute_with_cdr[3-kwargs0-linear_fit_function_no_intercept-qiskit]" time="15.837" /><testcase classname="mitiq.cdr.tests.test_cdr" name="test_mitigated_execute_with_cdr[3-kwargs0-linear_fit_function_no_intercept-braket]" time="0.482" /><testcase classname="mitiq.cdr.tests.test_cdr" name="test_mitigated_execute_with_cdr[3-kwargs0-linear_fit_function_no_intercept-pennylane]" time="16.624" /><testcase classname="mitiq.cdr.tests.test_cdr" name="test_mitigated_execute_with_cdr[3-kwargs1-linear_fit_function-cirq]" time="0.330" /><testcase classname="mitiq.cdr.tests.test_cdr" name="test_mitigated_execute_with_cdr[3-kwargs1-linear_fit_function-pyquil]" time="0.836" /><testcase classname="mitiq.cdr.tests.test_cdr" name="test_mitigated_execute_with_cdr[3-kwargs1-linear_fit_function-qiskit]" time="15.521" /><testcase classname="mitiq.cdr.tests.test_cdr" name="test_mitigated_execute_with_cdr[3-kwargs1-linear_fit_function-braket]" time="0.604" /><testcase classname="mitiq.cdr.tests.test_cdr" name="test_mitigated_execute_with_cdr[3-kwargs1-linear_fit_function-pennylane]" time="16.642" /><testcase classname="mitiq.cdr.tests.test_cdr" name="test_mitigated_execute_with_cdr[3-kwargs1-linear_fit_function_no_intercept-cirq]" time="0.436" /><testcase classname="mitiq.cdr.tests.test_cdr" name="test_mitigated_execute_with_cdr[3-kwargs1-linear_fit_function_no_intercept-pyquil]" time="0.817" /><testcase classname="mitiq.cdr.tests.test_cdr" name="test_mitigated_execute_with_cdr[3-kwargs1-linear_fit_function_no_intercept-qiskit]" time="15.343" /><testcase classname="mitiq.cdr.tests.test_cdr" name="test_mitigated_execute_with_cdr[3-kwargs1-linear_fit_function_no_intercept-braket]" time="0.714" /><testcase classname="mitiq.cdr.tests.test_cdr" name="test_mitigated_execute_with_cdr[3-kwargs1-linear_fit_function_no_intercept-pennylane]" time="16.459" /><testcase classname="mitiq.cdr.tests.test_cdr" name="test_mitigated_execute_with_cdr[4-kwargs0-linear_fit_function-cirq]" time="0.217" /><testcase classname="mitiq.cdr.tests.test_cdr" name="test_mitigated_execute_with_cdr[4-kwargs0-linear_fit_function-pyquil]" time="0.707" /><testcase classname="mitiq.cdr.tests.test_cdr" name="test_mitigated_execute_with_cdr[4-kwargs0-linear_fit_function-qiskit]" time="14.785" /><testcase classname="mitiq.cdr.tests.test_cdr" name="test_mitigated_execute_with_cdr[4-kwargs0-linear_fit_function-braket]" time="0.482" /><testcase classname="mitiq.cdr.tests.test_cdr" name="test_mitigated_execute_with_cdr[4-kwargs0-linear_fit_function-pennylane]" time="15.918" /><testcase classname="mitiq.cdr.tests.test_cdr" name="test_mitigated_execute_with_cdr[4-kwargs0-linear_fit_function_no_intercept-cirq]" time="0.215" /><testcase classname="mitiq.cdr.tests.test_cdr" name="test_mitigated_execute_with_cdr[4-kwargs0-linear_fit_function_no_intercept-pyquil]" time="0.708" /><testcase classname="mitiq.cdr.tests.test_cdr" name="test_mitigated_execute_with_cdr[4-kwargs0-linear_fit_function_no_intercept-qiskit]" time="14.938" /><testcase classname="mitiq.cdr.tests.test_cdr" name="test_mitigated_execute_with_cdr[4-kwargs0-linear_fit_function_no_intercept-braket]" time="0.479" /><testcase classname="mitiq.cdr.tests.test_cdr" name="test_mitigated_execute_with_cdr[4-kwargs0-linear_fit_function_no_intercept-pennylane]" time="15.886" /><testcase classname="mitiq.cdr.tests.test_cdr" name="test_mitigated_execute_with_cdr[4-kwargs1-linear_fit_function-cirq]" time="0.285" /><testcase classname="mitiq.cdr.tests.test_cdr" name="test_mitigated_execute_with_cdr[4-kwargs1-linear_fit_function-pyquil]" time="0.762" /><testcase classname="mitiq.cdr.tests.test_cdr" name="test_mitigated_execute_with_cdr[4-kwargs1-linear_fit_function-qiskit]" time="14.381" /><testcase classname="mitiq.cdr.tests.test_cdr" name="test_mitigated_execute_with_cdr[4-kwargs1-linear_fit_function-braket]" time="0.530" /><testcase classname="mitiq.cdr.tests.test_cdr" name="test_mitigated_execute_with_cdr[4-kwargs1-linear_fit_function-pennylane]" time="15.648" /><testcase classname="mitiq.cdr.tests.test_cdr" name="test_mitigated_execute_with_cdr[4-kwargs1-linear_fit_function_no_intercept-cirq]" time="0.294" /></testsuite></testsuites>
